Component: ARM Compiler 5.06 update 7 (build 960) Tool: armlink [4d3601]

==============================================================================

Section Cross References

    startup_stm32f103xe.o(STACK) refers (Special) to heapauxi.o(.text) for __use_two_region_memory
    startup_stm32f103xe.o(HEAP) refers (Special) to heapauxi.o(.text) for __use_two_region_memory
    startup_stm32f103xe.o(RESET) refers (Special) to heapauxi.o(.text) for __use_two_region_memory
    startup_stm32f103xe.o(RESET) refers to startup_stm32f103xe.o(STACK) for __initial_sp
    startup_stm32f103xe.o(RESET) refers to startup_stm32f103xe.o(.text) for Reset_Handler
    startup_stm32f103xe.o(RESET) refers to stm32f1xx_it.o(i.NMI_Handler) for NMI_Handler
    startup_stm32f103xe.o(RESET) refers to stm32f1xx_it.o(i.HardFault_Handler) for HardFault_Handler
    startup_stm32f103xe.o(RESET) refers to stm32f1xx_it.o(i.MemManage_Handler) for MemManage_Handler
    startup_stm32f103xe.o(RESET) refers to stm32f1xx_it.o(i.BusFault_Handler) for BusFault_Handler
    startup_stm32f103xe.o(RESET) refers to stm32f1xx_it.o(i.UsageFault_Handler) for UsageFault_Handler
    startup_stm32f103xe.o(RESET) refers to stm32f1xx_it.o(i.SVC_Handler) for SVC_Handler
    startup_stm32f103xe.o(RESET) refers to stm32f1xx_it.o(i.DebugMon_Handler) for DebugMon_Handler
    startup_stm32f103xe.o(RESET) refers to stm32f1xx_it.o(i.PendSV_Handler) for PendSV_Handler
    startup_stm32f103xe.o(RESET) refers to stm32f1xx_it.o(i.SysTick_Handler) for SysTick_Handler
    startup_stm32f103xe.o(.text) refers (Special) to heapauxi.o(.text) for __use_two_region_memory
    startup_stm32f103xe.o(.text) refers to system_stm32f1xx.o(i.SystemInit) for SystemInit
    startup_stm32f103xe.o(.text) refers to __main.o(!!!main) for __main
    startup_stm32f103xe.o(.text) refers to startup_stm32f103xe.o(HEAP) for Heap_Mem
    startup_stm32f103xe.o(.text) refers to startup_stm32f103xe.o(STACK) for Stack_Mem
    main.o(i.CopyApp) refers to fal_partition.o(i.fal_partition_find) for fal_partition_find
    main.o(i.CopyApp) refers to fal_partition.o(i.fal_partition_read) for fal_partition_read
    main.o(i.CopyApp) refers to fal_partition.o(i.fal_partition_erase) for fal_partition_erase
    main.o(i.CopyApp) refers to fal_partition.o(i.fal_partition_write) for fal_partition_write
    main.o(i.SystemClock_Config) refers to rt_memclr_w.o(.text) for __aeabi_memclr4
    main.o(i.SystemClock_Config) refers to stm32f1xx_hal_rcc.o(i.HAL_RCC_OscConfig) for HAL_RCC_OscConfig
    main.o(i.SystemClock_Config) refers to stm32f1xx_hal_rcc.o(i.HAL_RCC_ClockConfig) for HAL_RCC_ClockConfig
    main.o(i.Write_App_Flag) refers to fal_partition.o(i.fal_partition_find) for fal_partition_find
    main.o(i.Write_App_Flag) refers to fal_partition.o(i.fal_partition_erase) for fal_partition_erase
    main.o(i.Write_App_Flag) refers to fal_partition.o(i.fal_partition_write) for fal_partition_write
    main.o(i.Write_App_Flag) refers to iap.o(.data) for opt_area
    main.o(i.main) refers to stm32f1xx_hal.o(i.HAL_Init) for HAL_Init
    main.o(i.main) refers to main.o(i.SystemClock_Config) for SystemClock_Config
    main.o(i.main) refers to gpio.o(i.MX_GPIO_Init) for MX_GPIO_Init
    main.o(i.main) refers to usart.o(i.MX_UART4_Init) for MX_UART4_Init
    main.o(i.main) refers to usart.o(i.MX_USART2_UART_Init) for MX_USART2_UART_Init
    main.o(i.main) refers to fal.o(i.fal_init) for fal_init
    main.o(i.main) refers to fal_partition.o(i.fal_partition_find) for fal_partition_find
    main.o(i.main) refers to fal_partition.o(i.fal_partition_read) for fal_partition_read
    main.o(i.main) refers to iap.o(i.SerialDownload) for SerialDownload
    main.o(i.main) refers to main.o(i.Write_App_Flag) for Write_App_Flag
    main.o(i.main) refers to main.o(i.CopyApp) for CopyApp
    main.o(i.main) refers to iap.o(i.Send_DownloadCMD) for Send_DownloadCMD
    main.o(i.main) refers to iap.o(i.SerialUpload) for SerialUpload
    main.o(i.main) refers to iap.o(i.Execute_Application) for Execute_Application
    main.o(i.main) refers to stm32f1xx_hal.o(i.HAL_Delay) for HAL_Delay
    main.o(i.main) refers to stm32f1xx_hal_flash.o(i.HAL_FLASH_OB_Launch) for HAL_FLASH_OB_Launch
    main.o(i.main) refers to iap.o(.data) for opt_area
    main.o(i.main) refers to usart.o(.bss) for huart2
    gpio.o(i.MX_GPIO_Init) refers to stm32f1xx_hal_gpio.o(i.HAL_GPIO_WritePin) for HAL_GPIO_WritePin
    gpio.o(i.MX_GPIO_Init) refers to stm32f1xx_hal_gpio.o(i.HAL_GPIO_Init) for HAL_GPIO_Init
    usart.o(.rev16_text) refers (Special) to use_no_semi_2.o(.text) for __use_no_semihosting
    usart.o(.revsh_text) refers (Special) to use_no_semi_2.o(.text) for __use_no_semihosting
    usart.o(.rrx_text) refers (Special) to use_no_semi_2.o(.text) for __use_no_semihosting
    usart.o(i.HAL_UART_MspDeInit) refers (Special) to use_no_semi_2.o(.text) for __use_no_semihosting
[...]
    Removing stm32f1xx_hal_cortex.o(i.HAL_NVIC_GetPendingIRQ), (112 bytes).
    Removing stm32f1xx_hal_cortex.o(i.HAL_NVIC_GetPriority), (188 bytes).
    Removing stm32f1xx_hal_cortex.o(i.HAL_NVIC_GetPriorityGrouping), (16 bytes).
    Removing stm32f1xx_hal_cortex.o(i.HAL_NVIC_SetPendingIRQ), (104 bytes).
    Removing stm32f1xx_hal_cortex.o(i.HAL_SYSTICK_CLKSourceConfig), (100 bytes).
    Removing stm32f1xx_hal_cortex.o(i.HAL_SYSTICK_Callback), (2 bytes).
    Removing stm32f1xx_hal_cortex.o(i.HAL_SYSTICK_IRQHandler), (8 bytes).
    Removing stm32f1xx_hal_pwr.o(.rev16_text), (4 bytes).
    Removing stm32f1xx_hal_pwr.o(.revsh_text), (4 bytes).
    Removing stm32f1xx_hal_pwr.o(.rrx_text), (6 bytes).
    Removing stm32f1xx_hal_pwr.o(i.HAL_PWR_ConfigPVD), (280 bytes).
    Removing stm32f1xx_hal_pwr.o(i.HAL_PWR_DeInit), (24 bytes).
    Removing stm32f1xx_hal_pwr.o(i.HAL_PWR_DisableBkUpAccess), (12 bytes).
    Removing stm32f1xx_hal_pwr.o(i.HAL_PWR_DisablePVD), (12 bytes).
    Removing stm32f1xx_hal_pwr.o(i.HAL_PWR_DisableSEVOnPend), (16 bytes).
    Removing stm32f1xx_hal_pwr.o(i.HAL_PWR_DisableSleepOnExit), (16 bytes).
    Removing stm32f1xx_hal_pwr.o(i.HAL_PWR_DisableWakeUpPin), (104 bytes).
    Removing stm32f1xx_hal_pwr.o(i.HAL_PWR_EnableBkUpAccess), (12 bytes).
    Removing stm32f1xx_hal_pwr.o(i.HAL_PWR_EnablePVD), (12 bytes).
    Removing stm32f1xx_hal_pwr.o(i.HAL_PWR_EnableSEVOnPend), (16 bytes).
    Removing stm32f1xx_hal_pwr.o(i.HAL_PWR_EnableSleepOnExit), (16 bytes).
    Removing stm32f1xx_hal_pwr.o(i.HAL_PWR_EnableWakeUpPin), (104 bytes).
    Removing stm32f1xx_hal_pwr.o(i.HAL_PWR_EnterSLEEPMode), (108 bytes).
    Removing stm32f1xx_hal_pwr.o(i.HAL_PWR_EnterSTANDBYMode), (32 bytes).
    Removing stm32f1xx_hal_pwr.o(i.HAL_PWR_EnterSTOPMode), (164 bytes).
    Removing stm32f1xx_hal_pwr.o(i.HAL_PWR_PVDCallback), (2 bytes).
    Removing stm32f1xx_hal_pwr.o(i.HAL_PWR_PVD_IRQHandler), (28 bytes).
    Removing stm32f1xx_hal_pwr.o(i.PWR_OverloadWfe), (6 bytes).
    Removing stm32f1xx_hal_flash.o(.rev16_text), (4 bytes).
    Removing stm32f1xx_hal_flash.o(.revsh_text), (4 bytes).
    Removing stm32f1xx_hal_flash.o(.rrx_text), (6 bytes).
    Removing stm32f1xx_hal_flash.o(i.HAL_FLASH_EndOfOperationCallback), (2 bytes).
    Removing stm32f1xx_hal_flash.o(i.HAL_FLASH_GetError), (12 bytes).
    Removing stm32f1xx_hal_flash.o(i.HAL_FLASH_IRQHandler), (264 bytes).
    Removing stm32f1xx_hal_flash.o(i.HAL_FLASH_OB_Lock), (20 bytes).
    Removing stm32f1xx_hal_flash.o(i.HAL_FLASH_OB_Unlock), (36 bytes).
    Removing stm32f1xx_hal_flash.o(i.HAL_FLASH_OperationErrorCallback), (2 bytes).
    Removing stm32f1xx_hal_flash.o(i.HAL_FLASH_Program_IT), (252 bytes).
    Removing stm32f1xx_hal_flash_ex.o(.rev16_text), (4 bytes).
    Removing stm32f1xx_hal_flash_ex.o(.revsh_text), (4 bytes).
    Removing stm32f1xx_hal_flash_ex.o(.rrx_text), (6 bytes).
    Removing stm32f1xx_hal_flash_ex.o(i.FLASH_OB_DisableWRP), (256 bytes).
    Removing stm32f1xx_hal_flash_ex.o(i.FLASH_OB_EnableWRP), (256 bytes).
    Removing stm32f1xx_hal_flash_ex.o(i.FLASH_OB_GetRDP), (24 bytes).
    Removing stm32f1xx_hal_flash_ex.o(i.FLASH_OB_ProgramData), (156 bytes).
    Removing stm32f1xx_hal_flash_ex.o(i.FLASH_OB_RDP_LevelConfig), (180 bytes).
    Removing stm32f1xx_hal_flash_ex.o(i.FLASH_OB_UserConfig), (68 bytes).
    Removing stm32f1xx_hal_flash_ex.o(i.HAL_FLASHEx_Erase_IT), (328 bytes).
    Removing stm32f1xx_hal_flash_ex.o(i.HAL_FLASHEx_OBErase), (84 bytes).
    Removing stm32f1xx_hal_flash_ex.o(i.HAL_FLASHEx_OBGetConfig), (36 bytes).
    Removing stm32f1xx_hal_flash_ex.o(i.HAL_FLASHEx_OBGetUserData), (32 bytes).
    Removing stm32f1xx_hal_flash_ex.o(i.HAL_FLASHEx_OBProgram), (224 bytes).
    Removing stm32f1xx_hal_exti.o(.rev16_text), (4 bytes).
    Removing stm32f1xx_hal_exti.o(.revsh_text), (4 bytes).
    Removing stm32f1xx_hal_exti.o(.rrx_text), (6 bytes).
    Removing stm32f1xx_hal_exti.o(i.HAL_EXTI_ClearConfigLine), (224 bytes).
    Removing stm32f1xx_hal_exti.o(i.HAL_EXTI_ClearPending), (160 bytes).
    Removing stm32f1xx_hal_exti.o(i.HAL_EXTI_GenerateSWI), (144 bytes).
    Removing stm32f1xx_hal_exti.o(i.HAL_EXTI_GetConfigLine), (260 bytes).
    Removing stm32f1xx_hal_exti.o(i.HAL_EXTI_GetHandle), (120 bytes).
    Removing stm32f1xx_hal_exti.o(i.HAL_EXTI_GetPending), (164 bytes).
    Removing stm32f1xx_hal_exti.o(i.HAL_EXTI_IRQHandler), (36 bytes).
    Removing stm32f1xx_hal_exti.o(i.HAL_EXTI_RegisterCallback), (14 bytes).
    Removing stm32f1xx_hal_exti.o(i.HAL_EXTI_SetConfigLine), (348 bytes).
    Removing system_stm32f1xx.o(.rev16_text), (4 bytes).
    Removing system_stm32f1xx.o(.revsh_text), (4 bytes).
    Removing system_stm32f1xx.o(.rrx_text), (6 bytes).
    Removing system_stm32f1xx.o(i.SystemCoreClockUpdate), (104 bytes).
    Removing sfud.o(i.aai_write), (256 bytes).
    Removing sfud.o(i.hardware_init), (344 bytes).
    Removing sfud.o(i.make_adress_byte_array), (42 bytes).
    Removing sfud.o(i.page256_or_1_byte_write), (232 bytes).
    Removing sfud.o(i.set_write_enabled), (76 bytes).
    Removing sfud.o(i.sfud_chip_erase), (116 bytes).
    Removing sfud.o(i.sfud_device_init), (22 bytes).
    Removing sfud.o(i.sfud_erase), (256 bytes).
    Removing sfud.o(i.sfud_erase_write), (40 bytes).
    Removing sfud.o(i.sfud_get_device), (28 bytes).
    Removing sfud.o(i.sfud_get_device_num), (4 bytes).
    Removing sfud.o(i.sfud_get_device_table), (8 bytes).
    Removing sfud.o(i.sfud_init), (44 bytes).
    Removing sfud.o(i.sfud_read), (104 bytes).
    Removing sfud.o(i.sfud_read_status), (24 bytes).
    Removing sfud.o(i.sfud_write), (42 bytes).
    Removing sfud.o(i.sfud_write_status), (74 bytes).
    Removing sfud.o(i.wait_busy), (42 bytes).
    Removing sfud.o(.bss), (261 bytes).
    Removing sfud.o(.constdata), (128 bytes).
    Removing sfud.o(.conststring), (145 bytes).
    Removing sfud.o(.data), (116 bytes).
    Removing sfud_sfdp.o(i.read_basic_table), (340 bytes).
    Removing sfud_sfdp.o(i.read_sfdp_data), (52 bytes).
    Removing sfud_sfdp.o(i.sfud_read_sfdp), (168 bytes).
    Removing sfud_sfdp.o(i.sfud_sfdp_get_suitable_eraser), (56 bytes).
    Removing sfud_port.o(i.sfud_spi_port_init), (4 bytes).
    Removing fal.o(i.fal_init_check), (12 bytes).
    Removing fal_partition.o(i.fal_get_partition_table), (16 bytes).
    Removing fal_partition.o(i.fal_partition_erase_all), (8 bytes).
    Removing fal_partition.o(i.fal_set_partition_table_temp), (24 bytes).
    Removing fal_partition.o(i.fal_show_part_table), (128 bytes).
    Removing fal_flash_sfud_port.o(i.erase), (40 bytes).
    Removing fal_flash_sfud_port.o(i.init), (44 bytes).
    Removing fal_flash_sfud_port.o(i.read), (32 bytes).
    Removing fal_flash_sfud_port.o(i.write), (40 bytes).
    Removing fal_flash_sfud_port.o(.data), (60 bytes).
    Removing fal_flash_stm32_port.o(.rev16_text), (4 bytes).
    Removing fal_flash_stm32_port.o(.revsh_text), (4 bytes).
    Removing fal_flash_stm32_port.o(.rrx_text), (6 bytes).
    Removing fal_test.o(i.fal_sample), (2 bytes).
    Removing iap.o(.rev16_text), (4 bytes).
    Removing iap.o(.revsh_text), (4 bytes).
    Removing iap.o(.rrx_text), (6 bytes).
    Removing iap.o(i.Execute_Updata), (2 bytes).
    Removing common.o(.rev16_text), (4 bytes).
    Removing common.o(.revsh_text), (4 bytes).
    Removing common.o(.rrx_text), (6 bytes).
    Removing common.o(i.Serial_PutString), (2 bytes).
    Removing common.o(i.cpu_reset), (16 bytes).
    Removing flash_if.o(.rev16_text), (4 bytes).
    Removing flash_if.o(.revsh_text), (4 bytes).
    Removing flash_if.o(.rrx_text), (6 bytes).
    Removing flash_if.o(i.FLASH_If_Erase), (60 bytes).
    Removing flash_if.o(i.FLASH_If_GetWriteProtectionStatus), (32 bytes).
    Removing flash_if.o(i.FLASH_If_Init), (24 bytes).
    Removing flash_if.o(i.FLASH_If_ReadHalfWord), (4 bytes).
    Removing flash_if.o(i.FLASH_If_Write), (84 bytes).
    Removing flash_if.o(i.FLASH_If_WriteProtectionConfig), (80 bytes).
    Removing ymodem.o(.rev16_text), (4 bytes).
    Removing ymodem.o(.revsh_text), (4 bytes).
    Removing ymodem.o(.rrx_text), (6 bytes).
    Removing ymodem.o(i.CalcChecksum), (20 bytes).

290 unused section(s) (total 21126 bytes) removed from the image.

==============================================================================

Image Symbol Table

    Local Symbols

    Symbol Name                              Value     Ov Type        Size  Object(Section)

    ../Core/Src/gpio.c                       0x00000000   Number         0  gpio.o ABSOLUTE
    ../Core/Src/main.c                       0x00000000   Number         0  main.o ABSOLUTE
    ../Core/Src/stm32f1xx_hal_msp.c          0x00000000   Number         0  stm32f1xx_hal_msp.o ABSOLUTE
    ../Core/Src/stm32f1xx_it.c               0x00000000   Number         0  stm32f1xx_it.o ABSOLUTE
    ../Core/Src/system_stm32f1xx.c           0x00000000   Number         0  system_stm32f1xx.o ABSOLUTE
    ../Core/Src/usart.c                      0x00000000   Number         0  usart.o ABSOLUTE
    ../Drivers/STM32F1xx_HAL_Driver/Src/stm32f1xx_hal.c 0x00000000   Number         0  stm32f1xx_hal.o ABSOLUTE
    ../Drivers/STM32F1xx_HAL_Driver/Src/stm32f1xx_hal_cortex.c 0x00000000   Number         0  stm32f1xx_hal_cortex.o ABSOLUTE
    ../Drivers/STM32F1xx_HAL_Driver/Src/stm32f1xx_hal_dma.c 0x00000000   Number         0  stm32f1xx_hal_dma.o ABSOLUTE
    ../Drivers/STM32F1xx_HAL_Driver/Src/stm32f1xx_hal_exti.c 0x00000000   Number         0  stm32f1xx_hal_exti.o ABSOLUTE
    ../Drivers/STM32F1xx_HAL_Driver/Src/stm32f1xx_hal_flash.c 0x00000000   Number         0  stm32f1xx_hal_flash.o ABSOLUTE
    ../Drivers/STM32F1xx_HAL_Driver/Src/stm32f1xx_hal_flash_ex.c 0x00000000   Number         0  stm32f1xx_hal_flash_ex.o ABSOLUTE
    ../Drivers/STM32F1xx_HAL_Driver/Src/stm32f1xx_hal_gpio.c 0x00000000   Number         0  stm32f1xx_hal_gpio.o ABSOLUTE
    ../Drivers/STM32F1xx_HAL_Driver/Src/stm32f1xx_hal_gpio_ex.c 0x00000000   Number         0  stm32f1xx_hal_gpio_ex.o ABSOLUTE
    ../Drivers/STM32F1xx_HAL_Driver/Src/stm32f1xx_hal_pwr.c 0x00000000   Number         0  stm32f1xx_hal_pwr.o ABSOLUTE
    ../Drivers/STM32F1xx_HAL_Driver/Src/stm32f1xx_hal_rcc.c 0x00000000   Number         0  stm32f1xx_hal_rcc.o ABSOLUTE
    ../Drivers/STM32F1xx_HAL_Driver/Src/stm32f1xx_hal_rcc_ex.c 0x00000000   Number         0  stm32f1xx_hal_rcc_ex.o ABSOLUTE
    ../Drivers/STM32F1xx_HAL_Driver/Src/stm32f1xx_hal_tim.c 0x00000000   Number         0  stm32f1xx_hal_tim.o ABSOLUTE
    ../Drivers/STM32F1xx_HAL_Driver/Src/stm32f1xx_hal_tim_ex.c 0x00000000   Number         0  stm32f1xx_hal_tim_ex.o ABSOLUTE
    ../Drivers/STM32F1xx_HAL_Driver/Src/stm32f1xx_hal_uart.c 0x00000000   Number         0  stm32f1xx_hal_uart.o ABSOLUTE
    ../clib/angel/boardlib.s                 0x00000000   Number         0  boardinit3.o ABSOLUTE
    ../clib/angel/boardlib.s                 0x00000000   Number         0  boardshut.o ABSOLUTE
    ../clib/angel/boardlib.s                 0x00000000   Number         0  boardinit1.o ABSOLUTE
    ../clib/angel/boardlib.s                 0x00000000   Number         0  boardinit2.o ABSOLUTE
    ../clib/angel/handlers.s                 0x00000000   Number         0  __scatter_zi.o ABSOLUTE
    ../clib/angel/handlers.s                 0x00000000   Number         0  __scatter_copy.o ABSOLUTE
    ../clib/angel/kernel.s                   0x00000000   Number         0  __rtentry4.o ABSOLUTE
    ../clib/angel/kernel.s                   0x00000000   Number         0  __rtentry2.o ABSOLUTE
    ../clib/angel/kernel.s                   0x00000000   Number         0  __rtentry.o ABSOLUTE
    ../clib/angel/kernel.s                   0x00000000   Number         0  rtexit2.o ABSOLUTE
    ../clib/angel/kernel.s                   0x00000000   Number         0  rtexit.o ABSOLUTE
    ../clib/angel/rt.s                       0x00000000   Number         0  rt_raise.o ABSOLUTE
    ../clib/angel/scatter.s                  0x00000000   Number         0  __scatter.o ABSOLUTE
    ../clib/angel/startup.s                  0x00000000   Number         0  __main.o ABSOLUTE
    ../clib/angel/sys.s                      0x00000000   Number         0  libspace.o ABSOLUTE
    ../clib/angel/sys.s                      0x00000000   Number         0  sys_stackheap_outer.o ABSOLUTE
    ../clib/angel/sys.s                      0x00000000   Number         0  indicate_semi.o ABSOLUTE
    ../clib/angel/sys.s                      0x00000000   Number         0  use_no_semi.o ABSOLUTE
    ../clib/angel/sys.s                      0x00000000   Number         0  use_no_semi_2.o ABSOLUTE
    ../clib/angel/sysapp.c                   0x00000000   Number         0  sys_command.o ABSOLUTE
    ../clib/angel/sysapp.c                   0x00000000   Number         0  sys_wrch.o ABSOLUTE
    ../clib/armsys.c                         0x00000000   Number         0  no_argv.o ABSOLUTE
    ../clib/armsys.c                         0x00000000   Number         0  _get_argv_nomalloc.o ABSOLUTE
    ../clib/armsys.c                         0x00000000   Number         0  argv_veneer.o ABSOLUTE
    ../clib/armsys.c                         0x00000000   Number         0  argv_veneer.o ABSOLUTE
    ../clib/heapalloc.c                      0x00000000   Number         0  hrguard.o ABSOLUTE
    ../clib/heapaux.c                        0x00000000   Number         0  heapauxi.o ABSOLUTE
    ../clib/libinit.s                        0x00000000   Number         0  libshutdown2.o ABSOLUTE
    ../clib/libinit.s                        0x00000000   Number         0  libinit2.o ABSOLUTE
    ../clib/libinit.s                        0x00000000   Number         0  libshutdown.o ABSOLUTE
    ../clib/libinit.s                        0x00000000   Number         0  libinit.o ABSOLUTE
    ../clib/longlong.s                       0x00000000   Number         0  llushr.o ABSOLUTE
    ../clib/memcpset.s                       0x00000000   Number         0  rt_memcpy_v6.o ABSOLUTE
    ../clib/memcpset.s                       0x00000000   Number         0  rt_memcpy_w.o ABSOLUTE
    ../clib/memcpset.s                       0x00000000   Number         0  strcmpv7m.o ABSOLUTE
    ../clib/memcpset.s                       0x00000000   Number         0  rt_memclr_w.o ABSOLUTE
    ../clib/signal.c                         0x00000000   Number         0  defsig_rtred_inner.o ABSOLUTE
    ../clib/signal.c                         0x00000000   Number         0  defsig_cppl_inner.o ABSOLUTE
    ../clib/signal.c                         0x00000000   Number         0  defsig_segv_inner.o ABSOLUTE
    ../clib/signal.c                         0x00000000   Number         0  defsig_rtmem_inner.o ABSOLUTE
    ../clib/signal.c                         0x00000000   Number         0  __raise.o ABSOLUTE
    ../clib/signal.c                         0x00000000   Number         0  defsig_general.o ABSOLUTE
    ../clib/signal.c                         0x00000000   Number         0  defsig_abrt_inner.o ABSOLUTE
    ../clib/signal.c                         0x00000000   Number         0  defsig_fpe_inner.o ABSOLUTE
    ../clib/signal.c                         0x00000000   Number         0  defsig_exit.o ABSOLUTE
    ../clib/signal.c                         0x00000000   Number         0  defsig_pvfn_inner.o ABSOLUTE
    ../clib/signal.c                         0x00000000   Number         0  defsig_stak_inner.o ABSOLUTE
    ../clib/signal.c                         0x00000000   Number         0  defsig_other.o ABSOLUTE
    ../clib/signal.c                         0x00000000   Number         0  defsig_rtmem_formal.o ABSOLUTE
    ../clib/signal.c                         0x00000000   Number         0  defsig_rtmem_outer.o ABSOLUTE
    ../clib/signal.s                         0x00000000   Number         0  defsig.o ABSOLUTE
    ../clib/stdlib.c                         0x00000000   Number         0  exit.o ABSOLUTE
    ../clib/string.c                         0x00000000   Number         0  strncmp.o ABSOLUTE
    ../clib/string.c                         0x00000000   Number         0  strlen.o ABSOLUTE
    ../fplib/fpinit.s                        0x00000000   Number         0  fpinit.o ABSOLUTE
    ..\Core\Src\gpio.c                       0x00000000   Number         0  gpio.o ABSOLUTE
    ..\Core\Src\main.c                       0x00000000   Number         0  main.o ABSOLUTE
    ..\Core\Src\stm32f1xx_hal_msp.c          0x00000000   Number         0  stm32f1xx_hal_msp.o ABSOLUTE
    ..\Core\Src\stm32f1xx_it.c               0x00000000   Number         0  stm32f1xx_it.o ABSOLUTE
    ..\Core\Src\system_stm32f1xx.c           0x00000000   Number         0  system_stm32f1xx.o ABSOLUTE
    ..\Core\Src\usart.c                      0x00000000   Number         0  usart.o ABSOLUTE
    ..\Drivers\STM32F1xx_HAL_Driver\Src\stm32f1xx_hal.c 0x00000000   Number         0  stm32f1xx_hal.o ABSOLUTE
    ..\Drivers\STM32F1xx_HAL_Driver\Src\stm32f1xx_hal_cortex.c 0x00000000   Number         0  stm32f1xx_hal_cortex.o ABSOLUTE
    ..\Drivers\STM32F1xx_HAL_Driver\Src\stm32f1xx_hal_dma.c 0x00000000   Number         0  stm32f1xx_hal_dma.o ABSOLUTE
    ..\Drivers\STM32F1xx_HAL_Driver\Src\stm32f1xx_hal_exti.c 0x00000000   Number         0  stm32f1xx_hal_exti.o ABSOLUTE
    ..\Drivers\STM32F1xx_HAL_Driver\Src\stm32f1xx_hal_flash.c 0x00000000   Number         0  stm32f1xx_hal_flash.o ABSOLUTE
    ..\Drivers\STM32F1xx_HAL_Driver\Src\stm32f1xx_hal_flash_ex.c 0x00000000   Number         0  stm32f1xx_hal_flash_ex.o ABSOLUTE
    ..\Drivers\STM32F1xx_HAL_Driver\Src\stm32f1xx_hal_gpio.c 0x00000000   Number         0  stm32f1xx_hal_gpio.o ABSOLUTE
    ..\Drivers\STM32F1xx_HAL_Driver\Src\stm32f1xx_hal_gpio_ex.c 0x00000000   Number         0  stm32f1xx_hal_gpio_ex.o ABSOLUTE
    ..\Drivers\STM32F1xx_HAL_Driver\Src\stm32f1xx_hal_pwr.c 0x00000000   Number         0  stm32f1xx_hal_pwr.o ABSOLUTE
    ..\Drivers\STM32F1xx_HAL_Driver\Src\stm32f1xx_hal_rcc.c 0x00000000   Number         0  stm32f1xx_hal_rcc.o ABSOLUTE
    ..\Drivers\STM32F1xx_HAL_Driver\Src\stm32f1xx_hal_rcc_ex.c 0x00000000   Number         0  stm32f1xx_hal_rcc_ex.o ABSOLUTE
    ..\Drivers\STM32F1xx_HAL_Driver\Src\stm32f1xx_hal_tim.c 0x00000000   Number         0  stm32f1xx_hal_tim.o ABSOLUTE
    ..\Drivers\STM32F1xx_HAL_Driver\Src\stm32f1xx_hal_tim_ex.c 0x00000000   Number         0  stm32f1xx_hal_tim_ex.o ABSOLUTE
    ..\Drivers\STM32F1xx_HAL_Driver\Src\stm32f1xx_hal_uart.c 0x00000000   Number         0  stm32f1xx_hal_uart.o ABSOLUTE
    ..\USER\FAL\porting\fal_flash_sfud_port.c 0x00000000   Number         0  fal_flash_sfud_port.o ABSOLUTE
    ..\USER\FAL\porting\fal_flash_stm32_port.c 0x00000000   Number         0  fal_flash_stm32_port.o ABSOLUTE
    ..\USER\FAL\src\fal.c                    0x00000000   Number         0  fal.o ABSOLUTE
    ..\USER\FAL\src\fal_flash.c              0x00000000   Number         0  fal_flash.o ABSOLUTE
    ..\USER\FAL\src\fal_partition.c          0x00000000   Number         0  fal_partition.o ABSOLUTE
    ..\USER\FAL\src\fal_test.c               0x00000000   Number         0  fal_test.o ABSOLUTE
    ..\USER\IAP\Src\common.c                 0x00000000   Number         0  common.o ABSOLUTE
    ..\USER\IAP\Src\flash_if.c               0x00000000   Number         0  flash_if.o ABSOLUTE
    ..\USER\IAP\Src\iap.c                    0x00000000   Number         0  iap.o ABSOLUTE
    ..\USER\IAP\Src\ymodem.c                 0x00000000   Number         0  ymodem.o ABSOLUTE
    ..\USER\SFUD\port\sfud_demo.c            0x00000000   Number         0  sfud_demo.o ABSOLUTE
    ..\USER\SFUD\port\sfud_port.c            0x00000000   Number         0  sfud_port.o ABSOLUTE
    ..\USER\SFUD\src\sfud.c                  0x00000000   Number         0  sfud.o ABSOLUTE
    ..\USER\SFUD\src\sfud_sfdp.c             0x00000000   Number         0  sfud_sfdp.o ABSOLUTE
    ..\\USER\\FAL\\porting\\fal_flash_stm32_port.c 0x00000000   Number         0  fal_flash_stm32_port.o ABSOLUTE
    ..\\USER\\IAP\\Src\\common.c             0x00000000   Number         0  common.o ABSOLUTE
    ..\\USER\\IAP\\Src\\flash_if.c           0x00000000   Number         0  flash_if.o ABSOLUTE
    ..\\USER\\IAP\\Src\\iap.c                0x00000000   Number         0  iap.o ABSOLUTE
    ..\\USER\\IAP\\Src\\ymodem.c             0x00000000   Number         0  ymodem.o ABSOLUTE
    dc.s                                     0x00000000   Number         0  dc.o ABSOLUTE
    startup_stm32f103xe.s                    0x00000000   Number         0  startup_stm32f103xe.o ABSOLUTE
    RESET                                    0x08000000   Section      304  startup_stm32f103xe.o(RESET)
    !!!main                                  0x08000130   Section        8  __main.o(!!!main)
    !!!scatter                               0x08000138   Section       52  __scatter.o(!!!scatter)
    !!handler_copy                           0x0800016c   Section       26  __scatter_copy.o(!!handler_copy)
    !!handler_zi                             0x08000188   Section       28  __scatter_zi.o(!!handler_zi)
    .ARM.Collect$$libinit$$00000000          0x080001a4   Section        2  libinit.o(.ARM.Collect$$libinit$$00000000)
    .ARM.Collect$$libinit$$00000002          0x080001a6   Section        0  libinit2.o(.ARM.Collect$$libinit$$00000002)
    .ARM.Collect$$libinit$$00000004          0x080001a6   Section        0  libinit2.o(.ARM.Collect$$libinit$$00000004)
    .ARM.Collect$$libinit$$0000000A          0x080001a6   Section        0  libinit2.o(.ARM.Collect$$libinit$$0000000A)
    .ARM.Collect$$libinit$$0000000C          0x080001a6   Section        0  libinit2.o(.ARM.Collect$$libinit$$0000000C)
    .ARM.Collect$$libinit$$0000000E          0x080001a6   Section        0  libinit2.o(.ARM.Collect$$libinit$$0000000E)
    .ARM.Collect$$libinit$$00000011          0x080001a6   Section        0  libinit2.o(.ARM.Collect$$libinit$$00000011)
    .ARM.Collect$$libinit$$00000013          0x080001a6   Section        0  libinit2.o(.ARM.Collect$$libinit$$00000013)
    .ARM.Collect$$libinit$$00000015          0x080001a6   Section        0  libinit2.o(.ARM.Collect$$libinit$$00000015)
    .ARM.Collect$$libinit$$00000017          0x080001a6   Section        0  libinit2.o(.ARM.Collect$$libinit$$00000017)
    .ARM.Collect$$libinit$$00000019          0x080001a6   Section        0  libinit2.o(.ARM.Collect$$libinit$$00000019)
    .ARM.Collect$$libinit$$0000001B          0x080001a6   Section        0  libinit2.o(.ARM.Collect$$libinit$$0000001B)
    .ARM.Collect$$libinit$$0000001D          0x080001a6   Section        0  libinit2.o(.ARM.Collect$$libinit$$0000001D)
    .ARM.Collect$$libinit$$0000001F          0x080001a6   Section        0  libinit2.o(.ARM.Collect$$libinit$$0000001F)
    .ARM.Collect$$libinit$$00000021          0x080001a6   Section        0  libinit2.o(.ARM.Collect$$libinit$$00000021)
    .ARM.Collect$$libinit$$00000023          0x080001a6   Section        0  libinit2.o(.ARM.Collect$$libinit$$00000023)
    .ARM.Collect$$libinit$$00000025          0x080001a6   Section        0  libinit2.o(.ARM.Collect$$libinit$$00000025)
    .ARM.Collect$$libinit$$0000002C          0x080001a6   Section        0  libinit2.o(.ARM.Collect$$libinit$$0000002C)
    .ARM.Collect$$libinit$$0000002E          0x080001a6   Section        0  libinit2.o(.ARM.Collect$$libinit$$0000002E)
    .ARM.Collect$$libinit$$00000030          0x080001a6   Section        0  libinit2.o(.ARM.Collect$$libinit$$00000030)
    .ARM.Collect$$libinit$$00000032          0x080001a6   Section        0  libinit2.o(.ARM.Collect$$libinit$$00000032)
    .ARM.Collect$$libinit$$00000033          0x080001a6   Section        2  libinit2.o(.ARM.Collect$$libinit$$00000033)
    .ARM.Collect$$libshutdown$$00000000      0x080001a8   Section        2  libshutdown.o(.ARM.Collect$$libshutdown$$00000000)
    .ARM.Collect$$libshutdown$$00000002      0x080001aa   Section        0  libshutdown2.o(.ARM.Collect$$libshutdown$$00000002)
    .ARM.Collect$$libshutdown$$00000004      0x080001aa   Section        0  libshutdown2.o(.ARM.Collect$$libshutdown$$00000004)
    .ARM.Collect$$libshutdown$$00000006      0x080001aa   Section        0  libshutdown2.o(.ARM.Collect$$libshutdown$$00000006)
    .ARM.Collect$$libshutdown$$00000009      0x080001aa   Section        0  libshutdown2.o(.ARM.Collect$$libshutdown$$00000009)
    .ARM.Collect$$libshutdown$$0000000C      0x080001aa   Section        0  libshutdown2.o(.ARM.Collect$$libshutdown$$0000000C)
    .ARM.Collect$$libshutdown$$0000000E      0x080001aa   Section        0  libshutdown2.o(.ARM.Collect$$libshutdown$$0000000E)
    .ARM.Collect$$libshutdown$$00000011      0x080001aa   Section        0  libshutdown2.o(.ARM.Collect$$libshutdown$$00000011)
    .ARM.Collect$$libshutdown$$00000012      0x080001aa   Section        2  libshutdown2.o(.ARM.Collect$$libshutdown$$00000012)
    .ARM.Collect$$rtentry$$00000000          0x080001ac   Section        0  __rtentry.o(.ARM.Collect$$rtentry$$00000000)
    .ARM.Collect$$rtentry$$00000002          0x080001ac   Section        0  __rtentry2.o(.ARM.Collect$$rtentry$$00000002)
    .ARM.Collect$$rtentry$$00000004          0x080001ac   Section        6  __rtentry4.o(.ARM.Collect$$rtentry$$00000004)
    .ARM.Collect$$rtentry$$00000009          0x080001b2   Section        0  __rtentry2.o(.ARM.Collect$$rtentry$$00000009)
    .ARM.Collect$$rtentry$$0000000A          0x080001b2   Section        4  __rtentry2.o(.ARM.Collect$$rtentry$$0000000A)
    .ARM.Collect$$rtentry$$0000000C          0x080001b6   Section        0  __rtentry2.o(.ARM.Collect$$rtentry$$0000000C)
    .ARM.Collect$$rtentry$$0000000D          0x080001b6   Section        8  __rtentry2.o(.ARM.Collect$$rtentry$$0000000D)
    .ARM.Collect$$rtexit$$00000000           0x080001be   Section        2  rtexit.o(.ARM.Collect$$rtexit$$00000000)
    .ARM.Collect$$rtexit$$00000002           0x080001c0   Section        0  rtexit2.o(.ARM.Collect$$rtexit$$00000002)
    .ARM.Collect$$rtexit$$00000003           0x080001c0   Section        4  rtexit2.o(.ARM.Collect$$rtexit$$00000003)
    .ARM.Collect$$rtexit$$00000004           0x080001c4   Section        6  rtexit2.o(.ARM.Collect$$rtexit$$00000004)
    .text                                    0x080001cc   Section       64  startup_stm32f103xe.o(.text)
    .text                                    0x0800020c   Section        2  use_no_semi_2.o(.text)
    .text                                    0x0800020e   Section       38  llushr.o(.text)
    .text                                    0x08000234   Section        0  strncmp.o(.text)
    .text                                    0x080002ca   Section       78  rt_memclr_w.o(.text)
    .text                                    0x08000318   Section      128  strcmpv7m.o(.text)
    .text                                    0x08000398   Section        0  heapauxi.o(.text)
    .text                                    0x0800039e   Section        2  use_no_semi.o(.text)
    .text                                    0x080003a0   Section       74  sys_stackheap_outer.o(.text)
    .text                                    0x080003ea   Section        0  exit.o(.text)
    .text                                    0x080003fc   Section        8  libspace.o(.text)
    i.BusFault_Handler                       0x08000404   Section        0  stm32f1xx_it.o(i.BusFault_Handler)
    i.Cal_CRC16                              0x08000406   Section        0  ymodem.o(i.Cal_CRC16)
    i.CopyApp                                0x0800042c   Section        0  main.o(i.CopyApp)
    i.Data_Receive                           0x0800050c   Section        0  common.o(i.Data_Receive)
    i.Data_Transmit                          0x08000520   Section        0  common.o(i.Data_Transmit)
    i.DebugMon_Handler                       0x08000548   Section        0  stm32f1xx_it.o(i.DebugMon_Handler)
    i.Erase_Flash                            0x0800054c   Section        0  common.o(i.Erase_Flash)
    i.Error_Handler                          0x0800055c   Section        0  main.o(i.Error_Handler)
    i.Execute_Application                    0x08000560   Section        0  iap.o(i.Execute_Application)
    i.FLASH_MassErase                        0x08000594   Section        0  stm32f1xx_hal_flash_ex.o(i.FLASH_MassErase)
    FLASH_MassErase                          0x08000595   Thumb Code    42  stm32f1xx_hal_flash_ex.o(i.FLASH_MassErase)
    i.FLASH_PageErase                        0x08000608   Section        0  stm32f1xx_hal_flash_ex.o(i.FLASH_PageErase)
    i.FLASH_Program_HalfWord                 0x0800062c   Section        0  stm32f1xx_hal_flash.o(i.FLASH_Program_HalfWord)
    FLASH_Program_HalfWord                   0x0800062d   Thumb Code    20  stm32f1xx_hal_flash.o(i.FLASH_Program_HalfWord)
    i.FLASH_SetErrorCode                     0x08000648   Section        0  stm32f1xx_hal_flash.o(i.FLASH_SetErrorCode)
    FLASH_SetErrorCode                       0x08000649   Thumb Code    84  stm32f1xx_hal_flash.o(i.FLASH_SetErrorCode)
    i.FLASH_WaitForLastOperation             0x080006a4   Section        0  stm32f1xx_hal_flash.o(i.FLASH_WaitForLastOperation)
    i.HAL_DMA_Abort                          0x080006f8   Section        0  stm32f1xx_hal_dma.o(i.HAL_DMA_Abort)
    i.HAL_DMA_GetError                       0x0800073e   Section        0  stm32f1xx_hal_dma.o(i.HAL_DMA_GetError)
    i.HAL_Delay                              0x08000744   Section        0  stm32f1xx_hal.o(i.HAL_Delay)
    i.HAL_FLASHEx_Erase                      0x08000768   Section        0  stm32f1xx_hal_flash_ex.o(i.HAL_FLASHEx_Erase)
    i.HAL_FLASH_Lock                         0x080008f0   Section        0  stm32f1xx_hal_flash.o(i.HAL_FLASH_Lock)
    i.HAL_FLASH_OB_Launch                    0x08000904   Section        0  stm32f1xx_hal_flash.o(i.HAL_FLASH_OB_Launch)
    i.HAL_FLASH_Program                      0x08000908   Section        0  stm32f1xx_hal_flash.o(i.HAL_FLASH_Program)
    i.HAL_FLASH_Unlock                       0x08000a18   Section        0  stm32f1xx_hal_flash.o(i.HAL_FLASH_Unlock)
    i.HAL_GPIO_Init                          0x08000a40   Section        0  stm32f1xx_hal_gpio.o(i.HAL_GPIO_Init)
    i.HAL_GPIO_WritePin                      0x08000d90   Section        0  stm32f1xx_hal_gpio.o(i.HAL_GPIO_WritePin)
    i.HAL_GetTick                            0x08000dfc   Section        0  stm32f1xx_hal.o(i.HAL_GetTick)
    i.HAL_IncTick                            0x08000e08   Section        0  stm32f1xx_hal.o(i.HAL_IncTick)
    i.HAL_Init                               0x08000e18   Section        0  stm32f1xx_hal.o(i.HAL_Init)
    i.HAL_InitTick                           0x08000e3c   Section        0  stm32f1xx_hal.o(i.HAL_InitTick)
    i.HAL_MspInit                            0x08000e7c   Section        0  stm32f1xx_hal_msp.o(i.HAL_MspInit)
    i.HAL_NVIC_SetPriority                   0x08000eb8   Section        0  stm32f1xx_hal_cortex.o(i.HAL_NVIC_SetPriority)
    i.HAL_NVIC_SetPriorityGrouping           0x08000f54   Section        0  stm32f1xx_hal_cortex.o(i.HAL_NVIC_SetPriorityGrouping)
    i.HAL_NVIC_SystemReset                   0x08000fd4   Section        0  stm32f1xx_hal_cortex.o(i.HAL_NVIC_SystemReset)
    i.HAL_RCC_ClockConfig                    0x08000ff8   Section        0  stm32f1xx_hal_rcc.o(i.HAL_RCC_ClockConfig)
    i.HAL_RCC_GetPCLK1Freq                   0x08001230   Section        0  stm32f1xx_hal_rcc.o(i.HAL_RCC_GetPCLK1Freq)
    i.HAL_RCC_GetPCLK2Freq                   0x08001250   Section        0  stm32f1xx_hal_rcc.o(i.HAL_RCC_GetPCLK2Freq)
    i.HAL_RCC_GetSysClockFreq                0x08001270   Section        0  stm32f1xx_hal_rcc.o(i.HAL_RCC_GetSysClockFreq)
    i.HAL_RCC_OscConfig                      0x080012bc   Section        0  stm32f1xx_hal_rcc.o(i.HAL_RCC_OscConfig)
    i.HAL_SYSTICK_Config                     0x0800173a   Section        0  stm32f1xx_hal_cortex.o(i.HAL_SYSTICK_Config)
    i.HAL_UART_Abort                         0x08001762   Section        0  stm32f1xx_hal_uart.o(i.HAL_UART_Abort)
    i.HAL_UART_Init                          0x08001834   Section        0  stm32f1xx_hal_uart.o(i.HAL_UART_Init)
    i.HAL_UART_MspInit                       0x08001960   Section        0  usart.o(i.HAL_UART_MspInit)
    i.HAL_UART_Receive                       0x08001a14   Section        0  stm32f1xx_hal_uart.o(i.HAL_UART_Receive)
    i.HAL_UART_Transmit                      0x08001ac0   Section        0  stm32f1xx_hal_uart.o(i.HAL_UART_Transmit)
    i.HardFault_Handler                      0x08001b5a   Section        0  stm32f1xx_it.o(i.HardFault_Handler)
    i.Int2Str                                0x08001b5c   Section        0  common.o(i.Int2Str)
    i.MX_GPIO_Init                           0x08001b9c   Section        0  gpio.o(i.MX_GPIO_Init)
    i.MX_UART4_Init                          0x08001c64   Section        0  usart.o(i.MX_UART4_Init)
    i.MX_USART2_UART_Init                    0x08001c9c   Section        0  usart.o(i.MX_USART2_UART_Init)
    i.MemManage_Handler                      0x08001cd4   Section        0  stm32f1xx_it.o(i.MemManage_Handler)
    i.NMI_Handler                            0x08001cd6   Section        0  stm32f1xx_it.o(i.NMI_Handler)
    i.PendSV_Handler                         0x08001cd8   Section        0  stm32f1xx_it.o(i.PendSV_Handler)
    i.PrepareIntialPacket                    0x08001cda   Section        0  ymodem.o(i.PrepareIntialPacket)
    PrepareIntialPacket                      0x08001cdb   Thumb Code    84  ymodem.o(i.PrepareIntialPacket)
    i.Read_Flash                             0x08001d30   Section        0  common.o(i.Read_Flash)
    i.ReceivePacket                          0x08001d44   Section        0  ymodem.o(i.ReceivePacket)
    ReceivePacket                            0x08001d45   Thumb Code   174  ymodem.o(i.ReceivePacket)
    i.SVC_Handler                            0x08001df2   Section        0  stm32f1xx_it.o(i.SVC_Handler)
    i.Send_DownloadCMD                       0x08001df4   Section        0  iap.o(i.Send_DownloadCMD)
    i.Send_UpdataCMD                         0x08001e2c   Section        0  iap.o(i.Send_UpdataCMD)
    i.SerialDownload                         0x08001e60   Section        0  iap.o(i.SerialDownload)
    i.SerialUpload                           0x08001ea4   Section        0  iap.o(i.SerialUpload)
    i.Serial_PutByte                         0x08001f1c   Section        0  common.o(i.Serial_PutByte)
    i.Str2Int                                0x08001f40   Section        0  common.o(i.Str2Int)
    i.SysTick_Handler                        0x08001ff6   Section        0  stm32f1xx_it.o(i.SysTick_Handler)
    i.SystemClock_Config                     0x08001ffa   Section        0  main.o(i.SystemClock_Config)
    i.SystemInit                             0x08002056   Section        0  system_stm32f1xx.o(i.SystemInit)
    i.UART_SetConfig                         0x08002058   Section        0  stm32f1xx_hal_uart.o(i.UART_SetConfig)
    UART_SetConfig                           0x08002059   Thumb Code   264  stm32f1xx_hal_uart.o(i.UART_SetConfig)
    i.UART_WaitOnFlagUntilTimeout            0x080021a4   Section        0  stm32f1xx_hal_uart.o(i.UART_WaitOnFlagUntilTimeout)
    UART_WaitOnFlagUntilTimeout              0x080021a5   Thumb Code   118  stm32f1xx_hal_uart.o(i.UART_WaitOnFlagUntilTimeout)
    i.UpdateCRC16                            0x0800221a   Section        0  ymodem.o(i.UpdateCRC16)
    i.UsageFault_Handler                     0x0800223a   Section        0  stm32f1xx_it.o(i.UsageFault_Handler)
    i.Write_App_Flag                         0x0800223c   Section        0  main.o(i.Write_App_Flag)
    Write_App_Flag                           0x0800223d   Thumb Code    42  main.o(i.Write_App_Flag)
    i.Write_Flash                            0x08002270   Section        0  common.o(i.Write_Flash)
    i.Ymodem_Receive                         0x08002284   Section        0  ymodem.o(i.Ymodem_Receive)
    i.Ymodem_Transmit                        0x08002480   Section        0  ymodem.o(i.Ymodem_Transmit)
    i.__NVIC_SetPriority                     0x080026d4   Section        0  stm32f1xx_hal_cortex.o(i.__NVIC_SetPriority)
    __NVIC_SetPriority                       0x080026d5   Thumb Code    32  stm32f1xx_hal_cortex.o(i.__NVIC_SetPriority)
    i._sys_exit                              0x080026f4   Section        0  usart.o(i._sys_exit)
    i.assert_failed                          0x080026f6   Section        0  main.o(i.assert_failed)
    i.check_and_update_part_cache            0x080026f8   Section        0  fal_partition.o(i.check_and_update_part_cache)
    check_and_update_part_cache              0x080026f9   Thumb Code    64  fal_partition.o(i.check_and_update_part_cache)
    i.erase                                  0x08002740   Section        0  fal_flash_stm32_port.o(i.erase)
    erase                                    0x08002741   Thumb Code    60  fal_flash_stm32_port.o(i.erase)
    i.fal_flash_device_find                  0x0800277c   Section        0  fal_flash.o(i.fal_flash_device_find)
    i.fal_flash_init                         0x080027a4   Section        0  fal_flash.o(i.fal_flash_init)
    i.fal_init                               0x080027d0   Section        0  fal.o(i.fal_init)
    i.fal_partition_erase                    0x080027f8   Section        0  fal_partition.o(i.fal_partition_erase)
    i.fal_partition_find                     0x0800282c   Section        0  fal_partition.o(i.fal_partition_find)
    i.fal_partition_init                     0x08002860   Section        0  fal_partition.o(i.fal_partition_init)
    i.fal_partition_read                     0x08002888   Section        0  fal_partition.o(i.fal_partition_read)
    i.fal_partition_write                    0x080028c0   Section        0  fal_partition.o(i.fal_partition_write)
    i.flash_device_find_by_part              0x080028f8   Section        0  fal_partition.o(i.flash_device_find_by_part)
    flash_device_find_by_part                0x080028f9   Thumb Code    16  fal_partition.o(i.flash_device_find_by_part)
    i.init                                   0x08002910   Section        0  fal_flash_stm32_port.o(i.init)
    init                                     0x08002911   Thumb Code    20  fal_flash_stm32_port.o(i.init)
    i.main                                   0x08002928   Section        0  main.o(i.main)
    i.read                                   0x08002a3c   Section        0  fal_flash_stm32_port.o(i.read)
    read                                     0x08002a3d   Thumb Code    28  fal_flash_stm32_port.o(i.read)
    i.write                                  0x08002a58   Section        0  fal_flash_stm32_port.o(i.write)
    write                                    0x08002a59   Thumb Code    72  fal_flash_stm32_port.o(i.write)
    .constdata                               0x08002aa4   Section       18  stm32f1xx_hal_rcc.o(.constdata)
    aPredivFactorTable                       0x08002aa4   Data           2  stm32f1xx_hal_rcc.o(.constdata)
    aPLLMULFactorTable                       0x08002aa6   Data          16  stm32f1xx_hal_rcc.o(.constdata)
    .constdata                               0x08002ab6   Section       16  system_stm32f1xx.o(.constdata)
    .constdata                               0x08002ac6   Section        8  system_stm32f1xx.o(.constdata)
    .constdata                               0x08002ad0   Section        4  fal_flash.o(.constdata)
    device_table                             0x08002ad0   Data           4  fal_flash.o(.constdata)
    .constdata                               0x08002ad4   Section       56  fal_flash_stm32_port.o(.constdata)
    FalPartTable                             0x08002b0c   Section      384  fal_partition.o(FalPartTable)
    __tagsym$$used                           0x08002b0c   Number         0  fal_partition.o(FalPartTable)
    partition_table_def                      0x08002b0c   Data         384  fal_partition.o(FalPartTable)
    .data                                    0x20000000   Section       12  stm32f1xx_hal.o(.data)
    .data                                    0x2000000c   Section        4  system_stm32f1xx.o(.data)
    .data                                    0x20000010   Section        1  fal.o(.data)
    init_ok                                  0x20000010   Data           1  fal.o(.data)
    .data                                    0x20000011   Section        1  fal_flash.o(.data)
    init_ok                                  0x20000011   Data           1  fal_flash.o(.data)
    .data                                    0x20000014   Section       12  fal_partition.o(.data)
    init_ok                                  0x20000014   Data           1  fal_partition.o(.data)
    partition_table                          0x20000018   Data           4  fal_partition.o(.data)
    partition_table_len                      0x2000001c   Data           4  fal_partition.o(.data)
    .data                                    0x20000020   Section       16  iap.o(.data)
    JumpToApplication                        0x20000028   Data           4  iap.o(.data)
    JumpAddress                              0x2000002c   Data           4  iap.o(.data)
    .bss                                     0x20000030   Section      144  usart.o(.bss)
    .bss                                     0x200000c0   Section       32  stm32f1xx_hal_flash.o(.bss)
    .bss                                     0x200000e0   Section       24  fal_partition.o(.bss)
    part_flash_cache                         0x200000e0   Data          24  fal_partition.o(.bss)
    .bss                                     0x200000f8   Section       32  iap.o(.bss)
    .bss                                     0x20000118   Section     1030  ymodem.o(.bss)
    .bss                                     0x20000520   Section       96  libspace.o(.bss)
    HEAP                                     0x20000580   Section      512  startup_stm32f103xe.o(HEAP)
    Heap_Mem                                 0x20000580   Data         512  startup_stm32f103xe.o(HEAP)
    STACK                                    0x20000780   Section     1024  startup_stm32f103xe.o(STACK)
    Stack_Mem                                0x20000780   Data        1024  startup_stm32f103xe.o(STACK)
    __initial_sp                             0x20000b80   Data           0  startup_stm32f103xe.o(STACK)

    Global Symbols

    Symbol Name                              Value     Ov Type        Size  Object(Section)

    BuildAttributes$$THM_ISAv4$P$D$K$B$S$PE$A:L22UL41UL21$X:L11$S22US41US21$IEEE1$IW$USESV6$~STKCKD$USESV7$~SHL$OSPACE$ROPI$EBA8$UX$STANDARDLIB$REQ8$PRES8$EABIv2 0x00000000   Number         0  anon$$obj.o ABSOLUTE
    __ARM_use_no_argv                        0x00000000   Number         0  main.o ABSOLUTE
    __ARM_exceptions_init                     - Undefined Weak Reference
    __alloca_initialize                       - Undefined Weak Reference
    __arm_fini_                               - Undefined Weak Reference
    __arm_preinit_                            - Undefined Weak Reference
    __cpp_initialize__aeabi_                  - Undefined Weak Reference
    __cxa_finalize                            - Undefined Weak Reference
    __rt_locale                               - Undefined Weak Reference
    __sigvec_lookup                           - Undefined Weak Reference
    _atexit_init                              - Undefined Weak Reference
    _call_atexit_fns                          - Undefined Weak Reference
    _clock_init                               - Undefined Weak Reference
    _fp_trap_init                             - Undefined Weak Reference
    _fp_trap_shutdown                         - Undefined Weak Reference
    _get_lc_collate                           - Undefined Weak Reference
    _get_lc_ctype                             - Undefined Weak Reference
    _get_lc_monetary                          - Undefined Weak Reference
    _get_lc_numeric                           - Undefined Weak Reference
    _get_lc_time                              - Undefined Weak Reference
    _getenv_init                              - Undefined Weak Reference
    _handle_redirection                       - Undefined Weak Reference
    _init_alloc                               - Undefined Weak Reference
    _init_user_alloc                          - Undefined Weak Reference
    _initio                                   - Undefined Weak Reference
    _rand_init                                - Undefined Weak Reference
    _signal_finish                            - Undefined Weak Reference
    _signal_init                              - Undefined Weak Reference
    _terminate_alloc                          - Undefined Weak Reference
    _terminate_user_alloc                     - Undefined Weak Reference
    _terminateio                              - Undefined Weak Reference
    __Vectors_Size                           0x00000130   Number         0  startup_stm32f103xe.o ABSOLUTE
    __Vectors                                0x08000000   Data           4  startup_stm32f103xe.o(RESET)
    __Vectors_End                            0x08000130   Data           0  startup_stm32f103xe.o(RESET)
    __main                                   0x08000131   Thumb Code     8  __main.o(!!!main)
    __scatterload                            0x08000139   Thumb Code     0  __scatter.o(!!!scatter)
    __scatterload_rt2                        0x08000139   Thumb Code    44  __scatter.o(!!!scatter)
    __scatterload_rt2_thumb_only             0x08000139   Thumb Code     0  __scatter.o(!!!scatter)
    __scatterload_null                       0x08000147   Thumb Code     0  __scatter.o(!!!scatter)
    __scatterload_copy                       0x0800016d   Thumb Code    26  __scatter_copy.o(!!handler_copy)
    __scatterload_zeroinit                   0x08000189   Thumb Code    28  __scatter_zi.o(!!handler_zi)
    __rt_lib_init                            0x080001a5   Thumb Code     0  libinit.o(.ARM.Collect$$libinit$$00000000)
    __rt_lib_init_alloca_1                   0x080001a7   Thumb Code     0  libinit2.o(.ARM.Collect$$libinit$$0000002E)
    __rt_lib_init_argv_1                     0x080001a7   Thumb Code     0  libinit2.o(.ARM.Collect$$libinit$$0000002C)
    __rt_lib_init_atexit_1                   0x080001a7   Thumb Code     0  libinit2.o(.ARM.Collect$$libinit$$0000001B)
    __rt_lib_init_clock_1                    0x080001a7   Thumb Code     0  libinit2.o(.ARM.Collect$$libinit$$00000021)
    __rt_lib_init_cpp_1                      0x080001a7   Thumb Code     0  libinit2.o(.ARM.Collect$$libinit$$00000032)
    __rt_lib_init_exceptions_1               0x080001a7   Thumb Code     0  libinit2.o(.ARM.Collect$$libinit$$00000030)
    __rt_lib_init_fp_1                       0x080001a7   Thumb Code     0  libinit2.o(.ARM.Collect$$libinit$$00000002)
    __rt_lib_init_fp_trap_1                  0x080001a7   Thumb Code     0  libinit2.o(.ARM.Collect$$libinit$$0000001F)
    __rt_lib_init_getenv_1                   0x080001a7   Thumb Code     0  libinit2.o(.ARM.Collect$$libinit$$00000023)
    __rt_lib_init_heap_1                     0x080001a7   Thumb Code     0  libinit2.o(.ARM.Collect$$libinit$$0000000A)
    __rt_lib_init_lc_collate_1               0x080001a7   Thumb Code     0  libinit2.o(.ARM.Collect$$libinit$$00000011)
    __rt_lib_init_lc_ctype_1                 0x080001a7   Thumb Code     0  libinit2.o(.ARM.Collect$$libinit$$00000013)
    __rt_lib_init_lc_monetary_1              0x080001a7   Thumb Code     0  libinit2.o(.ARM.Collect$$libinit$$00000015)
    __rt_lib_init_lc_numeric_1               0x080001a7   Thumb Code     0  libinit2.o(.ARM.Collect$$libinit$$00000017)
    __rt_lib_init_lc_time_1                  0x080001a7   Thumb Code     0  libinit2.o(.ARM.Collect$$libinit$$00000019)
    __rt_lib_init_preinit_1                  0x080001a7   Thumb Code     0  libinit2.o(.ARM.Collect$$libinit$$00000004)
    __rt_lib_init_rand_1                     0x080001a7   Thumb Code     0  libinit2.o(.ARM.Collect$$libinit$$0000000E)
    __rt_lib_init_return                     0x080001a7   Thumb Code     0  libinit2.o(.ARM.Collect$$libinit$$00000033)
    __rt_lib_init_signal_1                   0x080001a7   Thumb Code     0  libinit2.o(.ARM.Collect$$libinit$$0000001D)
    __rt_lib_init_stdio_1                    0x080001a7   Thumb Code     0  libinit2.o(.ARM.Collect$$libinit$$00000025)
    __rt_lib_init_user_alloc_1               0x080001a7   Thumb Code     0  libinit2.o(.ARM.Collect$$libinit$$0000000C)
    __rt_lib_shutdown                        0x080001a9   Thumb Code     0  libshutdown.o(.ARM.Collect$$libshutdown$$00000000)
    __rt_lib_shutdown_cpp_1                  0x080001ab   Thumb Code     0  libshutdown2.o(.ARM.Collect$$libshutdown$$00000004)
    __rt_lib_shutdown_fini_1                 0x080001ab   Thumb Code     0  libshutdown2.o(.ARM.Collect$$libshutdown$$00000002)
    __rt_lib_shutdown_fp_trap_1              0x080001ab   Thumb Code     0  libshutdown2.o(.ARM.Collect$$libshutdown$$00000009)
    __rt_lib_shutdown_heap_1                 0x080001ab   Thumb Code     0  libshutdown2.o(.ARM.Collect$$libshutdown$$00000011)
    __rt_lib_shutdown_return                 0x080001ab   Thumb Code     0  libshutdown2.o(.ARM.Collect$$libshutdown$$00000012)
    __rt_lib_shutdown_signal_1               0x080001ab   Thumb Code     0  libshutdown2.o(.ARM.Collect$$libshutdown$$0000000C)
    __rt_lib_shutdown_stdio_1                0x080001ab   Thumb Code     0  libshutdown2.o(.ARM.Collect$$libshutdown$$00000006)
    __rt_lib_shutdown_user_alloc_1           0x080001ab   Thumb Code     0  libshutdown2.o(.ARM.Collect$$libshutdown$$0000000E)
    __rt_entry                               0x080001ad   Thumb Code     0  __rtentry.o(.ARM.Collect$$rtentry$$00000000)
    __rt_entry_presh_1                       0x080001ad   Thumb Code     0  __rtentry2.o(.ARM.Collect$$rtentry$$00000002)
    __rt_entry_sh                            0x080001ad   Thumb Code     0  __rtentry4.o(.ARM.Collect$$rtentry$$00000004)
    __rt_entry_li                            0x080001b3   Thumb Code     0  __rtentry2.o(.ARM.Collect$$rtentry$$0000000A)
    __rt_entry_postsh_1                      0x080001b3   Thumb Code     0  __rtentry2.o(.ARM.Collect$$rtentry$$00000009)
    __rt_entry_main                          0x080001b7   Thumb Code     0  __rtentry2.o(.ARM.Collect$$rtentry$$0000000D)
    __rt_entry_postli_1                      0x080001b7   Thumb Code     0  __rtentry2.o(.ARM.Collect$$rtentry$$0000000C)
    __rt_exit                                0x080001bf   Thumb Code     0  rtexit.o(.ARM.Collect$$rtexit$$00000000)
    __rt_exit_ls                             0x080001c1   Thumb Code     0  rtexit2.o(.ARM.Collect$$rtexit$$00000003)
    __rt_exit_prels_1                        0x080001c1   Thumb Code     0  rtexit2.o(.ARM.Collect$$rtexit$$00000002)
    __rt_exit_exit                           0x080001c5   Thumb Code     0  rtexit2.o(.ARM.Collect$$rtexit$$00000004)
    Reset_Handler                            0x080001cd   Thumb Code     8  startup_stm32f103xe.o(.text)
    ADC1_2_IRQHandler                        0x080001e7   Thumb Code     0  startup_stm32f103xe.o(.text)
    ADC3_IRQHandler                          0x080001e7   Thumb Code     0  startup_stm32f103xe.o(.text)
    CAN1_RX1_IRQHandler                      0x080001e7   Thumb Code     0  startup_stm32f103xe.o(.text)
    CAN1_SCE_IRQHandler                      0x080001e7   Thumb Code     0  startup_stm32f103xe.o(.text)
    DMA1_Channel1_IRQHandler                 0x080001e7   Thumb Code     0  startup_stm32f103xe.o(.text)
    DMA1_Channel2_IRQHandler                 0x080001e7   Thumb Code     0  startup_stm32f103xe.o(.text)
    DMA1_Channel3_IRQHandler                 0x080001e7   Thumb Code     0  startup_stm32f103xe.o(.text)
    DMA1_Channel4_IRQHandler                 0x080001e7   Thumb Code     0  startup_stm32f103xe.o(.text)
    DMA1_Channel5_IRQHandler                 0x080001e7   Thumb Code     0  startup_stm32f103xe.o(.text)
    DMA1_Channel6_IRQHandler                 0x080001e7   Thumb Code     0  startup_stm32f103xe.o(.text)
    DMA1_Channel7_IRQHandler                 0x080001e7   Thumb Code     0  startup_stm32f103xe.o(.text)
    DMA2_Channel1_IRQHandler                 0x080001e7   Thumb Code     0  startup_stm32f103xe.o(.text)
    DMA2_Channel2_IRQHandler                 0x080001e7   Thumb Code     0  startup_stm32f103xe.o(.text)
    DMA2_Channel3_IRQHandler                 0x080001e7   Thumb Code     0  startup_stm32f103xe.o(.text)
    DMA2_Channel4_5_IRQHandler               0x080001e7   Thumb Code     0  startup_stm32f103xe.o(.text)
    EXTI0_IRQHandler                         0x080001e7   Thumb Code     0  startup_stm32f103xe.o(.text)
    EXTI15_10_IRQHandler                     0x080001e7   Thumb Code     0  startup_stm32f103xe.o(.text)
    EXTI1_IRQHandler                         0x080001e7   Thumb Code     0  startup_stm32f103xe.o(.text)
    EXTI2_IRQHandler                         0x080001e7   Thumb Code     0  startup_stm32f103xe.o(.text)
    EXTI3_IRQHandler                         0x080001e7   Thumb Code     0  startup_stm32f103xe.o(.text)
    EXTI4_IRQHandler                         0x080001e7   Thumb Code     0  startup_stm32f103xe.o(.text)
    EXTI9_5_IRQHandler                       0x080001e7   Thumb Code     0  startup_stm32f103xe.o(.text)
    FLASH_IRQHandler                         0x080001e7   Thumb Code     0  startup_stm32f103xe.o(.text)
    FSMC_IRQHandler                          0x080001e7   Thumb Code     0  startup_stm32f103xe.o(.text)
    I2C1_ER_IRQHandler                       0x080001e7   Thumb Code     0  startup_stm32f103xe.o(.text)
    I2C1_EV_IRQHandler                       0x080001e7   Thumb Code     0  startup_stm32f103xe.o(.text)
    I2C2_ER_IRQHandler                       0x080001e7   Thumb Code     0  startup_stm32f103xe.o(.text)
    I2C2_EV_IRQHandler                       0x080001e7   Thumb Code     0  startup_stm32f103xe.o(.text)
    PVD_IRQHandler                           0x080001e7   Thumb Code     0  startup_stm32f103xe.o(.text)
    RCC_IRQHandler                           0x080001e7   Thumb Code     0  startup_stm32f103xe.o(.text)
    RTC_Alarm_IRQHandler                     0x080001e7   Thumb Code     0  startup_stm32f103xe.o(.text)
    RTC_IRQHandler                           0x080001e7   Thumb Code     0  startup_stm32f103xe.o(.text)
    SDIO_IRQHandler                          0x080001e7   Thumb Code     0  startup_stm32f103xe.o(.text)
    SPI1_IRQHandler                          0x080001e7   Thumb Code     0  startup_stm32f103xe.o(.text)
    SPI2_IRQHandler                          0x080001e7   Thumb Code     0  startup_stm32f103xe.o(.text)
    SPI3_IRQHandler                          0x080001e7   Thumb Code     0  startup_stm32f103xe.o(.text)
    TAMPER_IRQHandler                        0x080001e7   Thumb Code     0  startup_stm32f103xe.o(.text)
    TIM1_BRK_IRQHandler                      0x080001e7   Thumb Code     0  startup_stm32f103xe.o(.text)
    TIM1_CC_IRQHandler                       0x080001e7   Thumb Code     0  startup_stm32f103xe.o(.text)
    TIM1_TRG_COM_IRQHandler                  0x080001e7   Thumb Code     0  startup_stm32f103xe.o(.text)
    TIM1_UP_IRQHandler                       0x080001e7   Thumb Code     0  startup_stm32f103xe.o(.text)
    TIM2_IRQHandler                          0x080001e7   Thumb Code     0  startup_stm32f103xe.o(.text)
    TIM3_IRQHandler                          0x080001e7   Thumb Code     0  startup_stm32f103xe.o(.text)
    TIM4_IRQHandler                          0x080001e7   Thumb Code     0  startup_stm32f103xe.o(.text)
    TIM5_IRQHandler                          0x080001e7   Thumb Code     0  startup_stm32f103xe.o(.text)
    TIM6_IRQHandler                          0x080001e7   Thumb Code     0  startup_stm32f103xe.o(.text)
    TIM7_IRQHandler                          0x080001e7   Thumb Code     0  startup_stm32f103xe.o(.text)
    TIM8_BRK_IRQHandler                      0x080001e7   Thumb Code     0  startup_stm32f103xe.o(.text)
    TIM8_CC_IRQHandler                       0x080001e7   Thumb Code     0  startup_stm32f103xe.o(.text)
    TIM8_TRG_COM_IRQHandler                  0x080001e7   Thumb Code     0  startup_stm32f103xe.o(.text)
    TIM8_UP_IRQHandler                       0x080001e7   Thumb Code     0  startup_stm32f103xe.o(.text)
    UART4_IRQHandler                         0x080001e7   Thumb Code     0  startup_stm32f103xe.o(.text)
    UART5_IRQHandler                         0x080001e7   Thumb Code     0  startup_stm32f103xe.o(.text)
    USART1_IRQHandler                        0x080001e7   Thumb Code     0  startup_stm32f103xe.o(.text)
    USART2_IRQHandler                        0x080001e7   Thumb Code     0  startup_stm32f103xe.o(.text)
    USART3_IRQHandler                        0x080001e7   Thumb Code     0  startup_stm32f103xe.o(.text)
    USBWakeUp_IRQHandler                     0x080001e7   Thumb Code     0  startup_stm32f103xe.o(.text)
    USB_HP_CAN1_TX_IRQHandler                0x080001e7   Thumb Code     0  startup_stm32f103xe.o(.text)
    USB_LP_CAN1_RX0_IRQHandler               0x080001e7   Thumb Code     0  startup_stm32f103xe.o(.text)
    WWDG_IRQHandler                          0x080001e7   Thumb Code     0  startup_stm32f103xe.o(.text)
    __user_initial_stackheap                 0x080001e9   Thumb Code     0  startup_stm32f103xe.o(.text)
    __use_no_semihosting                     0x0800020d   Thumb Code     2  use_no_semi_2.o(.text)
    __aeabi_llsr                             0x0800020f   Thumb Code     0  llushr.o(.text)
    _ll_ushift_r                             0x0800020f   Thumb Code    38  llushr.o(.text)
    strncmp                                  0x08000235   Thumb Code   150  strncmp.o(.text)
    __aeabi_memclr4                          0x080002cb   Thumb Code     0  rt_memclr_w.o(.text)
    __aeabi_memclr8                          0x080002cb   Thumb Code     0  rt_memclr_w.o(.text)
    __rt_memclr_w                            0x080002cb   Thumb Code    78  rt_memclr_w.o(.text)
    _memset_w                                0x080002cf   Thumb Code     0  rt_memclr_w.o(.text)
    strcmp                                   0x08000319   Thumb Code   128  strcmpv7m.o(.text)
    __use_two_region_memory                  0x08000399   Thumb Code     2  heapauxi.o(.text)
    __rt_heap_escrow$2region                 0x0800039b   Thumb Code     2  heapauxi.o(.text)
    __rt_heap_expand$2region                 0x0800039d   Thumb Code     2  heapauxi.o(.text)
    __I$use$semihosting                      0x0800039f   Thumb Code     0  use_no_semi.o(.text)
    __use_no_semihosting_swi                 0x0800039f   Thumb Code     2  use_no_semi.o(.text)
    __user_setup_stackheap                   0x080003a1   Thumb Code    74  sys_stackheap_outer.o(.text)
    exit                                     0x080003eb   Thumb Code    18  exit.o(.text)
    __user_libspace                          0x080003fd   Thumb Code     8  libspace.o(.text)
    __user_perproc_libspace                  0x080003fd   Thumb Code     0  libspace.o(.text)
    __user_perthread_libspace                0x080003fd   Thumb Code     0  libspace.o(.text)
    BusFault_Handler                         0x08000405   Thumb Code     2  stm32f1xx_it.o(i.BusFault_Handler)
    Cal_CRC16                                0x08000407   Thumb Code    38  ymodem.o(i.Cal_CRC16)
    CopyApp                                  0x0800042d   Thumb Code   210  main.o(i.CopyApp)
    Data_Receive                             0x0800050d   Thumb Code    14  common.o(i.Data_Receive)
    Data_Transmit                            0x08000521   Thumb Code    34  common.o(i.Data_Transmit)
    DebugMon_Handler                         0x08000549   Thumb Code     2  stm32f1xx_it.o(i.DebugMon_Handler)
    Erase_Flash                              0x0800054d   Thumb Code    12  common.o(i.Erase_Flash)
    Error_Handler                            0x0800055d   Thumb Code     4  main.o(i.Error_Handler)
    Execute_Application                      0x08000561   Thumb Code    38  iap.o(i.Execute_Application)
    FLASH_PageErase                          0x08000609   Thumb Code    28  stm32f1xx_hal_flash_ex.o(i.FLASH_PageErase)
    FLASH_WaitForLastOperation               0x080006a5   Thumb Code    80  stm32f1xx_hal_flash.o(i.FLASH_WaitForLastOperation)
    HAL_DMA_Abort                            0x080006f9   Thumb Code    70  stm32f1xx_hal_dma.o(i.HAL_DMA_Abort)
    HAL_DMA_GetError                         0x0800073f   Thumb Code     4  stm32f1xx_hal_dma.o(i.HAL_DMA_GetError)
    HAL_Delay                                0x08000745   Thumb Code    32  stm32f1xx_hal.o(i.HAL_Delay)
    HAL_FLASHEx_Erase                        0x08000769   Thumb Code   302  stm32f1xx_hal_flash_ex.o(i.HAL_FLASHEx_Erase)
    HAL_FLASH_Lock                           0x080008f1   Thumb Code    14  stm32f1xx_hal_flash.o(i.HAL_FLASH_Lock)
    HAL_FLASH_OB_Launch                      0x08000905   Thumb Code     4  stm32f1xx_hal_flash.o(i.HAL_FLASH_OB_Launch)
    HAL_FLASH_Program                        0x08000909   Thumb Code   186  stm32f1xx_hal_flash.o(i.HAL_FLASH_Program)
    HAL_FLASH_Unlock                         0x08000a19   Thumb Code    28  stm32f1xx_hal_flash.o(i.HAL_FLASH_Unlock)
    HAL_GPIO_Init                            0x08000a41   Thumb Code   712  stm32f1xx_hal_gpio.o(i.HAL_GPIO_Init)
    HAL_GPIO_WritePin                        0x08000d91   Thumb Code    46  stm32f1xx_hal_gpio.o(i.HAL_GPIO_WritePin)
    HAL_GetTick                              0x08000dfd   Thumb Code     6  stm32f1xx_hal.o(i.HAL_GetTick)
    HAL_IncTick                              0x08000e09   Thumb Code    12  stm32f1xx_hal.o(i.HAL_IncTick)
    HAL_Init                                 0x08000e19   Thumb Code    32  stm32f1xx_hal.o(i.HAL_Init)
    HAL_InitTick                             0x08000e3d   Thumb Code    54  stm32f1xx_hal.o(i.HAL_InitTick)
    HAL_MspInit                              0x08000e7d   Thumb Code    52  stm32f1xx_hal_msp.o(i.HAL_MspInit)
    HAL_NVIC_SetPriority                     0x08000eb9   Thumb Code    92  stm32f1xx_hal_cortex.o(i.HAL_NVIC_SetPriority)
    HAL_NVIC_SetPriorityGrouping             0x08000f55   Thumb Code    58  stm32f1xx_hal_cortex.o(i.HAL_NVIC_SetPriorityGrouping)
    HAL_NVIC_SystemReset                     0x08000fd5   Thumb Code    26  stm32f1xx_hal_cortex.o(i.HAL_NVIC_SystemReset)
    HAL_RCC_ClockConfig                      0x08000ff9   Thumb Code   490  stm32f1xx_hal_rcc.o(i.HAL_RCC_ClockConfig)
    HAL_RCC_GetPCLK1Freq                     0x08001231   Thumb Code    20  stm32f1xx_hal_rcc.o(i.HAL_RCC_GetPCLK1Freq)
    HAL_RCC_GetPCLK2Freq                     0x08001251   Thumb Code    20  stm32f1xx_hal_rcc.o(i.HAL_RCC_GetPCLK2Freq)
    HAL_RCC_GetSysClockFreq                  0x08001271   Thumb Code    58  stm32f1xx_hal_rcc.o(i.HAL_RCC_GetSysClockFreq)
    HAL_RCC_OscConfig                        0x080012bd   Thumb Code  1150  stm32f1xx_hal_rcc.o(i.HAL_RCC_OscConfig)
    HAL_SYSTICK_Config                       0x0800173b   Thumb Code    40  stm32f1xx_hal_cortex.o(i.HAL_SYSTICK_Config)
    HAL_UART_Abort                           0x08001763   Thumb Code   210  stm32f1xx_hal_uart.o(i.HAL_UART_Abort)
    HAL_UART_Init                            0x08001835   Thumb Code   218  stm32f1xx_hal_uart.o(i.HAL_UART_Init)
    HAL_UART_MspInit                         0x08001961   Thumb Code   158  usart.o(i.HAL_UART_MspInit)
    HAL_UART_Receive                         0x08001a15   Thumb Code   172  stm32f1xx_hal_uart.o(i.HAL_UART_Receive)
    HAL_UART_Transmit                        0x08001ac1   Thumb Code   154  stm32f1xx_hal_uart.o(i.HAL_UART_Transmit)
    HardFault_Handler                        0x08001b5b   Thumb Code     2  stm32f1xx_it.o(i.HardFault_Handler)
    Int2Str                                  0x08001b5d   Thumb Code    60  common.o(i.Int2Str)
    MX_GPIO_Init                             0x08001b9d   Thumb Code   180  gpio.o(i.MX_GPIO_Init)
    MX_UART4_Init                            0x08001c65   Thumb Code    48  usart.o(i.MX_UART4_Init)
    MX_USART2_UART_Init                      0x08001c9d   Thumb Code    48  usart.o(i.MX_USART2_UART_Init)
    MemManage_Handler                        0x08001cd5   Thumb Code     2  stm32f1xx_it.o(i.MemManage_Handler)
    NMI_Handler                              0x08001cd7   Thumb Code     2  stm32f1xx_it.o(i.NMI_Handler)
    PendSV_Handler                           0x08001cd9   Thumb Code     2  stm32f1xx_it.o(i.PendSV_Handler)
    Read_Flash                               0x08001d31   Thumb Code    14  common.o(i.Read_Flash)
    SVC_Handler                              0x08001df3   Thumb Code     2  stm32f1xx_it.o(i.SVC_Handler)
    Send_DownloadCMD                         0x08001df5   Thumb Code    48  iap.o(i.Send_DownloadCMD)
    Send_UpdataCMD                           0x08001e2d   Thumb Code    44  iap.o(i.Send_UpdataCMD)
    SerialDownload                           0x08001e61   Thumb Code    56  iap.o(i.SerialDownload)
    SerialUpload                             0x08001ea5   Thumb Code   110  iap.o(i.SerialUpload)
    Serial_PutByte                           0x08001f1d   Thumb Code    32  common.o(i.Serial_PutByte)
    Str2Int                                  0x08001f41   Thumb Code   182  common.o(i.Str2Int)
    SysTick_Handler                          0x08001ff7   Thumb Code     4  stm32f1xx_it.o(i.SysTick_Handler)
    SystemClock_Config                       0x08001ffb   Thumb Code    92  main.o(i.SystemClock_Config)
    SystemInit                               0x08002057   Thumb Code     2  system_stm32f1xx.o(i.SystemInit)
    UpdateCRC16                              0x0800221b   Thumb Code    32  ymodem.o(i.UpdateCRC16)
    UsageFault_Handler                       0x0800223b   Thumb Code     2  stm32f1xx_it.o(i.UsageFault_Handler)
    Write_Flash                              0x08002271   Thumb Code    14  common.o(i.Write_Flash)
    Ymodem_Receive                           0x08002285   Thumb Code   494  ymodem.o(i.Ymodem_Receive)
    Ymodem_Transmit                          0x08002481   Thumb Code   592  ymodem.o(i.Ymodem_Transmit)
    _sys_exit                                0x080026f5   Thumb Code     2  usart.o(i._sys_exit)
    assert_failed                            0x080026f7   Thumb Code     2  main.o(i.assert_failed)
    fal_flash_device_find                    0x0800277d   Thumb Code    36  fal_flash.o(i.fal_flash_device_find)
    fal_flash_init                           0x080027a5   Thumb Code    36  fal_flash.o(i.fal_flash_init)
    fal_init                                 0x080027d1   Thumb Code    36  fal.o(i.fal_init)
    fal_partition_erase                      0x080027f9   Thumb Code    52  fal_partition.o(i.fal_partition_erase)
    fal_partition_find                       0x0800282d   Thumb Code    46  fal_partition.o(i.fal_partition_find)
    fal_partition_init                       0x08002861   Thumb Code    30  fal_partition.o(i.fal_partition_init)
    fal_partition_read                       0x08002889   Thumb Code    56  fal_partition.o(i.fal_partition_read)
    fal_partition_write                      0x080028c1   Thumb Code    56  fal_partition.o(i.fal_partition_write)
    main                                     0x08002929   Thumb Code   242  main.o(i.main)
    AHBPrescTable                            0x08002ab6   Data          16  system_stm32f1xx.o(.constdata)
    APBPrescTable                            0x08002ac6   Data           8  system_stm32f1xx.o(.constdata)
    stm32_onchip_flash                       0x08002ad4   Data          56  fal_flash_stm32_port.o(.constdata)
    Region$$Table$$Base                      0x08002c8c   Number         0  anon$$obj.o(Region$$Table)
    Region$$Table$$Limit                     0x08002cac   Number         0  anon$$obj.o(Region$$Table)
    uwTickFreq                               0x20000000   Data           1  stm32f1xx_hal.o(.data)
    uwTickPrio                               0x20000004   Data           4  stm32f1xx_hal.o(.data)
    uwTick                                   0x20000008   Data           4  stm32f1xx_hal.o(.data)
    SystemCoreClock                          0x2000000c   Data           4  system_stm32f1xx.o(.data)
    g_huart                                  0x20000020   Data           4  iap.o(.data)
    opt_area                                 0x20000024   Data           4  iap.o(.data)
    huart4                                   0x20000030   Data          72  usart.o(.bss)
    huart2                                   0x20000078   Data          72  usart.o(.bss)
    pFlash                                   0x200000c0   Data          32  stm32f1xx_hal_flash.o(.bss)
    aFileName                                0x200000f8   Data          32  iap.o(.bss)
    aPacketData                              0x20000118   Data        1030  ymodem.o(.bss)
    __libspace_start                         0x20000520   Data          96  libspace.o(.bss)
    __temporary_stack_top$libspace           0x20000580   Data           0  libspace.o(.bss)



==============================================================================

Memory Map of the image

  Image Entry point : 0x08000131

  Load Region LR_IROM1 (Base: 0x08000000, Size: 0x00002cdc, Max: 0x00040000, ABSOLUTE)

    Execution Region ER_IROM1 (Exec base: 0x08000000, Load base: 0x08000000, Size: 0x00002cac, Max: 0x00040000, ABSOLUTE)

    Exec Addr    Load Addr    Size         Type   Attr      Idx    E Section Name        Object

    0x08000000   0x08000000   0x00000130   Data   RO            3    RESET               startup_stm32f103xe.o
    0x08000130   0x08000130   0x00000008   Code   RO         2517  * !!!main             c_w.l(__main.o)
    0x08000138   0x08000138   0x00000034   Code   RO         2676    !!!scatter          c_w.l(__scatter.o)
    0x0800016c   0x0800016c   0x0000001a   Code   RO         2678    !!handler_copy      c_w.l(__scatter_copy.o)
    0x08000186   0x08000186   0x00000002   PAD
    0x08000188   0x08000188   0x0000001c   Code   RO         2680    !!handler_zi        c_w.l(__scatter_zi.o)
    0x080001a4   0x080001a4   0x00000002   Code   RO         2548    .ARM.Collect$$libinit$$00000000  c_w.l(libinit.o)
    0x080001a6   0x080001a6   0x00000000   Code   RO         2555    .ARM.Collect$$libinit$$00000002  c_w.l(libinit2.o)
    0x080001a6   0x080001a6   0x00000000   Code   RO         2557    .ARM.Collect$$libinit$$00000004  c_w.l(libinit2.o)
    0x080001a6   0x080001a6   0x00000000   Code   RO         2560    .ARM.Collect$$libinit$$0000000A  c_w.l(libinit2.o)
    0x080001a6   0x080001a6   0x00000000   Code   RO         2562    .ARM.Collect$$libinit$$0000000C  c_w.l(libinit2.o)
    0x080001a6   0x080001a6   0x00000000   Code   RO         2564    .ARM.Collect$$libinit$$0000000E  c_w.l(libinit2.o)
    0x080001a6   0x080001a6   0x00000000   Code   RO         2567    .ARM.Collect$$libinit$$00000011  c_w.l(libinit2.o)
    0x080001a6   0x080001a6   0x00000000   Code   RO         2569    .ARM.Collect$$libinit$$00000013  c_w.l(libinit2.o)
    0x080001a6   0x080001a6   0x00000000   Code   RO         2571    .ARM.Collect$$libinit$$00000015  c_w.l(libinit2.o)
    0x080001a6   0x080001a6   0x00000000   Code   RO         2573    .ARM.Collect$$libinit$$00000017  c_w.l(libinit2.o)
    0x080001a6   0x080001a6   0x00000000   Code   RO         2575    .ARM.Collect$$libinit$$00000019  c_w.l(libinit2.o)
    0x080001a6   0x080001a6   0x00000000   Code   RO         2577    .ARM.Collect$$libinit$$0000001B  c_w.l(libinit2.o)
    0x080001a6   0x080001a6   0x00000000   Code   RO         2579    .ARM.Collect$$libinit$$0000001D  c_w.l(libinit2.o)
    0x080001a6   0x080001a6   0x00000000   Code   RO         2581    .ARM.Collect$$libinit$$0000001F  c_w.l(libinit2.o)
    0x080001a6   0x080001a6   0x00000000   Code   RO         2583    .ARM.Collect$$libinit$$00000021  c_w.l(libinit2.o)
    0x080001a6   0x080001a6   0x00000000   Code   RO         2585    .ARM.Collect$$libinit$$00000023  c_w.l(libinit2.o)
    0x080001a6   0x080001a6   0x00000000   Code   RO         2587    .ARM.Collect$$libinit$$00000025  c_w.l(libinit2.o)
    0x080001a6   0x080001a6   0x00000000   Code   RO         2591    .ARM.Collect$$libinit$$0000002C  c_w.l(libinit2.o)
    0x080001a6   0x080001a6   0x00000000   Code   RO         2593    .ARM.Collect$$libinit$$0000002E  c_w.l(libinit2.o)
    0x080001a6   0x080001a6   0x00000000   Code   RO         2595    .ARM.Collect$$libinit$$00000030  c_w.l(libinit2.o)
    0x080001a6   0x080001a6   0x00000000   Code   RO         2597    .ARM.Collect$$libinit$$00000032  c_w.l(libinit2.o)
    0x080001a6   0x080001a6   0x00000002   Code   RO         2598    .ARM.Collect$$libinit$$00000033  c_w.l(libinit2.o)
    0x080001a8   0x080001a8   0x00000002   Code   RO         2616    .ARM.Collect$$libshutdown$$00000000  c_w.l(libshutdown.o)
    0x080001aa   0x080001aa   0x00000000   Code   RO         2626    .ARM.Collect$$libshutdown$$00000002  c_w.l(libshutdown2.o)
    0x080001aa   0x080001aa   0x00000000   Code   RO         2628    .ARM.Collect$$libshutdown$$00000004  c_w.l(libshutdown2.o)
    0x080001aa   0x080001aa   0x00000000   Code   RO         2630    .ARM.Collect$$libshutdown$$00000006  c_w.l(libshutdown2.o)
    0x080001aa   0x080001aa   0x00000000   Code   RO         2633    .ARM.Collect$$libshutdown$$00000009  c_w.l(libshutdown2.o)
    0x080001aa   0x080001aa   0x00000000   Code   RO         2636    .ARM.Collect$$libshutdown$$0000000C  c_w.l(libshutdown2.o)
    0x080001aa   0x080001aa   0x00000000   Code   RO         2638    .ARM.Collect$$libshutdown$$0000000E  c_w.l(libshutdown2.o)
    0x080001aa   0x080001aa   0x00000000   Code   RO         2641    .ARM.Collect$$libshutdown$$00000011  c_w.l(libshutdown2.o)
    0x080001aa   0x080001aa   0x00000002   Code   RO         2642    .ARM.Collect$$libshutdown$$00000012  c_w.l(libshutdown2.o)
    0x080001ac   0x080001ac   0x00000000   Code   RO         2521    .ARM.Collect$$rtentry$$00000000  c_w.l(__rtentry.o)
    0x080001ac   0x080001ac   0x00000000   Code   RO         2525    .ARM.Collect$$rtentry$$00000002  c_w.l(__rtentry2.o)
    0x080001ac   0x080001ac   0x00000006   Code   RO         2537    .ARM.Collect$$rtentry$$00000004  c_w.l(__rtentry4.o)
    0x080001b2   0x080001b2   0x00000000   Code   RO         2527    .ARM.Collect$$rtentry$$00000009  c_w.l(__rtentry2.o)
    0x080001b2   0x080001b2   0x00000004   Code   RO         2528    .ARM.Collect$$rtentry$$0000000A  c_w.l(__rtentry2.o)
    0x080001b6   0x080001b6   0x00000000   Code   RO         2530    .ARM.Collect$$rtentry$$0000000C  c_w.l(__rtentry2.o)
    0x080001b6   0x080001b6   0x00000008   Code   RO         2531    .ARM.Collect$$rtentry$$0000000D  c_w.l(__rtentry2.o)
    0x080001be   0x080001be   0x00000002   Code   RO         2552    .ARM.Collect$$rtexit$$00000000  c_w.l(rtexit.o)
    0x080001c0   0x080001c0   0x00000000   Code   RO         2600    .ARM.Collect$$rtexit$$00000002  c_w.l(rtexit2.o)
    0x080001c0   0x080001c0   0x00000004   Code   RO         2601    .ARM.Collect$$rtexit$$00000003  c_w.l(rtexit2.o)
    0x080001c4   0x080001c4   0x00000006   Code   RO         2602    .ARM.Collect$$rtexit$$00000004  c_w.l(rtexit2.o)
    0x080001ca   0x080001ca   0x00000002   PAD
    0x080001cc   0x080001cc   0x00000040   Code   RO            4    .text               startup_stm32f103xe.o
    0x0800020c   0x0800020c   0x00000002   Code   RO         2501    .text               c_w.l(use_no_semi_2.o)
    0x0800020e   0x0800020e   0x00000026   Code   RO         2503    .text               c_w.l(llushr.o)
    0x08000234   0x08000234   0x00000096   Code   RO         2507    .text               c_w.l(strncmp.o)
    0x080002ca   0x080002ca   0x0000004e   Code   RO         2511    .text               c_w.l(rt_memclr_w.o)
    0x08000318   0x08000318   0x00000080   Code   RO         2513    .text               c_w.l(strcmpv7m.o)
    0x08000398   0x08000398   0x00000006   Code   RO         2515    .text               c_w.l(heapauxi.o)
    0x0800039e   0x0800039e   0x00000002   Code   RO         2519    .text               c_w.l(use_no_semi.o)
    0x080003a0   0x080003a0   0x0000004a   Code   RO         2539    .text               c_w.l(sys_stackheap_outer.o)
    0x080003ea   0x080003ea   0x00000012   Code   RO         2541    .text               c_w.l(exit.o)
    0x080003fc   0x080003fc   0x00000008   Code   RO         2549    .text               c_w.l(libspace.o)
    0x08000404   0x08000404   0x00000002   Code   RO          278    i.BusFault_Handler  stm32f1xx_it.o
    0x08000406   0x08000406   0x00000026   Code   RO         2437    i.Cal_CRC16         ymodem.o
    0x0800042c   0x0800042c   0x000000e0   Code   RO           13    i.CopyApp           main.o
    0x0800050c   0x0800050c   0x00000014   Code   RO         2305    i.Data_Receive      common.o
    0x08000520   0x08000520   0x00000028   Code   RO         2306    i.Data_Transmit     common.o
    0x08000548   0x08000548   0x00000002   Code   RO          279    i.DebugMon_Handler  stm32f1xx_it.o
    0x0800054a   0x0800054a   0x00000002   PAD
    0x0800054c   0x0800054c   0x00000010   Code   RO         2307    i.Erase_Flash       common.o
    0x0800055c   0x0800055c   0x00000004   Code   RO           14    i.Error_Handler     main.o
    0x08000560   0x08000560   0x00000034   Code   RO         2238    i.Execute_Application  iap.o
    0x08000594   0x08000594   0x00000074   Code   RO         1632    i.FLASH_MassErase   stm32f1xx_hal_flash_ex.o
    0x08000608   0x08000608   0x00000024   Code   RO         1639    i.FLASH_PageErase   stm32f1xx_hal_flash_ex.o
    0x0800062c   0x0800062c   0x0000001c   Code   RO         1529    i.FLASH_Program_HalfWord  stm32f1xx_hal_flash.o
    0x08000648   0x08000648   0x0000005c   Code   RO         1530    i.FLASH_SetErrorCode  stm32f1xx_hal_flash.o
    0x080006a4   0x080006a4   0x00000054   Code   RO         1531    i.FLASH_WaitForLastOperation  stm32f1xx_hal_flash.o
    0x080006f8   0x080006f8   0x00000046   Code   RO         1193    i.HAL_DMA_Abort     stm32f1xx_hal_dma.o
    0x0800073e   0x0800073e   0x00000004   Code   RO         1196    i.HAL_DMA_GetError  stm32f1xx_hal_dma.o
    0x08000742   0x08000742   0x00000002   PAD
    0x08000744   0x08000744   0x00000024   Code   RO          819    i.HAL_Delay         stm32f1xx_hal.o
    0x08000768   0x08000768   0x00000188   Code   RO         1640    i.HAL_FLASHEx_Erase  stm32f1xx_hal_flash_ex.o
    0x080008f0   0x080008f0   0x00000014   Code   RO         1535    i.HAL_FLASH_Lock    stm32f1xx_hal_flash.o
    0x08000904   0x08000904   0x00000004   Code   RO         1536    i.HAL_FLASH_OB_Launch  stm32f1xx_hal_flash.o
    0x08000908   0x08000908   0x00000110   Code   RO         1540    i.HAL_FLASH_Program  stm32f1xx_hal_flash.o
    0x08000a18   0x08000a18   0x00000028   Code   RO         1542    i.HAL_FLASH_Unlock  stm32f1xx_hal_flash.o
    0x08000a40   0x08000a40   0x00000350   Code   RO         1129    i.HAL_GPIO_Init     stm32f1xx_hal_gpio.o
    0x08000d90   0x08000d90   0x0000006c   Code   RO         1133    i.HAL_GPIO_WritePin  stm32f1xx_hal_gpio.o
    0x08000dfc   0x08000dfc   0x0000000c   Code   RO          823    i.HAL_GetTick       stm32f1xx_hal.o
    0x08000e08   0x08000e08   0x00000010   Code   RO          829    i.HAL_IncTick       stm32f1xx_hal.o
    0x08000e18   0x08000e18   0x00000024   Code   RO          830    i.HAL_Init          stm32f1xx_hal.o
    0x08000e3c   0x08000e3c   0x00000040   Code   RO          831    i.HAL_InitTick      stm32f1xx_hal.o
    0x08000e7c   0x08000e7c   0x0000003c   Code   RO          353    i.HAL_MspInit       stm32f1xx_hal_msp.o
    0x08000eb8   0x08000eb8   0x0000009c   Code   RO         1295    i.HAL_NVIC_SetPriority  stm32f1xx_hal_cortex.o
    0x08000f54   0x08000f54   0x00000080   Code   RO         1296    i.HAL_NVIC_SetPriorityGrouping  stm32f1xx_hal_cortex.o
    0x08000fd4   0x08000fd4   0x00000024   Code   RO         1297    i.HAL_NVIC_SystemReset  stm32f1xx_hal_cortex.o
    0x08000ff8   0x08000ff8   0x00000238   Code   RO          987    i.HAL_RCC_ClockConfig  stm32f1xx_hal_rcc.o
    0x08001230   0x08001230   0x00000020   Code   RO          994    i.HAL_RCC_GetPCLK1Freq  stm32f1xx_hal_rcc.o
    0x08001250   0x08001250   0x00000020   Code   RO          995    i.HAL_RCC_GetPCLK2Freq  stm32f1xx_hal_rcc.o
    0x08001270   0x08001270   0x0000004c   Code   RO          996    i.HAL_RCC_GetSysClockFreq  stm32f1xx_hal_rcc.o
    0x080012bc   0x080012bc   0x0000047e   Code   RO          999    i.HAL_RCC_OscConfig  stm32f1xx_hal_rcc.o
    0x0800173a   0x0800173a   0x00000028   Code   RO         1300    i.HAL_SYSTICK_Config  stm32f1xx_hal_cortex.o
    0x08001762   0x08001762   0x000000d2   Code   RO          462    i.HAL_UART_Abort    stm32f1xx_hal_uart.o
    0x08001834   0x08001834   0x0000012c   Code   RO          479    i.HAL_UART_Init     stm32f1xx_hal_uart.o
    0x08001960   0x08001960   0x000000b4   Code   RO          214    i.HAL_UART_MspInit  usart.o
    0x08001a14   0x08001a14   0x000000ac   Code   RO          482    i.HAL_UART_Receive  stm32f1xx_hal_uart.o
    0x08001ac0   0x08001ac0   0x0000009a   Code   RO          487    i.HAL_UART_Transmit  stm32f1xx_hal_uart.o
    0x08001b5a   0x08001b5a   0x00000002   Code   RO          280    i.HardFault_Handler  stm32f1xx_it.o
    0x08001b5c   0x08001b5c   0x00000040   Code   RO         2308    i.Int2Str           common.o
    0x08001b9c   0x08001b9c   0x000000c8   Code   RO          189    i.MX_GPIO_Init      gpio.o
    0x08001c64   0x08001c64   0x00000038   Code   RO          215    i.MX_UART4_Init     usart.o
    0x08001c9c   0x08001c9c   0x00000038   Code   RO          216    i.MX_USART2_UART_Init  usart.o
    0x08001cd4   0x08001cd4   0x00000002   Code   RO          281    i.MemManage_Handler  stm32f1xx_it.o
    0x08001cd6   0x08001cd6   0x00000002   Code   RO          282    i.NMI_Handler       stm32f1xx_it.o
    0x08001cd8   0x08001cd8   0x00000002   Code   RO          283    i.PendSV_Handler    stm32f1xx_it.o
    0x08001cda   0x08001cda   0x00000054   Code   RO         2439    i.PrepareIntialPacket  ymodem.o
    0x08001d2e   0x08001d2e   0x00000002   PAD
    0x08001d30   0x08001d30   0x00000014   Code   RO         2309    i.Read_Flash        common.o
    0x08001d44   0x08001d44   0x000000ae   Code   RO         2440    i.ReceivePacket     ymodem.o
    0x08001df2   0x08001df2   0x00000002   Code   RO          284    i.SVC_Handler       stm32f1xx_it.o
    0x08001df4   0x08001df4   0x00000038   Code   RO         2240    i.Send_DownloadCMD  iap.o
    0x08001e2c   0x08001e2c   0x00000034   Code   RO         2241    i.Send_UpdataCMD    iap.o
    0x08001e60   0x08001e60   0x00000044   Code   RO         2242    i.SerialDownload    iap.o
    0x08001ea4   0x08001ea4   0x00000078   Code   RO         2243    i.SerialUpload      iap.o
    0x08001f1c   0x08001f1c   0x00000024   Code   RO         2310    i.Serial_PutByte    common.o
    0x08001f40   0x08001f40   0x000000b6   Code   RO         2312    i.Str2Int           common.o
    0x08001ff6   0x08001ff6   0x00000004   Code   RO          285    i.SysTick_Handler   stm32f1xx_it.o
    0x08001ffa   0x08001ffa   0x0000005c   Code   RO           15    i.SystemClock_Config  main.o
    0x08002056   0x08002056   0x00000002   Code   RO         1800    i.SystemInit        system_stm32f1xx.o
    0x08002058   0x08002058   0x0000014c   Code   RO          505    i.UART_SetConfig    stm32f1xx_hal_uart.o
    0x080021a4   0x080021a4   0x00000076   Code   RO          508    i.UART_WaitOnFlagUntilTimeout  stm32f1xx_hal_uart.o
    0x0800221a   0x0800221a   0x00000020   Code   RO         2441    i.UpdateCRC16       ymodem.o
    0x0800223a   0x0800223a   0x00000002   Code   RO          286    i.UsageFault_Handler  stm32f1xx_it.o
    0x0800223c   0x0800223c   0x00000034   Code   RO           16    i.Write_App_Flag    main.o
    0x08002270   0x08002270   0x00000014   Code   RO         2313    i.Write_Flash       common.o
    0x08002284   0x08002284   0x000001fc   Code   RO         2442    i.Ymodem_Receive    ymodem.o
    0x08002480   0x08002480   0x00000254   Code   RO         2443    i.Ymodem_Transmit   ymodem.o
    0x080026d4   0x080026d4   0x00000020   Code   RO         1302    i.__NVIC_SetPriority  stm32f1xx_hal_cortex.o
    0x080026f4   0x080026f4   0x00000002   Code   RO          217    i._sys_exit         usart.o
    0x080026f6   0x080026f6   0x00000002   Code   RO           17    i.assert_failed     main.o
    0x080026f8   0x080026f8   0x00000048   Code   RO         2073    i.check_and_update_part_cache  fal_partition.o
    0x08002740   0x08002740   0x0000003c   Code   RO         2179    i.erase             fal_flash_stm32_port.o
    0x0800277c   0x0800277c   0x00000028   Code   RO         2052    i.fal_flash_device_find  fal_flash.o
    0x080027a4   0x080027a4   0x0000002c   Code   RO         2053    i.fal_flash_init    fal_flash.o
    0x080027d0   0x080027d0   0x00000028   Code   RO         2025    i.fal_init          fal.o
    0x080027f8   0x080027f8   0x00000034   Code   RO         2075    i.fal_partition_erase  fal_partition.o
    0x0800282c   0x0800282c   0x00000034   Code   RO         2077    i.fal_partition_find  fal_partition.o
    0x08002860   0x08002860   0x00000028   Code   RO         2078    i.fal_partition_init  fal_partition.o
    0x08002888   0x08002888   0x00000038   Code   RO         2079    i.fal_partition_read  fal_partition.o
    0x080028c0   0x080028c0   0x00000038   Code   RO         2080    i.fal_partition_write  fal_partition.o
    0x080028f8   0x080028f8   0x00000018   Code   RO         2083    i.flash_device_find_by_part  fal_partition.o
    0x08002910   0x08002910   0x00000018   Code   RO         2180    i.init              fal_flash_stm32_port.o
    0x08002928   0x08002928   0x00000114   Code   RO           18    i.main              main.o
    0x08002a3c   0x08002a3c   0x0000001c   Code   RO         2181    i.read              fal_flash_stm32_port.o
    0x08002a58   0x08002a58   0x0000004c   Code   RO         2182    i.write             fal_flash_stm32_port.o
    0x08002aa4   0x08002aa4   0x00000012   Data   RO         1000    .constdata          stm32f1xx_hal_rcc.o
    0x08002ab6   0x08002ab6   0x00000010   Data   RO         1801    .constdata          system_stm32f1xx.o
    0x08002ac6   0x08002ac6   0x00000008   Data   RO         1802    .constdata          system_stm32f1xx.o
    0x08002ace   0x08002ace   0x00000002   PAD
    0x08002ad0   0x08002ad0   0x00000004   Data   RO         2054    .constdata          fal_flash.o
    0x08002ad4   0x08002ad4   0x00000038   Data   RO         2183    .constdata          fal_flash_stm32_port.o
    0x08002b0c   0x08002b0c   0x00000180   Data   RO         2086    FalPartTable        fal_partition.o
    0x08002c8c   0x08002c8c   0x00000020   Data   RO         2674    Region$$Table       anon$$obj.o


    Execution Region RW_IRAM1 (Exec base: 0x20000000, Load base: 0x08002cac, Size: 0x00000b80, Max: 0x0000c000, ABSOLUTE)

    Exec Addr    Load Addr    Size         Type   Attr      Idx    E Section Name        Object

    0x20000000   0x08002cac   0x0000000c   Data   RW          837    .data               stm32f1xx_hal.o
    0x2000000c   0x08002cb8   0x00000004   Data   RW         1803    .data               system_stm32f1xx.o
    0x20000010   0x08002cbc   0x00000001   Data   RW         2027    .data               fal.o
    0x20000011   0x08002cbd   0x00000001   Data   RW         2055    .data               fal_flash.o
    0x20000012   0x08002cbe   0x00000002   PAD
    0x20000014   0x08002cc0   0x0000000c   Data   RW         2085    .data               fal_partition.o
    0x20000020   0x08002ccc   0x00000010   Data   RW         2245    .data               iap.o
    0x20000030        -       0x00000090   Zero   RW          219    .bss                usart.o
    0x200000c0        -       0x00000020   Zero   RW         1543    .bss                stm32f1xx_hal_flash.o
    0x200000e0        -       0x00000018   Zero   RW         2084    .bss                fal_partition.o
    0x200000f8        -       0x00000020   Zero   RW         2244    .bss                iap.o
    0x20000118        -       0x00000406   Zero   RW         2444    .bss                ymodem.o
    0x2000051e   0x08002cdc   0x00000002   PAD
    0x20000520        -       0x00000060   Zero   RW         2550    .bss                c_w.l(libspace.o)
    0x20000580        -       0x00000200   Zero   RW            2    HEAP                startup_stm32f103xe.o
    0x20000780        -       0x00000400   Zero   RW            1    STACK               startup_stm32f103xe.o


==============================================================================

Image component sizes


      Code (inc. data)   RO Data    RW Data    ZI Data      Debug   Object Name

       398         36          0          0          0       5289   common.o
        40          4          0          1          0       1775   fal.o
        84         12          4          1          0       1769   fal_flash.o
       188          8         56          0          0       3205   fal_flash_stm32_port.o
       352         32        384         12         24       5699   fal_partition.o
       200         20          0          0          0        943   gpio.o
       348         52          0         16         32       8747   iap.o
       650         58          0          0          0     467761   main.o
         0          0          0          0          0       1228   sfud.o
        64         26        304          0       1536        788   startup_stm32f103xe.o
       164         28          0         12          0       6325   stm32f1xx_hal.o
       392        144          0          0          0      28825   stm32f1xx_hal_cortex.o
        74          0          0          0          0       1531   stm32f1xx_hal_dma.o
       540        124          0          0         32       5088   stm32f1xx_hal_flash.o
       544        172          0          0          0       3001   stm32f1xx_hal_flash_ex.o
       956        198          0          0          0       2984   stm32f1xx_hal_gpio.o
        60          8          0          0          0        834   stm32f1xx_hal_msp.o
      1858        196         18          0          0       5264   stm32f1xx_hal_rcc.o
      1286        150          0          0          0       5856   stm32f1xx_hal_uart.o
        20          0          0          0          0       3662   stm32f1xx_it.o
         2          0         24          4          0       1047   system_stm32f1xx.o
       294         38          0          0        144       3981   usart.o
      1432         18          0          0       1030       7595   ymodem.o

    ----------------------------------------------------------------------
      9952       1324        824         48       2800     573197   Object Totals
         0          0         32          0          0          0   (incl. Generated)
         6          0          2          2          2          0   (incl. Padding)

    ----------------------------------------------------------------------

      Code (inc. data)   RO Data    RW Data    ZI Data      Debug   Library Member Name

         8          0          0          0          0         68   __main.o
         0          0          0          0          0          0   __rtentry.o
        12          0          0          0          0          0   __rtentry2.o
         6          0          0          0          0          0   __rtentry4.o
        52          8          0          0          0          0   __scatter.o
        26          0          0          0          0          0   __scatter_copy.o
        28          0          0          0          0          0   __scatter_zi.o
        18          0          0          0          0         80   exit.o
         6          0          0          0          0        152   heapauxi.o
         2          0          0          0          0          0   libinit.o
         2          0          0          0          0          0   libinit2.o
         2          0          0          0          0          0   libshutdown.o
         2          0          0          0          0          0   libshutdown2.o
         8          4          0          0         96         68   libspace.o
        38          0          0          0          0         68   llushr.o
        78          0          0          0          0         80   rt_memclr_w.o
         2          0          0          0          0          0   rtexit.o
        10          0          0          0          0          0   rtexit2.o
       128          0          0          0          0         68   strcmpv7m.o
       150          0          0          0          0         80   strncmp.o
        74          0          0          0          0         80   sys_stackheap_outer.o
         2          0          0          0          0         68   use_no_semi.o
         2          0          0          0          0         68   use_no_semi_2.o

    ----------------------------------------------------------------------
       660         12          0          0         96        880   Library Totals
         4          0          0          0          0          0   (incl. Padding)

    ----------------------------------------------------------------------

      Code (inc. data)   RO Data    RW Data    ZI Data      Debug   Library Name

       656         12          0          0         96        880   c_w.l

    ----------------------------------------------------------------------
       660         12          0          0         96        880   Library Totals

    ----------------------------------------------------------------------

==============================================================================


      Code (inc. data)   RO Data    RW Data    ZI Data      Debug   

     10612       1336        824         48       2896     569341   Grand Totals
     10612       1336        824         48       2896     569341   ELF Image Totals
     10612       1336        824         48          0          0   ROM Totals

==============================================================================

    Total RO  Size (Code + RO Data)                11436 (  11.17kB)
    Total RW  Size (RW Data + ZI Data)              2944 (   2.88kB)
    Total ROM Size (Code + RO Data + RW Data)      11484 (  11.21kB)

==============================================================================

