Component: ARM Compiler 5.06 update 7 (build 960) Tool: armlink [4d3601]

==============================================================================

Section Cross References

    startup_stm32f103xe.o(STACK) refers (Special) to heapauxi.o(.text) for __use_two_region_memory
    startup_stm32f103xe.o(HEAP) refers (Special) to heapauxi.o(.text) for __use_two_region_memory
    startup_stm32f103xe.o(RESET) refers (Special) to heapauxi.o(.text) for __use_two_region_memory
    startup_stm32f103xe.o(RESET) refers to startup_stm32f103xe.o(STACK) for __initial_sp
    startup_stm32f103xe.o(RESET) refers to startup_stm32f103xe.o(.text) for Reset_Handler
    startup_stm32f103xe.o(RESET) refers to stm32f1xx_it.o(i.NMI_Handler) for NMI_Handler
    startup_stm32f103xe.o(RESET) refers to stm32f1xx_it.o(i.HardFault_Handler) for HardFault_Handler
    startup_stm32f103xe.o(RESET) refers to stm32f1xx_it.o(i.MemManage_Handler) for MemManage_Handler
    startup_stm32f103xe.o(RESET) refers to stm32f1xx_it.o(i.BusFault_Handler) for BusFault_Handler
    startup_stm32f103xe.o(RESET) refers to stm32f1xx_it.o(i.UsageFault_Handler) for UsageFault_Handler
    startup_stm32f103xe.o(RESET) refers to stm32f1xx_it.o(i.SVC_Handler) for SVC_Handler
    startup_stm32f103xe.o(RESET) refers to stm32f1xx_it.o(i.DebugMon_Handler) for DebugMon_Handler
    startup_stm32f103xe.o(RESET) refers to stm32f1xx_it.o(i.PendSV_Handler) for PendSV_Handler
    startup_stm32f103xe.o(RESET) refers to stm32f1xx_it.o(i.SysTick_Handler) for SysTick_Handler
    startup_stm32f103xe.o(RESET) refers to stm32f1xx_it.o(i.DMA1_Channel1_IRQHandler) for DMA1_Channel1_IRQHandler
    startup_stm32f103xe.o(RESET) refers to stm32f1xx_it.o(i.DMA1_Channel5_IRQHandler) for DMA1_Channel5_IRQHandler
    startup_stm32f103xe.o(RESET) refers to stm32f1xx_it.o(i.TIM2_IRQHandler) for TIM2_IRQHandler
    startup_stm32f103xe.o(RESET) refers to stm32f1xx_it.o(i.TIM3_IRQHandler) for TIM3_IRQHandler
    startup_stm32f103xe.o(RESET) refers to stm32f1xx_it.o(i.USART1_IRQHandler) for USART1_IRQHandler
    startup_stm32f103xe.o(RESET) refers to stm32f1xx_it.o(i.USART2_IRQHandler) for USART2_IRQHandler
    startup_stm32f103xe.o(RESET) refers to stm32f1xx_it.o(i.UART4_IRQHandler) for UART4_IRQHandler
    startup_stm32f103xe.o(RESET) refers to stm32f1xx_it.o(i.UART5_IRQHandler) for UART5_IRQHandler
    startup_stm32f103xe.o(RESET) refers to stm32f1xx_it.o(i.TIM6_IRQHandler) for TIM6_IRQHandler
    startup_stm32f103xe.o(.text) refers (Special) to heapauxi.o(.text) for __use_two_region_memory
    startup_stm32f103xe.o(.text) refers to system_stm32f1xx.o(i.SystemInit) for SystemInit
    startup_stm32f103xe.o(.text) refers to __main.o(!!!main) for __main
    startup_stm32f103xe.o(.text) refers to startup_stm32f103xe.o(HEAP) for Heap_Mem
    startup_stm32f103xe.o(.text) refers to startup_stm32f103xe.o(STACK) for Stack_Mem
    main.o(i.SystemClock_Config) refers to rt_memclr_w.o(.text) for __aeabi_memclr4
    main.o(i.SystemClock_Config) refers to stm32f1xx_hal_rcc.o(i.HAL_RCC_OscConfig) for HAL_RCC_OscConfig
    main.o(i.SystemClock_Config) refers to stm32f1xx_hal_rcc.o(i.HAL_RCC_ClockConfig) for HAL_RCC_ClockConfig
    main.o(i.SystemClock_Config) refers to stm32f1xx_hal_rcc_ex.o(i.HAL_RCCEx_PeriphCLKConfig) for HAL_RCCEx_PeriphCLKConfig
    main.o(i.assert_failed) refers to _printf_percent.o(.ARM.Collect$$_printf_percent$$00000000) for _printf_percent
    main.o(i.assert_failed) refers to _printf_d.o(.ARM.Collect$$_printf_percent$$00000009) for _printf_d
    main.o(i.assert_failed) refers to _printf_s.o(.ARM.Collect$$_printf_percent$$00000014) for _printf_s
    main.o(i.assert_failed) refers to _printf_dec.o(.text) for _printf_int_dec
    main.o(i.assert_failed) refers to _printf_str.o(.text) for _printf_str
    main.o(i.assert_failed) refers to __2printf.o(.text) for __2printf
    main.o(i.main) refers to stm32f1xx_hal.o(i.HAL_Init) for HAL_Init
    main.o(i.main) refers to main.o(i.SystemClock_Config) for SystemClock_Config
    main.o(i.main) refers to gpio.o(i.MX_GPIO_Init) for MX_GPIO_Init
    main.o(i.main) refers to dma.o(i.MX_DMA_Init) for MX_DMA_Init
    main.o(i.main) refers to tim.o(i.MX_TIM6_Init) for MX_TIM6_Init
    main.o(i.main) refers to adc.o(i.MX_ADC1_Init) for MX_ADC1_Init
    main.o(i.main) refers to tim.o(i.MX_TIM3_Init) for MX_TIM3_Init
    main.o(i.main) refers to tim.o(i.MX_TIM1_Init) for MX_TIM1_Init
    main.o(i.main) refers to dac.o(i.MX_DAC_Init) for MX_DAC_Init
    main.o(i.main) refers to usart.o(i.MX_UART4_Init) for MX_UART4_Init
    main.o(i.main) refers to usart.o(i.MX_UART5_Init) for MX_UART5_Init
    main.o(i.main) refers to usart.o(i.MX_USART1_UART_Init) for MX_USART1_UART_Init
    main.o(i.main) refers to tim.o(i.MX_TIM8_Init) for MX_TIM8_Init
    main.o(i.main) refers to usart.o(i.MX_USART2_UART_Init) for MX_USART2_UART_Init
    main.o(i.main) refers to tim.o(i.MX_TIM2_Init) for MX_TIM2_Init
    main.o(i.main) refers to task.o(i.Link_Init) for Link_Init
[...]
    MX_TIM2_Init                             0x0800bda9   Thumb Code   166  tim.o(i.MX_TIM2_Init)
    MX_TIM3_Init                             0x0800be55   Thumb Code   172  tim.o(i.MX_TIM3_Init)
    MX_TIM6_Init                             0x0800bf09   Thumb Code    62  tim.o(i.MX_TIM6_Init)
    MX_TIM8_Init                             0x0800bf51   Thumb Code   186  tim.o(i.MX_TIM8_Init)
    MX_UART4_Init                            0x0800c015   Thumb Code    48  usart.o(i.MX_UART4_Init)
    MX_UART5_Init                            0x0800c04d   Thumb Code    48  usart.o(i.MX_UART5_Init)
    MX_USART1_UART_Init                      0x0800c085   Thumb Code    48  usart.o(i.MX_USART1_UART_Init)
    MX_USART2_UART_Init                      0x0800c0bd   Thumb Code    48  usart.o(i.MX_USART2_UART_Init)
    MemManage_Handler                        0x0800c1b5   Thumb Code     2  stm32f1xx_it.o(i.MemManage_Handler)
    MiddleAverageValueFilter                 0x0800c1b7   Thumb Code    76  filter.o(i.MiddleAverageValueFilter)
    NMI_Handler                              0x0800c203   Thumb Code     2  stm32f1xx_it.o(i.NMI_Handler)
    PendSV_Handler                           0x0800c205   Thumb Code     2  stm32f1xx_it.o(i.PendSV_Handler)
    RingBufferClear                          0x0800c3a7   Thumb Code     8  ringbuffer.o(i.RingBufferClear)
    RingBufferEmpty                          0x0800c3af   Thumb Code    16  ringbuffer.o(i.RingBufferEmpty)
    RingBufferGet                            0x0800c3bf   Thumb Code    70  ringbuffer.o(i.RingBufferGet)
    RingBufferPut                            0x0800c405   Thumb Code    80  ringbuffer.o(i.RingBufferPut)
    SVC_Handler                              0x0800c455   Thumb Code     2  stm32f1xx_it.o(i.SVC_Handler)
    SysTick_Handler                          0x0800c5cf   Thumb Code     4  stm32f1xx_it.o(i.SysTick_Handler)
    SystemClock_Config                       0x0800c5d3   Thumb Code   128  main.o(i.SystemClock_Config)
    SystemInit                               0x0800c655   Thumb Code     8  system_stm32f1xx.o(i.SystemInit)
    TIM2_IRQHandler                          0x0800c665   Thumb Code     6  stm32f1xx_it.o(i.TIM2_IRQHandler)
    TIM3_IRQHandler                          0x0800c671   Thumb Code     6  stm32f1xx_it.o(i.TIM3_IRQHandler)
    TIM6_IRQHandler                          0x0800c67d   Thumb Code     6  stm32f1xx_it.o(i.TIM6_IRQHandler)
    TIM_Base_SetConfig                       0x0800c689   Thumb Code   120  stm32f1xx_hal_tim.o(i.TIM_Base_SetConfig)
    TIM_CCxChannelCmd                        0x0800c715   Thumb Code   106  stm32f1xx_hal_tim.o(i.TIM_CCxChannelCmd)
    TIM_ETR_SetConfig                        0x0800c7e7   Thumb Code    20  stm32f1xx_hal_tim.o(i.TIM_ETR_SetConfig)
    TIM_OC2_SetConfig                        0x0800c8f1   Thumb Code   170  stm32f1xx_hal_tim.o(i.TIM_OC2_SetConfig)
    TIM_TI1_SetConfig                        0x0800cb91   Thumb Code    88  stm32f1xx_hal_tim.o(i.TIM_TI1_SetConfig)
    Task_Console                             0x0800cc59   Thumb Code    30  task_console.o(i.Task_Console)
    Task_FB_Marks_Handler_Callback           0x0800cd15   Thumb Code    38  task_feedback.o(i.Task_FB_Marks_Handler_Callback)
    Task_FB_Pro_Handler_Callback             0x0800cd41   Thumb Code    52  task_feedback.o(i.Task_FB_Pro_Handler_Callback)
    Task_FB_Protect_Enable                   0x0800cdbd   Thumb Code    20  task_fb_protect.o(i.Task_FB_Protect_Enable)
    Task_FB_Protect_Handler_Callback         0x0800cdd5   Thumb Code    52  task_fb_protect.o(i.Task_FB_Protect_Handler_Callback)
    Task_FB_Protect_Marks_Handler_Callback   0x0800ce0d   Thumb Code    38  task_fb_protect.o(i.Task_FB_Protect_Marks_Handler_Callback)
    Task_FB_Protect_Search                   0x0800ce39   Thumb Code    70  task_fb_protect.o(i.Task_FB_Protect_Search)
    Task_Heartbeat_Message                   0x0800d085   Thumb Code    40  task_heartbeatmessage.o(i.Task_Heartbeat_Message)
    Task_Marks_Handler_Callback              0x0800d0b1   Thumb Code    38  task.o(i.Task_Marks_Handler_Callback)
    Task_PolityHigh                          0x0800d0dd   Thumb Code    48  task_polityhigh.o(i.Task_PolityHigh)
    Task_Pro_Handler_Callback                0x0800d111   Thumb Code    60  task.o(i.Task_Pro_Handler_Callback)
    Task_Protect                             0x0800d151   Thumb Code    42  task_protect.o(i.Task_Protect)
    Task_SysDete_Marks_Handler_Callback      0x0800d181   Thumb Code    36  task_devicedetection.o(i.Task_SysDete_Marks_Handler_Callback)
    Task_SystemDetection                     0x0800d1a9   Thumb Code    48  task_devicedetection.o(i.Task_SystemDetection)
    Task_SystemRun                           0x0800d1dd   Thumb Code    32  task_devicerun.o(i.Task_SystemRun)
    Task_TimeProc                            0x0800d201   Thumb Code    22  task_common.o(i.Task_TimeProc)
    UART4_IRQHandler                         0x0800d219   Thumb Code     6  stm32f1xx_it.o(i.UART4_IRQHandler)
    UART5_IRQHandler                         0x0800d225   Thumb Code     6  stm32f1xx_it.o(i.UART5_IRQHandler)
    UART_Start_Receive_DMA                   0x0800d4d5   Thumb Code   134  stm32f1xx_hal_uart.o(i.UART_Start_Receive_DMA)
    USART1_IRQHandler                        0x0800d5e1   Thumb Code     6  stm32f1xx_it.o(i.USART1_IRQHandler)
    USART2_IRQHandler                        0x0800d5ed   Thumb Code     6  stm32f1xx_it.o(i.USART2_IRQHandler)
    UsageFault_Handler                       0x0800d5f9   Thumb Code     2  stm32f1xx_it.o(i.UsageFault_Handler)
    Voltage_Extract                          0x0800d5fd   Thumb Code   108  app_acvoltage.o(i.Voltage_Extract)
    Voltage_Read                             0x0800d66d   Thumb Code     6  app_acvoltage.o(i.Voltage_Read)
    _is_digit                                0x0800d699   Thumb Code    14  __printf_wp.o(i._is_digit)
    _sys_exit                                0x0800d6a7   Thumb Code     2  bsp_common.o(i._sys_exit)
    assert_failed                            0x0800d791   Thumb Code    10  main.o(i.assert_failed)
    cf_Config_App_Flag                       0x0800d7cd   Thumb Code    76  configflag.o(i.cf_Config_App_Flag)
    easyflash_init                           0x0800db7d   Thumb Code    46  easyflash.o(i.easyflash_init)
    ef_calc_crc32                            0x0800dbb1   Thumb Code    32  ef_utils.o(i.ef_calc_crc32)
    ef_env_init                              0x0800dbd5   Thumb Code    68  ef_env.o(i.ef_env_init)
    ef_env_set_default                       0x0800dc21   Thumb Code   118  ef_env.o(i.ef_env_set_default)
    ef_get_env_blob                          0x0800dc9d   Thumb Code    84  ef_env.o(i.ef_get_env_blob)
    ef_load_env                              0x0800dcf5   Thumb Code   100  ef_env.o(i.ef_load_env)
    ef_port_env_lock                         0x0800dd69   Thumb Code     2  ef_port.o(i.ef_port_env_lock)
    ef_port_env_unlock                       0x0800dd6b   Thumb Code     2  ef_port.o(i.ef_port_env_unlock)
    ef_port_erase                            0x0800dd6d   Thumb Code    26  ef_port.o(i.ef_port_erase)
    ef_port_init                             0x0800dd8d   Thumb Code    26  ef_port.o(i.ef_port_init)
    ef_port_read                             0x0800ddb5   Thumb Code    22  ef_port.o(i.ef_port_read)
    ef_port_write                            0x0800ddd1   Thumb Code    28  ef_port.o(i.ef_port_write)
    ef_set_env_blob                          0x0800ddf1   Thumb Code    42  ef_env.o(i.ef_set_env_blob)
    fal_flash_device_find                    0x0800dec5   Thumb Code    36  fal_flash.o(i.fal_flash_device_find)
    fal_flash_init                           0x0800deed   Thumb Code    36  fal_flash.o(i.fal_flash_init)
    fal_init                                 0x0800df19   Thumb Code    36  fal.o(i.fal_init)
    fal_partition_erase                      0x0800df41   Thumb Code    52  fal_partition.o(i.fal_partition_erase)
    fal_partition_find                       0x0800df75   Thumb Code    46  fal_partition.o(i.fal_partition_find)
    fal_partition_init                       0x0800dfa9   Thumb Code    30  fal_partition.o(i.fal_partition_init)
    fal_partition_read                       0x0800dfd1   Thumb Code    56  fal_partition.o(i.fal_partition_read)
    fal_partition_write                      0x0800e009   Thumb Code    56  fal_partition.o(i.fal_partition_write)
    flash_read                               0x0800e171   Thumb Code    26  task_feedback.o(i.flash_read)
    fputc                                    0x0800e1e9   Thumb Code    20  bsp_common.o(i.fputc)
    main                                     0x0800e3b9   Thumb Code   142  main.o(i.main)
    s_stKeyCfg                               0x0800eac4   Data          24  bsp_key.o(.constdata)
    NTC10K3950                               0x0800eadc   Data         200  bsp_adc.o(.constdata)
    s_stPowerCfg                             0x0800eba4   Data          32  bsp_dac.o(.constdata)
    g_stUartCfg                              0x0800ebc4   Data          84  bsp_uart.o(.constdata)
    s_stLockCfg                              0x0800ec18   Data          12  bsp_safelocker.o(.constdata)
    g_stLedCfg                               0x0800ec24   Data          24  bsp_led.o(.constdata)
    s_stFanBspCfg                            0x0800ec3c   Data          32  bsp_fan.o(.constdata)
    s_stBuzzerCfg                            0x0800ec5c   Data          12  bsp_buzzer.o(.constdata)
    LaserIndicator                           0x0800ec70   Data          10  app_laser.o(.constdata)
    CurrentAdc                               0x0800ec7a   Data         100  app_protect.o(.constdata)
    stm32_onchip_flash                       0x0800ece4   Data          56  fal_flash_stm32_port.o(.constdata)
    AHBPrescTable                            0x0800f14c   Data          16  system_stm32f1xx.o(.constdata)
    APBPrescTable                            0x0800f15c   Data           8  system_stm32f1xx.o(.constdata)
    Region$$Table$$Base                      0x0800f30c   Number         0  anon$$obj.o(Region$$Table)
    Region$$Table$$Limit                     0x0800f32c   Number         0  anon$$obj.o(Region$$Table)
    __stdout                                 0x20000000   Data           4  bsp_common.o(.data)
    s_stFrequency                            0x20000004   Data           4  bsp_frequency.o(.data)
    s_stRx_RingBuffer0                       0x20000008   Data          16  bsp_uart.o(.data)
    s_stTx_RingBuffer0                       0x20000018   Data          16  bsp_uart.o(.data)
    s_stRx_RingBuffer1                       0x20000028   Data          16  bsp_uart.o(.data)
    s_stTx_RingBuffer1                       0x20000038   Data          16  bsp_uart.o(.data)
    s_stRx_RingBuffer2                       0x20000048   Data          16  bsp_uart.o(.data)
    s_stTx_RingBuffer2                       0x20000058   Data          16  bsp_uart.o(.data)
    s_stACvoltage                            0x20000068   Data           2  app_acvoltage.o(.data)
    s_stHandpieceTcb                         0x2000006a   Data           2  app_handpiece.o(.data)
    s_stSafeLockerTcb                        0x2000006c   Data           2  app_safelocker.o(.data)
    s_stSystemParametser                     0x20000074   Data          12  app_operate.o(.data)
    ENERGY                                   0x20000080   Data          60  app_laser.o(.data)
    s_stLaserTcb                             0x200000bc   Data          20  app_laser.o(.data)
    s_stLedTcb                               0x200000d2   Data           6  app_led.o(.data)
    s_stFactoryTcb                           0x200000d8   Data           1  app_factory.o(.data)
    s_stVoltageDeteTcb                       0x200000dc   Data          24  app_voltagedetection.o(.data)
    s_stMosTcb                               0x200000f4   Data           3  app_mos.o(.data)
    s_stProtectTcb                           0x20000100   Data           4  app_protect.o(.data)
    s_stBuzzerTcb                            0x20000108   Data           8  app_buzzer.o(.data)
    TaskQty                                  0x20000164   Data           1  task.o(.data)
    Task                                     0x20000168   Data          80  task.o(.data)
    uwTickFreq                               0x200003a4   Data           1  stm32f1xx_hal.o(.data)
    uwTickPrio                               0x200003a8   Data           4  stm32f1xx_hal.o(.data)
    uwTick                                   0x200003ac   Data           4  stm32f1xx_hal.o(.data)
    SystemCoreClock                          0x200003b0   Data           4  system_stm32f1xx.o(.data)
    hadc1                                    0x200003b4   Data          48  adc.o(.bss)
    hdma_adc1                                0x200003e4   Data          68  adc.o(.bss)
    hdac                                     0x20000428   Data          20  dac.o(.bss)
    htim1                                    0x2000043c   Data          72  tim.o(.bss)
    htim2                                    0x20000484   Data          72  tim.o(.bss)
    htim3                                    0x200004cc   Data          72  tim.o(.bss)
    htim6                                    0x20000514   Data          72  tim.o(.bss)
    htim8                                    0x2000055c   Data          72  tim.o(.bss)
    huart4                                   0x200005a4   Data          72  usart.o(.bss)
    huart5                                   0x200005ec   Data          72  usart.o(.bss)
    huart1                                   0x20000634   Data          72  usart.o(.bss)
    huart2                                   0x2000067c   Data          72  usart.o(.bss)
    hdma_usart1_rx                           0x200006c4   Data          68  usart.o(.bss)
    AdcValueTab                              0x20000708   Data          12  bsp_adc.o(.bss)
    RxBuffer0                                0x20000714   Data         128  bsp_uart.o(.bss)
    TxBuffer0                                0x20000794   Data         128  bsp_uart.o(.bss)
    TxUartBuffer0                            0x20000814   Data         128  bsp_uart.o(.bss)
    RxBuffer1                                0x20000894   Data          32  bsp_uart.o(.bss)
    RxUartBuffer1                            0x200008b4   Data          32  bsp_uart.o(.bss)
    TxBuffer1                                0x200008d4   Data          32  bsp_uart.o(.bss)
    TxUartBuffer1                            0x200008f4   Data          32  bsp_uart.o(.bss)
    RxBuffer2                                0x20000914   Data         512  bsp_uart.o(.bss)
    TxBuffer2                                0x20000b14   Data         512  bsp_uart.o(.bss)
    TxUartBuffer2                            0x20000d14   Data         512  bsp_uart.o(.bss)
    s_stFanBspTcb                            0x20000f14   Data          12  bsp_fan.o(.bss)
    s_stKeyTcb                               0x20000f20   Data          32  app_key.o(.bss)
    s_stAppLedTcb                            0x20000f40   Data          36  app_led.o(.bss)
    Speed                                    0x20000f64   Data          16  app_fan.o(.bss)
    s_stFanTcb                               0x20000f74   Data          16  app_fan.o(.bss)
    env_cache_table                          0x20000fbc   Data         128  ef_env.o(.bss)
    sector_cache_table                       0x2000103c   Data          32  ef_env.o(.bss)
    pFlash                                   0x20001130   Data          32  stm32f1xx_hal_flash.o(.bss)
    __libspace_start                         0x20001150   Data          96  libspace.o(.bss)
    __temporary_stack_top$libspace           0x200011b0   Data           0  libspace.o(.bss)



==============================================================================

Memory Map of the image

  Image Entry point : 0x08005131

  Load Region LR_IROM1 (Base: 0x08005000, Size: 0x0000a6e0, Max: 0x00040000, ABSOLUTE, COMPRESSED[0x0000a54c])

    Execution Region ER_IROM1 (Exec base: 0x08005000, Load base: 0x08005000, Size: 0x0000a32c, Max: 0x00040000, ABSOLUTE)

    Exec Addr    Load Addr    Size         Type   Attr      Idx    E Section Name        Object

    0x08005000   0x08005000   0x00000130   Data   RO            3    RESET               startup_stm32f103xe.o
    0x08005130   0x08005130   0x00000008   Code   RO         7334  * !!!main             c_w.l(__main.o)
    0x08005138   0x08005138   0x00000034   Code   RO         7645    !!!scatter          c_w.l(__scatter.o)
    0x0800516c   0x0800516c   0x0000005a   Code   RO         7643    !!dczerorl2         c_w.l(__dczerorl2.o)
    0x080051c6   0x080051c6   0x00000002   PAD
    0x080051c8   0x080051c8   0x0000001c   Code   RO         7647    !!handler_zi        c_w.l(__scatter_zi.o)
    0x080051e4   0x080051e4   0x00000000   Code   RO         7313    .ARM.Collect$$_printf_percent$$00000000  c_w.l(_printf_percent.o)
    0x080051e4   0x080051e4   0x00000006   Code   RO         7312    .ARM.Collect$$_printf_percent$$00000009  c_w.l(_printf_d.o)
    0x080051ea   0x080051ea   0x00000006   Code   RO         7311    .ARM.Collect$$_printf_percent$$00000014  c_w.l(_printf_s.o)
    0x080051f0   0x080051f0   0x00000004   Code   RO         7403    .ARM.Collect$$_printf_percent$$00000017  c_w.l(_printf_percent_end.o)
    0x080051f4   0x080051f4   0x00000002   Code   RO         7513    .ARM.Collect$$libinit$$00000000  c_w.l(libinit.o)
    0x080051f6   0x080051f6   0x00000000   Code   RO         7522    .ARM.Collect$$libinit$$00000002  c_w.l(libinit2.o)
    0x080051f6   0x080051f6   0x00000000   Code   RO         7524    .ARM.Collect$$libinit$$00000004  c_w.l(libinit2.o)
    0x080051f6   0x080051f6   0x00000000   Code   RO         7527    .ARM.Collect$$libinit$$0000000A  c_w.l(libinit2.o)
    0x080051f6   0x080051f6   0x00000000   Code   RO         7529    .ARM.Collect$$libinit$$0000000C  c_w.l(libinit2.o)
    0x080051f6   0x080051f6   0x00000000   Code   RO         7531    .ARM.Collect$$libinit$$0000000E  c_w.l(libinit2.o)
    0x080051f6   0x080051f6   0x00000000   Code   RO         7534    .ARM.Collect$$libinit$$00000011  c_w.l(libinit2.o)
    0x080051f6   0x080051f6   0x00000000   Code   RO         7536    .ARM.Collect$$libinit$$00000013  c_w.l(libinit2.o)
    0x080051f6   0x080051f6   0x00000000   Code   RO         7538    .ARM.Collect$$libinit$$00000015  c_w.l(libinit2.o)
    0x080051f6   0x080051f6   0x00000000   Code   RO         7540    .ARM.Collect$$libinit$$00000017  c_w.l(libinit2.o)
    0x080051f6   0x080051f6   0x00000000   Code   RO         7542    .ARM.Collect$$libinit$$00000019  c_w.l(libinit2.o)
    0x080051f6   0x080051f6   0x00000000   Code   RO         7544    .ARM.Collect$$libinit$$0000001B  c_w.l(libinit2.o)
    0x080051f6   0x080051f6   0x00000000   Code   RO         7546    .ARM.Collect$$libinit$$0000001D  c_w.l(libinit2.o)
    0x080051f6   0x080051f6   0x00000000   Code   RO         7548    .ARM.Collect$$libinit$$0000001F  c_w.l(libinit2.o)
    0x080051f6   0x080051f6   0x00000000   Code   RO         7550    .ARM.Collect$$libinit$$00000021  c_w.l(libinit2.o)
    0x080051f6   0x080051f6   0x00000000   Code   RO         7552    .ARM.Collect$$libinit$$00000023  c_w.l(libinit2.o)
    0x080051f6   0x080051f6   0x00000000   Code   RO         7554    .ARM.Collect$$libinit$$00000025  c_w.l(libinit2.o)
    0x080051f6   0x080051f6   0x00000000   Code   RO         7558    .ARM.Collect$$libinit$$0000002C  c_w.l(libinit2.o)
    0x080051f6   0x080051f6   0x00000000   Code   RO         7560    .ARM.Collect$$libinit$$0000002E  c_w.l(libinit2.o)
    0x080051f6   0x080051f6   0x00000000   Code   RO         7562    .ARM.Collect$$libinit$$00000030  c_w.l(libinit2.o)
    0x080051f6   0x080051f6   0x00000000   Code   RO         7564    .ARM.Collect$$libinit$$00000032  c_w.l(libinit2.o)
    0x080051f6   0x080051f6   0x00000002   Code   RO         7565    .ARM.Collect$$libinit$$00000033  c_w.l(libinit2.o)
    0x080051f8   0x080051f8   0x00000002   Code   RO         7583    .ARM.Collect$$libshutdown$$00000000  c_w.l(libshutdown.o)
    0x080051fa   0x080051fa   0x00000000   Code   RO         7593    .ARM.Collect$$libshutdown$$00000002  c_w.l(libshutdown2.o)
    0x080051fa   0x080051fa   0x00000000   Code   RO         7595    .ARM.Collect$$libshutdown$$00000004  c_w.l(libshutdown2.o)
    0x080051fa   0x080051fa   0x00000000   Code   RO         7597    .ARM.Collect$$libshutdown$$00000006  c_w.l(libshutdown2.o)
    0x080051fa   0x080051fa   0x00000000   Code   RO         7600    .ARM.Collect$$libshutdown$$00000009  c_w.l(libshutdown2.o)
    0x080051fa   0x080051fa   0x00000000   Code   RO         7603    .ARM.Collect$$libshutdown$$0000000C  c_w.l(libshutdown2.o)
    0x080051fa   0x080051fa   0x00000000   Code   RO         7605    .ARM.Collect$$libshutdown$$0000000E  c_w.l(libshutdown2.o)
    0x080051fa   0x080051fa   0x00000000   Code   RO         7608    .ARM.Collect$$libshutdown$$00000011  c_w.l(libshutdown2.o)
    0x080051fa   0x080051fa   0x00000002   Code   RO         7609    .ARM.Collect$$libshutdown$$00000012  c_w.l(libshutdown2.o)
    0x080051fc   0x080051fc   0x00000000   Code   RO         7338    .ARM.Collect$$rtentry$$00000000  c_w.l(__rtentry.o)
    0x080051fc   0x080051fc   0x00000000   Code   RO         7429    .ARM.Collect$$rtentry$$00000002  c_w.l(__rtentry2.o)
    0x080051fc   0x080051fc   0x00000006   Code   RO         7441    .ARM.Collect$$rtentry$$00000004  c_w.l(__rtentry4.o)
    0x08005202   0x08005202   0x00000000   Code   RO         7431    .ARM.Collect$$rtentry$$00000009  c_w.l(__rtentry2.o)
    0x08005202   0x08005202   0x00000004   Code   RO         7432    .ARM.Collect$$rtentry$$0000000A  c_w.l(__rtentry2.o)
    0x08005206   0x08005206   0x00000000   Code   RO         7434    .ARM.Collect$$rtentry$$0000000C  c_w.l(__rtentry2.o)
    0x08005206   0x08005206   0x00000008   Code   RO         7435    .ARM.Collect$$rtentry$$0000000D  c_w.l(__rtentry2.o)
    0x0800520e   0x0800520e   0x00000002   Code   RO         7519    .ARM.Collect$$rtexit$$00000000  c_w.l(rtexit.o)
    0x08005210   0x08005210   0x00000000   Code   RO         7567    .ARM.Collect$$rtexit$$00000002  c_w.l(rtexit2.o)
    0x08005210   0x08005210   0x00000004   Code   RO         7568    .ARM.Collect$$rtexit$$00000003  c_w.l(rtexit2.o)
    0x08005214   0x08005214   0x00000006   Code   RO         7569    .ARM.Collect$$rtexit$$00000004  c_w.l(rtexit2.o)
    0x0800521a   0x0800521a   0x00000002   PAD
    0x0800521c   0x0800521c   0x00000040   Code   RO            4    .text               startup_stm32f103xe.o
    0x0800525c   0x0800525c   0x00000002   Code   RO         7271    .text               c_w.l(use_no_semi_2.o)
    0x0800525e   0x0800525e   0x00000026   Code   RO         7273    .text               c_w.l(llushr.o)
    0x08005284   0x08005284   0x00000018   Code   RO         7277    .text               c_w.l(__2printf.o)
    0x0800529c   0x0800529c   0x00000052   Code   RO         7287    .text               c_w.l(_printf_str.o)
    0x080052ee   0x080052ee   0x00000002   PAD
    0x080052f0   0x080052f0   0x00000078   Code   RO         7289    .text               c_w.l(_printf_dec.o)
    0x08005368   0x08005368   0x00000188   Code   RO         7308    .text               c_w.l(__printf_flags_ss_wp.o)
    0x080054f0   0x080054f0   0x0000003e   Code   RO         7316    .text               c_w.l(strlen.o)
    0x0800552e   0x0800552e   0x00000096   Code   RO         7318    .text               c_w.l(strncmp.o)
    0x080055c4   0x080055c4   0x0000008a   Code   RO         7320    .text               c_w.l(rt_memcpy_v6.o)
    0x0800564e   0x0800564e   0x00000010   Code   RO         7322    .text               c_w.l(aeabi_memset.o)
    0x0800565e   0x0800565e   0x00000044   Code   RO         7324    .text               c_w.l(rt_memclr.o)
    0x080056a2   0x080056a2   0x0000004e   Code   RO         7326    .text               c_w.l(rt_memclr_w.o)
    0x080056f0   0x080056f0   0x00000056   Code   RO         7328    .text               c_w.l(strncpy.o)
    0x08005746   0x08005746   0x00000002   PAD
    0x08005748   0x08005748   0x00000080   Code   RO         7330    .text               c_w.l(strcmpv7m.o)
    0x080057c8   0x080057c8   0x00000006   Code   RO         7332    .text               c_w.l(heapauxi.o)
    0x080057ce   0x080057ce   0x00000002   Code   RO         7336    .text               c_w.l(use_no_semi.o)
    0x080057d0   0x080057d0   0x000000b2   Code   RO         7348    .text               c_w.l(_printf_intcommon.o)
    0x08005882   0x08005882   0x00000002   PAD
    0x08005884   0x08005884   0x00000030   Code   RO         7352    .text               c_w.l(_printf_char_common.o)
    0x080058b4   0x080058b4   0x0000002c   Code   RO         7356    .text               c_w.l(_printf_char.o)
    0x080058e0   0x080058e0   0x00000024   Code   RO         7358    .text               c_w.l(_printf_char_file.o)
    0x08005904   0x08005904   0x00000064   Code   RO         7415    .text               c_w.l(rt_memcpy_w.o)
    0x08005968   0x08005968   0x00000008   Code   RO         7425    .text               c_w.l(libspace.o)
    0x08005970   0x08005970   0x00000008   Code   RO         7458    .text               c_w.l(ferror.o)
    0x08005978   0x08005978   0x0000004a   Code   RO         7464    .text               c_w.l(sys_stackheap_outer.o)
    0x080059c2   0x080059c2   0x00000012   Code   RO         7506    .text               c_w.l(exit.o)
    0x080059d4   0x080059d4   0x0000004c   Code   RO         2809    i.AC_Console        task_console.o
    0x08005a20   0x08005a20   0x00000054   Code   RO         4319    i.ADC_ConversionStop_Disable  stm32f1xx_hal_adc.o
    0x08005a74   0x08005a74   0x0000004e   Code   RO         4320    i.ADC_DMAConvCplt   stm32f1xx_hal_adc.o
    0x08005ac2   0x08005ac2   0x0000001a   Code   RO         4321    i.ADC_DMAError      stm32f1xx_hal_adc.o
    0x08005adc   0x08005adc   0x0000000a   Code   RO         4322    i.ADC_DMAHalfConvCplt  stm32f1xx_hal_adc.o
    0x08005ae6   0x08005ae6   0x00000002   PAD
    0x08005ae8   0x08005ae8   0x00000078   Code   RO         4323    i.ADC_Enable        stm32f1xx_hal_adc.o
    0x08005b60   0x08005b60   0x00000030   Code   RO         2578    i.APP_Buzzer_Config  app_buzzer.o
    0x08005b90   0x08005b90   0x0000004c   Code   RO         2580    i.APP_Buzzer_Init   app_buzzer.o
    0x08005bdc   0x08005bdc   0x00000034   Code   RO         2581    i.APP_Buzzer_Long   app_buzzer.o
    0x08005c10   0x08005c10   0x00000040   Code   RO         2583    i.APP_Buzzer_Task   app_buzzer.o
    0x08005c50   0x08005c50   0x00000032   Code   RO         1658    i.APP_Common_GetParameters  app_common.o
    0x08005c82   0x08005c82   0x00000004   Code   RO         1659    i.APP_Common_SaveParameters  app_common.o
    0x08005c86   0x08005c86   0x00000002   PAD
    0x08005c88   0x08005c88   0x0000000c   Code   RO         2257    i.APP_Factory_Init  app_factory.o
    0x08005c94   0x08005c94   0x00000034   Code   RO         2295    i.APP_Fan_Init      app_fan.o
    0x08005cc8   0x08005cc8   0x00000038   Code   RO         2297    i.APP_Fan_Task      app_fan.o
    0x08005d00   0x08005d00   0x00000024   Code   RO         1775    i.APP_Handpiece_Init  app_handpiece.o
    0x08005d24   0x08005d24   0x00000032   Code   RO         1660    i.APP_Init          app_common.o
    0x08005d56   0x08005d56   0x00000002   PAD
    0x08005d58   0x08005d58   0x0000000c   Code   RO         1967    i.APP_IsLaserRunning  app_operate.o
    0x08005d64   0x08005d64   0x00000028   Code   RO         1910    i.APP_IsSafeLockErr  app_safelocker.o
    0x08005d8c   0x08005d8c   0x0000000c   Code   RO         1968    i.APP_IsSystemReady  app_operate.o
    0x08005d98   0x08005d98   0x0000001c   Code   RO         1826    i.APP_KEY_DelayConfig  app_key.o
    0x08005db4   0x08005db4   0x0000003c   Code   RO         1827    i.APP_KEY_Init      app_key.o
    0x08005df0   0x08005df0   0x0000001e   Code   RO         1828    i.APP_KEY_IsPress   app_key.o
    0x08005e0e   0x08005e0e   0x00000002   PAD
    0x08005e10   0x08005e10   0x00000084   Code   RO         1829    i.APP_KEY_Task      app_key.o
    0x08005e94   0x08005e94   0x00000018   Code   RO         1830    i.APP_Key_ReadVal   app_key.o
    0x08005eac   0x08005eac   0x00000028   Code   RO         2198    i.APP_LED_AllConfig  app_led.o
    0x08005ed4   0x08005ed4   0x00000088   Code   RO         2199    i.APP_LED_Config    app_led.o
    0x08005f5c   0x08005f5c   0x00000058   Code   RO         2200    i.APP_LED_ConfigColor  app_led.o
    0x08005fb4   0x08005fb4   0x000000c4   Code   RO         2201    i.APP_LED_Init      app_led.o
    0x08006078   0x08006078   0x000000ac   Code   RO         2202    i.APP_LED_Task      app_led.o
    0x08006124   0x08006124   0x00000024   Code   RO         2203    i.APP_LED_TimeProc  app_led.o
    0x08006148   0x08006148   0x00000018   Code   RO         1969    i.APP_LaserCountCallback  app_operate.o
    0x08006160   0x08006160   0x0000000c   Code   RO         2070    i.APP_LaserReadPulse  app_laser.o
    0x0800616c   0x0800616c   0x0000000c   Code   RO         2071    i.APP_LaserReadPulseWidth  app_laser.o
    0x08006178   0x08006178   0x00000054   Code   RO         2072    i.APP_LaserRefresh  app_laser.o
    0x080061cc   0x080061cc   0x00000048   Code   RO         2073    i.APP_LaserRefreshMedical  app_laser.o
    0x08006214   0x08006214   0x00000034   Code   RO         1971    i.APP_LaserRunning  app_operate.o
    0x08006248   0x08006248   0x00000030   Code   RO         2074    i.APP_Laser_EnergyReady  app_laser.o
    0x08006278   0x08006278   0x0000000c   Code   RO         2075    i.APP_Laser_IndicatorReadEnergy  app_laser.o
    0x08006284   0x08006284   0x0000002c   Code   RO         2076    i.APP_Laser_IndicatorWriteEnergy  app_laser.o
    0x080062b0   0x080062b0   0x0000001e   Code   RO         2077    i.APP_Laser_Init    app_laser.o
    0x080062ce   0x080062ce   0x00000002   PAD
    0x080062d0   0x080062d0   0x0000003c   Code   RO         2078    i.APP_Laser_OutEnable  app_laser.o
    0x0800630c   0x0800630c   0x0000000c   Code   RO         2079    i.APP_Laser_ReadEnergy  app_laser.o
    0x08006318   0x08006318   0x0000000c   Code   RO         2080    i.APP_Laser_ReadFrequency  app_laser.o
    0x08006324   0x08006324   0x0000000c   Code   RO         2081    i.APP_Laser_ReadPulseMode  app_laser.o
    0x08006330   0x08006330   0x00000038   Code   RO         2082    i.APP_Laser_WriteEnergy  app_laser.o
    0x08006368   0x08006368   0x0000001c   Code   RO         2083    i.APP_Laser_WriteFrequency  app_laser.o
    0x08006384   0x08006384   0x00000018   Code   RO         2084    i.APP_Laser_WriteMode  app_laser.o
    0x0800639c   0x0800639c   0x00000024   Code   RO         2085    i.APP_Laser_WritePulse  app_laser.o
    0x080063c0   0x080063c0   0x00000024   Code   RO         2087    i.APP_Laser_WritePulseWidth  app_laser.o
    0x080063e4   0x080063e4   0x00000058   Code   RO         2409    i.APP_Mos_Init      app_mos.o
    0x0800643c   0x0800643c   0x00000018   Code   RO         2410    i.APP_Mos_IsTemperatureOver  app_mos.o
    0x08006454   0x08006454   0x0000000c   Code   RO         2411    i.APP_Mos_ReadOverTemperaturePROT  app_mos.o
    0x08006460   0x08006460   0x0000000c   Code   RO         2412    i.APP_Mos_ReadTemperature  app_mos.o
    0x0800646c   0x0800646c   0x00000034   Code   RO         2413    i.APP_Mos_Task      app_mos.o
    0x080064a0   0x080064a0   0x00000028   Code   RO         2414    i.APP_Mos_WriteOverTemperaturePROT  app_mos.o
    0x080064c8   0x080064c8   0x00000030   Code   RO         2415    i.APP_Mos_WriteTemperatrueTH  app_mos.o
    0x080064f8   0x080064f8   0x00000022   Code   RO         2478    i.APP_Protect_DC24Range  app_protect.o
    0x0800651a   0x0800651a   0x00000004   Code   RO         2479    i.APP_Protect_Init  app_protect.o
    0x0800651e   0x0800651e   0x00000002   PAD
    0x08006520   0x08006520   0x0000000c   Code   RO         2480    i.APP_Protect_ReadVersion  app_protect.o
    0x0800652c   0x0800652c   0x00000034   Code   RO         2481    i.APP_Protect_RefreshCurrent  app_protect.o
    0x08006560   0x08006560   0x00000038   Code   RO         2482    i.APP_Protect_RefreshPulseWidth  app_protect.o
    0x08006598   0x08006598   0x0000001c   Code   RO         2483    i.APP_Protect_RefreshReady  app_protect.o
    0x080065b4   0x080065b4   0x0000001c   Code   RO         2484    i.APP_Protect_RefreshRun  app_protect.o
    0x080065d0   0x080065d0   0x00000004   Code   RO         2485    i.APP_Protect_Task  app_protect.o
    0x080065d4   0x080065d4   0x00000014   Code   RO         2486    i.APP_Protect_WDG_Callback  app_protect.o
    0x080065e8   0x080065e8   0x00000010   Code   RO         2487    i.APP_Protect_WDG_Init  app_protect.o
    0x080065f8   0x080065f8   0x0000000c   Code   RO         2488    i.APP_Protect_WDG_Refresh  app_protect.o
    0x08006604   0x08006604   0x00000002   Code   RO         2489    i.APP_Protect_WriteErrorCode  app_protect.o
    0x08006606   0x08006606   0x00000002   PAD
    0x08006608   0x08006608   0x0000000c   Code   RO         2490    i.APP_Protect_WriteVersion  app_protect.o
    0x08006614   0x08006614   0x0000000c   Code   RO         1972    i.APP_ReadLaserCount  app_operate.o
    0x08006620   0x08006620   0x00000018   Code   RO         1911    i.APP_ReadSafeLockerConn  app_safelocker.o
    0x08006638   0x08006638   0x00000024   Code   RO         1973    i.APP_ReadTime      app_operate.o
    0x0800665c   0x0800665c   0x00000064   Code   RO         1974    i.APP_SafeGuard     app_operate.o
    0x080066c0   0x080066c0   0x00000024   Code   RO         1913    i.APP_SafeLocker_Init  app_safelocker.o
    0x080066e4   0x080066e4   0x00000034   Code   RO         1914    i.APP_SafeLocker_Task  app_safelocker.o
    0x08006718   0x08006718   0x00000028   Code   RO         1975    i.APP_SendLaserCount  app_operate.o
    0x08006740   0x08006740   0x00000060   Code   RO         1976    i.APP_SendTime      app_operate.o
    0x080067a0   0x080067a0   0x000000a4   Code   RO         1661    i.APP_Send_Data     app_common.o
    0x08006844   0x08006844   0x0000000c   Code   RO         1977    i.APP_SetLaserCount  app_operate.o
    0x08006850   0x08006850   0x00000018   Code   RO         1978    i.APP_SetTime       app_operate.o
    0x08006868   0x08006868   0x00000030   Code   RO         1979    i.APP_SystemReady   app_operate.o
    0x08006898   0x08006898   0x0000004c   Code   RO         1980    i.APP_TimeCallback  app_operate.o
    0x080068e4   0x080068e4   0x00000012   Code   RO         1662    i.APP_TimeProc      app_common.o
    0x080068f6   0x080068f6   0x00000002   Code   RO         2364    i.APP_VoltageDetection_Init  app_voltagedetection.o
    0x080068f8   0x080068f8   0x00000030   Code   RO         2365    i.APP_VoltageDetection_IsError  app_voltagedetection.o
    0x08006928   0x08006928   0x00000018   Code   RO         2366    i.APP_VoltageDetection_Read  app_voltagedetection.o
    0x08006940   0x08006940   0x00000034   Code   RO         2367    i.APP_VoltageDetection_Task  app_voltagedetection.o
    0x08006974   0x08006974   0x0000000c   Code   RO         2416    i.APP_Water_ReadTemperatrueTH  app_mos.o
    0x08006980   0x08006980   0x00000014   Code   RO         1779    i.APP_WriteHandpiecePROT  app_handpiece.o
    0x08006994   0x08006994   0x00000018   Code   RO         1915    i.APP_WriteSafeLockerPROT  app_safelocker.o
    0x080069ac   0x080069ac   0x00000016   Code   RO         2894    i.App_GetLaserInfo  task_feedback.o
    0x080069c2   0x080069c2   0x0000001c   Code   RO         2895    i.App_GetVersion    task_feedback.o
    0x080069de   0x080069de   0x00000002   PAD
    0x080069e0   0x080069e0   0x00000048   Code   RO         2896    i.App_Matching      task_feedback.o
    0x08006a28   0x08006a28   0x00000008   Code   RO         2897    i.App_ProductDate   task_feedback.o
    0x08006a30   0x08006a30   0x0000002c   Code   RO         2898    i.App_SetHandpiecePROT  task_feedback.o
    0x08006a5c   0x08006a5c   0x00000038   Code   RO         2899    i.App_SetKeyDelay   task_feedback.o
    0x08006a94   0x08006a94   0x00000034   Code   RO         2900    i.App_SetLaserCount  task_feedback.o
    0x08006ac8   0x08006ac8   0x0000001c   Code   RO         2901    i.App_SetLaserFrequency  task_feedback.o
    0x08006ae4   0x08006ae4   0x0000001c   Code   RO         2902    i.App_SetLaserIndicatorPower  task_feedback.o
    0x08006b00   0x08006b00   0x00000020   Code   RO         2903    i.App_SetLaserModeOpt  task_feedback.o
    0x08006b20   0x08006b20   0x00000002   Code   RO         2904    i.App_SetLaserNum   task_feedback.o
    0x08006b22   0x08006b22   0x0000001c   Code   RO         2905    i.App_SetLaserPower  task_feedback.o
    0x08006b3e   0x08006b3e   0x0000001c   Code   RO         2906    i.App_SetLaserPulse  task_feedback.o
    0x08006b5a   0x08006b5a   0x0000002a   Code   RO         2907    i.App_SetLaserPulseWidth  task_feedback.o
    0x08006b84   0x08006b84   0x00000056   Code   RO         2908    i.App_SetLed        task_feedback.o
    0x08006bda   0x08006bda   0x00000038   Code   RO         2909    i.App_SetSafeLockerPROT  task_feedback.o
    0x08006c12   0x08006c12   0x00000020   Code   RO         2910    i.App_SetSystemReady  task_feedback.o
    0x08006c32   0x08006c32   0x00000002   Code   RO         2911    i.App_SetWaterFlowPROT  task_feedback.o
    0x08006c34   0x08006c34   0x00000028   Code   RO         2912    i.App_SetWorkTime   task_feedback.o
    0x08006c5c   0x08006c5c   0x00000008   Code   RO         2913    i.App_SystemReboot  task_feedback.o
    0x08006c64   0x08006c64   0x00000070   Code   RO         2914    i.App_Updata        task_feedback.o
    0x08006cd4   0x08006cd4   0x00000018   Code   RO         2915    i.App_WriteOverTempPROT  task_feedback.o
    0x08006cec   0x08006cec   0x00000014   Code   RO         2916    i.App_WriteTempTH   task_feedback.o
    0x08006d00   0x08006d00   0x00000028   Code   RO         1208    i.BSP_Adc_Init      bsp_adc.o
    0x08006d28   0x08006d28   0x00000002   Code   RO         1620    i.BSP_Buzzer_Init   bsp_buzzer.o
    0x08006d2a   0x08006d2a   0x00000002   PAD
    0x08006d2c   0x08006d2c   0x0000002c   Code   RO         1621    i.BSP_Buzzer_Operate  bsp_buzzer.o
    0x08006d58   0x08006d58   0x00000040   Code   RO         1299    i.BSP_DAC_Config    bsp_dac.o
    0x08006d98   0x08006d98   0x00000030   Code   RO         1303    i.BSP_DAC_Init      bsp_dac.o
    0x08006dc8   0x08006dc8   0x00000044   Code   RO         1545    i.BSP_Fan_Capture   bsp_fan.o
    0x08006e0c   0x08006e0c   0x00000038   Code   RO         1546    i.BSP_Fan_CaptureOverflow  bsp_fan.o
    0x08006e44   0x08006e44   0x00000080   Code   RO         1547    i.BSP_Fan_CaptureStart  bsp_fan.o
    0x08006ec4   0x08006ec4   0x00000074   Code   RO         1548    i.BSP_Fan_CaptureStop  bsp_fan.o
    0x08006f38   0x08006f38   0x00000034   Code   RO         1549    i.BSP_Fan_Config    bsp_fan.o
    0x08006f6c   0x08006f6c   0x0000001e   Code   RO         1551    i.BSP_Fan_Init      bsp_fan.o
    0x08006f8a   0x08006f8a   0x00000002   PAD
    0x08006f8c   0x08006f8c   0x00000048   Code   RO         1552    i.BSP_Fan_Operate   bsp_fan.o
    0x08006fd4   0x08006fd4   0x00000058   Code   RO         1553    i.BSP_Fan_Task      bsp_fan.o
    0x0800702c   0x0800702c   0x0000000c   Code   RO         1247    i.BSP_Frenquency_Config  bsp_frequency.o
    0x08007038   0x08007038   0x00000024   Code   RO         1249    i.BSP_Frenquency_Disable  bsp_frequency.o
    0x0800705c   0x0800705c   0x00000054   Code   RO         1250    i.BSP_Frenquency_Enable  bsp_frequency.o
    0x080070b0   0x080070b0   0x00000004   Code   RO         1251    i.BSP_Frequency_Init  bsp_frequency.o
    0x080070b4   0x080070b4   0x00000002   Code   RO         1136    i.BSP_Handpiece_Init  bsp_handpiece.o
    0x080070b6   0x080070b6   0x00000002   PAD
    0x080070b8   0x080070b8   0x00000038   Code   RO         1072    i.BSP_Init          bsp_common.o
    0x080070f0   0x080070f0   0x00000002   Code   RO         1170    i.BSP_Key_Init      bsp_key.o
    0x080070f2   0x080070f2   0x00000002   PAD
    0x080070f4   0x080070f4   0x00000034   Code   RO         1500    i.BSP_Led_Config    bsp_led.o
    0x08007128   0x08007128   0x00000016   Code   RO         1502    i.BSP_Led_Init      bsp_led.o
    0x0800713e   0x0800713e   0x00000002   PAD
    0x08007140   0x08007140   0x0000009c   Code   RO         1503    i.BSP_Led_Operate   bsp_led.o
    0x080071dc   0x080071dc   0x00000018   Code   RO         1209    i.BSP_ReadADCVal    bsp_adc.o
    0x080071f4   0x080071f4   0x00000034   Code   RO         1171    i.BSP_ReadKeyValue  bsp_key.o
    0x08007228   0x08007228   0x00000028   Code   RO         1461    i.BSP_SafeLockerValue  bsp_safelocker.o
    0x08007250   0x08007250   0x00000002   Code   RO         1463    i.BSP_SafeLocker_Init  bsp_safelocker.o
    0x08007252   0x08007252   0x00000002   PAD
    0x08007254   0x08007254   0x00000020   Code   RO         1350    i.BSP_UART_GetBuff  bsp_uart.o
    0x08007274   0x08007274   0x00000020   Code   RO         1351    i.BSP_UART_GetBuffSize  bsp_uart.o
    0x08007294   0x08007294   0x000001ec   Code   RO          689    i.BSP_UART_IRQHandler  stm32f1xx_it.o
    0x08007480   0x08007480   0x00000024   Code   RO         1352    i.BSP_UART_IdSearch  bsp_uart.o
    0x080074a4   0x080074a4   0x00000014   Code   RO         1353    i.BSP_UART_Receive  bsp_uart.o
    0x080074b8   0x080074b8   0x0000002c   Code   RO         1354    i.BSP_UART_RxData   bsp_uart.o
    0x080074e4   0x080074e4   0x0000002c   Code   RO         1356    i.BSP_UART_TxDataToID  bsp_uart.o
    0x08007510   0x08007510   0x0000005c   Code   RO         1357    i.BSP_UART_TxStart  bsp_uart.o
    0x0800756c   0x0800756c   0x00000030   Code   RO         1359    i.BSP_Uart_Enable   bsp_uart.o
    0x0800759c   0x0800759c   0x00000058   Code   RO         1360    i.BSP_Uart_EnableDMA  bsp_uart.o
    0x080075f4   0x080075f4   0x0000001c   Code   RO         1361    i.BSP_Uart_Init     bsp_uart.o
    0x08007610   0x08007610   0x00000002   Code   RO          690    i.BusFault_Handler  stm32f1xx_it.o
    0x08007612   0x08007612   0x00000002   PAD
    0x08007614   0x08007614   0x0000000c   Code   RO          691    i.DMA1_Channel1_IRQHandler  stm32f1xx_it.o
    0x08007620   0x08007620   0x0000000c   Code   RO          692    i.DMA1_Channel5_IRQHandler  stm32f1xx_it.o
    0x0800762c   0x0800762c   0x0000002a   Code   RO         4975    i.DMA_SetConfig     stm32f1xx_hal_dma.o
    0x08007656   0x08007656   0x00000002   Code   RO          693    i.DebugMon_Handler  stm32f1xx_it.o
    0x08007658   0x08007658   0x00000018   Code   RO         2917    i.Enable_Feedback   task_feedback.o
    0x08007670   0x08007670   0x00000004   Code   RO           13    i.Error_Handler     main.o
    0x08007674   0x08007674   0x00000074   Code   RO         5415    i.FLASH_MassErase   stm32f1xx_hal_flash_ex.o
    0x080076e8   0x080076e8   0x00000024   Code   RO         5422    i.FLASH_PageErase   stm32f1xx_hal_flash_ex.o
    0x0800770c   0x0800770c   0x0000001c   Code   RO         5312    i.FLASH_Program_HalfWord  stm32f1xx_hal_flash.o
    0x08007728   0x08007728   0x0000005c   Code   RO         5313    i.FLASH_SetErrorCode  stm32f1xx_hal_flash.o
    0x08007784   0x08007784   0x00000054   Code   RO         5314    i.FLASH_WaitForLastOperation  stm32f1xx_hal_flash.o
    0x080077d8   0x080077d8   0x00000014   Code   RO          949    i.GetRingBufferLen  ringbuffer.o
    0x080077ec   0x080077ec   0x0000013c   Code   RO         4499    i.HAL_ADCEx_Calibration_Start  stm32f1xx_hal_adc_ex.o
    0x08007928   0x08007928   0x00000228   Code   RO         4325    i.HAL_ADC_ConfigChannel  stm32f1xx_hal_adc.o
    0x08007b50   0x08007b50   0x00000002   Code   RO         4326    i.HAL_ADC_ConvCpltCallback  stm32f1xx_hal_adc.o
    0x08007b52   0x08007b52   0x00000002   Code   RO         4327    i.HAL_ADC_ConvHalfCpltCallback  stm32f1xx_hal_adc.o
    0x08007b54   0x08007b54   0x00000002   Code   RO         4329    i.HAL_ADC_ErrorCallback  stm32f1xx_hal_adc.o
    0x08007b56   0x08007b56   0x00000002   PAD
    0x08007b58   0x08007b58   0x00000234   Code   RO         4334    i.HAL_ADC_Init      stm32f1xx_hal_adc.o
    0x08007d8c   0x08007d8c   0x000000b0   Code   RO          408    i.HAL_ADC_MspInit   adc.o
    0x08007e3c   0x08007e3c   0x00000160   Code   RO         4341    i.HAL_ADC_Start_DMA  stm32f1xx_hal_adc.o
    0x08007f9c   0x08007f9c   0x000000e0   Code   RO         5585    i.HAL_DAC_ConfigChannel  stm32f1xx_hal_dac.o
    0x0800807c   0x0800807c   0x00000060   Code   RO         5593    i.HAL_DAC_GetValue  stm32f1xx_hal_dac.o
    0x080080dc   0x080080dc   0x00000078   Code   RO         5595    i.HAL_DAC_Init      stm32f1xx_hal_dac.o
    0x08008154   0x08008154   0x00000058   Code   RO          450    i.HAL_DAC_MspInit   dac.o
    0x080081ac   0x080081ac   0x0000009c   Code   RO         5598    i.HAL_DAC_SetValue  stm32f1xx_hal_dac.o
    0x08008248   0x08008248   0x000000ac   Code   RO         5599    i.HAL_DAC_Start     stm32f1xx_hal_dac.o
    0x080082f4   0x080082f4   0x00000046   Code   RO         4976    i.HAL_DMA_Abort     stm32f1xx_hal_dma.o
    0x0800833a   0x0800833a   0x00000002   PAD
    0x0800833c   0x0800833c   0x00000130   Code   RO         4977    i.HAL_DMA_Abort_IT  stm32f1xx_hal_dma.o
    0x0800846c   0x0800846c   0x00000004   Code   RO         4979    i.HAL_DMA_GetError  stm32f1xx_hal_dma.o
    0x08008470   0x08008470   0x00000248   Code   RO         4981    i.HAL_DMA_IRQHandler  stm32f1xx_hal_dma.o
    0x080086b8   0x080086b8   0x000001b0   Code   RO         4982    i.HAL_DMA_Init      stm32f1xx_hal_dma.o
    0x08008868   0x08008868   0x000000cc   Code   RO         4986    i.HAL_DMA_Start_IT  stm32f1xx_hal_dma.o
    0x08008934   0x08008934   0x00000024   Code   RO         4602    i.HAL_Delay         stm32f1xx_hal.o
    0x08008958   0x08008958   0x00000188   Code   RO         5423    i.HAL_FLASHEx_Erase  stm32f1xx_hal_flash_ex.o
    0x08008ae0   0x08008ae0   0x00000014   Code   RO         5318    i.HAL_FLASH_Lock    stm32f1xx_hal_flash.o
    0x08008af4   0x08008af4   0x00000004   Code   RO         5319    i.HAL_FLASH_OB_Launch  stm32f1xx_hal_flash.o
    0x08008af8   0x08008af8   0x00000110   Code   RO         5323    i.HAL_FLASH_Program  stm32f1xx_hal_flash.o
    0x08008c08   0x08008c08   0x00000028   Code   RO         5325    i.HAL_FLASH_Unlock  stm32f1xx_hal_flash.o
    0x08008c30   0x08008c30   0x00000350   Code   RO         4912    i.HAL_GPIO_Init     stm32f1xx_hal_gpio.o
    0x08008f80   0x08008f80   0x00000058   Code   RO         4914    i.HAL_GPIO_ReadPin  stm32f1xx_hal_gpio.o
    0x08008fd8   0x08008fd8   0x0000006c   Code   RO         4916    i.HAL_GPIO_WritePin  stm32f1xx_hal_gpio.o
    0x08009044   0x08009044   0x0000000c   Code   RO         4606    i.HAL_GetTick       stm32f1xx_hal.o
    0x08009050   0x08009050   0x00000010   Code   RO         4612    i.HAL_IncTick       stm32f1xx_hal.o
    0x08009060   0x08009060   0x00000024   Code   RO         4613    i.HAL_Init          stm32f1xx_hal.o
    0x08009084   0x08009084   0x00000040   Code   RO         4614    i.HAL_InitTick      stm32f1xx_hal.o
    0x080090c4   0x080090c4   0x0000003c   Code   RO          869    i.HAL_MspInit       stm32f1xx_hal_msp.o
    0x08009100   0x08009100   0x0000006c   Code   RO         5071    i.HAL_NVIC_DisableIRQ  stm32f1xx_hal_cortex.o
    0x0800916c   0x0800916c   0x00000064   Code   RO         5072    i.HAL_NVIC_EnableIRQ  stm32f1xx_hal_cortex.o
    0x080091d0   0x080091d0   0x0000009c   Code   RO         5078    i.HAL_NVIC_SetPriority  stm32f1xx_hal_cortex.o
    0x0800926c   0x0800926c   0x00000080   Code   RO         5079    i.HAL_NVIC_SetPriorityGrouping  stm32f1xx_hal_cortex.o
    0x080092ec   0x080092ec   0x00000024   Code   RO         5080    i.HAL_NVIC_SystemReset  stm32f1xx_hal_cortex.o
    0x08009310   0x08009310   0x00000114   Code   RO         4873    i.HAL_RCCEx_GetPeriphCLKFreq  stm32f1xx_hal_rcc_ex.o
    0x08009424   0x08009424   0x00000198   Code   RO         4874    i.HAL_RCCEx_PeriphCLKConfig  stm32f1xx_hal_rcc_ex.o
    0x080095bc   0x080095bc   0x00000238   Code   RO         4770    i.HAL_RCC_ClockConfig  stm32f1xx_hal_rcc.o
    0x080097f4   0x080097f4   0x00000020   Code   RO         4777    i.HAL_RCC_GetPCLK1Freq  stm32f1xx_hal_rcc.o
    0x08009814   0x08009814   0x00000020   Code   RO         4778    i.HAL_RCC_GetPCLK2Freq  stm32f1xx_hal_rcc.o
    0x08009834   0x08009834   0x0000004c   Code   RO         4779    i.HAL_RCC_GetSysClockFreq  stm32f1xx_hal_rcc.o
    0x08009880   0x08009880   0x0000047e   Code   RO         4782    i.HAL_RCC_OscConfig  stm32f1xx_hal_rcc.o
    0x08009cfe   0x08009cfe   0x00000028   Code   RO         5083    i.HAL_SYSTICK_Config  stm32f1xx_hal_cortex.o
    0x08009d26   0x08009d26   0x00000002   Code   RO         6559    i.HAL_TIMEx_BreakCallback  stm32f1xx_hal_tim_ex.o
    0x08009d28   0x08009d28   0x00000002   Code   RO         6560    i.HAL_TIMEx_CommutCallback  stm32f1xx_hal_tim_ex.o
    0x08009d2a   0x08009d2a   0x00000002   PAD
    0x08009d2c   0x08009d2c   0x00000148   Code   RO         6562    i.HAL_TIMEx_ConfigBreakDeadTime  stm32f1xx_hal_tim_ex.o
    0x08009e74   0x08009e74   0x0000013c   Code   RO         6578    i.HAL_TIMEx_MasterConfigSynchronization  stm32f1xx_hal_tim_ex.o
    0x08009fb0   0x08009fb0   0x0000011c   Code   RO         6589    i.HAL_TIMEx_PWMN_Start  stm32f1xx_hal_tim_ex.o
    0x0800a0cc   0x0800a0cc   0x000000dc   Code   RO         6592    i.HAL_TIMEx_PWMN_Stop  stm32f1xx_hal_tim_ex.o
    0x0800a1a8   0x0800a1a8   0x0000014c   Code   RO         5854    i.HAL_TIM_Base_Init  stm32f1xx_hal_tim.o
    0x0800a2f4   0x0800a2f4   0x000000e8   Code   RO          546    i.HAL_TIM_Base_MspInit  tim.o
    0x0800a3dc   0x0800a3dc   0x000000ec   Code   RO         5859    i.HAL_TIM_Base_Start_IT  stm32f1xx_hal_tim.o
    0x0800a4c8   0x0800a4c8   0x000003a0   Code   RO         5863    i.HAL_TIM_ConfigClockSource  stm32f1xx_hal_tim.o
    0x0800a868   0x0800a868   0x0000000e   Code   RO          695    i.HAL_TIM_IC_CaptureCallback  stm32f1xx_it.o
    0x0800a876   0x0800a876   0x00000002   PAD
    0x0800a878   0x0800a878   0x00000270   Code   RO         5890    i.HAL_TIM_IC_ConfigChannel  stm32f1xx_hal_tim.o
    0x0800aae8   0x0800aae8   0x0000014c   Code   RO         5893    i.HAL_TIM_IC_Init   stm32f1xx_hal_tim.o
    0x0800ac34   0x0800ac34   0x00000002   Code   RO         5895    i.HAL_TIM_IC_MspInit  stm32f1xx_hal_tim.o
    0x0800ac36   0x0800ac36   0x00000166   Code   RO         5902    i.HAL_TIM_IRQHandler  stm32f1xx_hal_tim.o
    0x0800ad9c   0x0800ad9c   0x000000bc   Code   RO          547    i.HAL_TIM_MspPostInit  tim.o
    0x0800ae58   0x0800ae58   0x00000002   Code   RO         5905    i.HAL_TIM_OC_DelayElapsedCallback  stm32f1xx_hal_tim.o
    0x0800ae5a   0x0800ae5a   0x00000002   PAD
    0x0800ae5c   0x0800ae5c   0x00000220   Code   RO         5926    i.HAL_TIM_PWM_ConfigChannel  stm32f1xx_hal_tim.o
    0x0800b07c   0x0800b07c   0x0000014c   Code   RO         5929    i.HAL_TIM_PWM_Init  stm32f1xx_hal_tim.o
    0x0800b1c8   0x0800b1c8   0x00000028   Code   RO          549    i.HAL_TIM_PWM_MspInit  tim.o
    0x0800b1f0   0x0800b1f0   0x00000028   Code   RO          696    i.HAL_TIM_PWM_PulseFinishedCallback  stm32f1xx_it.o
    0x0800b218   0x0800b218   0x00000170   Code   RO         5934    i.HAL_TIM_PWM_Start  stm32f1xx_hal_tim.o
    0x0800b388   0x0800b388   0x00000138   Code   RO         5937    i.HAL_TIM_PWM_Stop  stm32f1xx_hal_tim.o
    0x0800b4c0   0x0800b4c0   0x00000030   Code   RO          697    i.HAL_TIM_PeriodElapsedCallback  stm32f1xx_it.o
    0x0800b4f0   0x0800b4f0   0x0000011c   Code   RO         5942    i.HAL_TIM_ReadCapturedValue  stm32f1xx_hal_tim.o
    0x0800b60c   0x0800b60c   0x00000002   Code   RO         5945    i.HAL_TIM_TriggerCallback  stm32f1xx_hal_tim.o
    0x0800b60e   0x0800b60e   0x00000002   Code   RO         6838    i.HAL_UARTEx_RxEventCallback  stm32f1xx_hal_uart.o
    0x0800b610   0x0800b610   0x00000062   Code   RO         6844    i.HAL_UART_AbortTransmit  stm32f1xx_hal_uart.o
    0x0800b672   0x0800b672   0x00000020   Code   RO          698    i.HAL_UART_ErrorCallback  stm32f1xx_it.o
    0x0800b692   0x0800b692   0x00000002   PAD
    0x0800b694   0x0800b694   0x0000012c   Code   RO         6856    i.HAL_UART_Init     stm32f1xx_hal_uart.o
    0x0800b7c0   0x0800b7c0   0x000001d4   Code   RO          630    i.HAL_UART_MspInit  usart.o
    0x0800b994   0x0800b994   0x0000001c   Code   RO         6860    i.HAL_UART_Receive_DMA  stm32f1xx_hal_uart.o
    0x0800b9b0   0x0800b9b0   0x00000002   Code   RO         6862    i.HAL_UART_RxCpltCallback  stm32f1xx_hal_uart.o
    0x0800b9b2   0x0800b9b2   0x00000002   Code   RO         6863    i.HAL_UART_RxHalfCpltCallback  stm32f1xx_hal_uart.o
    0x0800b9b4   0x0800b9b4   0x0000009a   Code   RO         6864    i.HAL_UART_Transmit  stm32f1xx_hal_uart.o
    0x0800ba4e   0x0800ba4e   0x00000032   Code   RO         6866    i.HAL_UART_Transmit_IT  stm32f1xx_hal_uart.o
    0x0800ba80   0x0800ba80   0x00000002   Code   RO         1886    i.HCI_KeyProcCallback  app_callback.o
    0x0800ba82   0x0800ba82   0x00000002   Code   RO          700    i.HardFault_Handler  stm32f1xx_it.o
    0x0800ba84   0x0800ba84   0x00000004   Code   RO         2851    i.Link_Init         task.o
    0x0800ba88   0x0800ba88   0x000000b8   Code   RO          409    i.MX_ADC1_Init      adc.o
    0x0800bb40   0x0800bb40   0x0000004c   Code   RO          451    i.MX_DAC_Init       dac.o
    0x0800bb8c   0x0800bb8c   0x0000003c   Code   RO          491    i.MX_DMA_Init       dma.o
    0x0800bbc8   0x0800bbc8   0x00000114   Code   RO          383    i.MX_GPIO_Init      gpio.o
    0x0800bcdc   0x0800bcdc   0x000000cc   Code   RO          550    i.MX_TIM1_Init      tim.o
    0x0800bda8   0x0800bda8   0x000000ac   Code   RO          551    i.MX_TIM2_Init      tim.o
    0x0800be54   0x0800be54   0x000000b4   Code   RO          552    i.MX_TIM3_Init      tim.o
    0x0800bf08   0x0800bf08   0x00000048   Code   RO          553    i.MX_TIM6_Init      tim.o
    0x0800bf50   0x0800bf50   0x000000c4   Code   RO          554    i.MX_TIM8_Init      tim.o
    0x0800c014   0x0800c014   0x00000038   Code   RO          631    i.MX_UART4_Init     usart.o
    0x0800c04c   0x0800c04c   0x00000038   Code   RO          632    i.MX_UART5_Init     usart.o
    0x0800c084   0x0800c084   0x00000038   Code   RO          633    i.MX_USART1_UART_Init  usart.o
    0x0800c0bc   0x0800c0bc   0x00000038   Code   RO          634    i.MX_USART2_UART_Init  usart.o
    0x0800c0f4   0x0800c0f4   0x000000c0   Code   RO         2810    i.Main_Console      task_console.o
    0x0800c1b4   0x0800c1b4   0x00000002   Code   RO          701    i.MemManage_Handler  stm32f1xx_it.o
    0x0800c1b6   0x0800c1b6   0x0000004c   Code   RO         1038    i.MiddleAverageValueFilter  filter.o
    0x0800c202   0x0800c202   0x00000002   Code   RO          702    i.NMI_Handler       stm32f1xx_it.o
    0x0800c204   0x0800c204   0x00000002   Code   RO          703    i.PendSV_Handler    stm32f1xx_it.o
    0x0800c206   0x0800c206   0x00000002   PAD
    0x0800c208   0x0800c208   0x000000c0   Code   RO         2811    i.Protect_Console   task_console.o
    0x0800c2c8   0x0800c2c8   0x00000006   Code   RO         3237    i.Protect_Error     task_fb_protect.o
    0x0800c2ce   0x0800c2ce   0x00000002   PAD
    0x0800c2d0   0x0800c2d0   0x0000000c   Code   RO         3238    i.Protect_FB_Error  task_fb_protect.o
    0x0800c2dc   0x0800c2dc   0x0000000c   Code   RO         3239    i.Protect_FB_Updata  task_fb_protect.o
    0x0800c2e8   0x0800c2e8   0x0000003c   Code   RO         3240    i.Protect_FB_Version  task_fb_protect.o
    0x0800c324   0x0800c324   0x00000048   Code   RO         3241    i.Protect_Updata    task_fb_protect.o
    0x0800c36c   0x0800c36c   0x00000020   Code   RO         3242    i.Protect_Version   task_fb_protect.o
    0x0800c38c   0x0800c38c   0x0000001a   Code   RO         1831    i.Read_KeyState     app_key.o
    0x0800c3a6   0x0800c3a6   0x00000008   Code   RO          950    i.RingBufferClear   ringbuffer.o
    0x0800c3ae   0x0800c3ae   0x00000010   Code   RO          952    i.RingBufferEmpty   ringbuffer.o
    0x0800c3be   0x0800c3be   0x00000046   Code   RO          954    i.RingBufferGet     ringbuffer.o
    0x0800c404   0x0800c404   0x00000050   Code   RO          956    i.RingBufferPut     ringbuffer.o
    0x0800c454   0x0800c454   0x00000002   Code   RO          704    i.SVC_Handler       stm32f1xx_it.o
    0x0800c456   0x0800c456   0x0000001c   Code   RO         2692    i.SendACVoltage     task_heartbeatmessage.o
    0x0800c472   0x0800c472   0x0000001e   Code   RO         2693    i.SendDC05Info      task_heartbeatmessage.o
    0x0800c490   0x0800c490   0x0000001e   Code   RO         2694    i.SendDC12Info      task_heartbeatmessage.o
    0x0800c4ae   0x0800c4ae   0x0000001e   Code   RO         2695    i.SendDCLdInfo      task_heartbeatmessage.o
    0x0800c4cc   0x0800c4cc   0x00000002   Code   RO         2696    i.SendErrorInfo     task_heartbeatmessage.o
    0x0800c4ce   0x0800c4ce   0x00000022   Code   RO         3196    i.SendLaserCount    task_polityhigh.o
    0x0800c4f0   0x0800c4f0   0x0000001c   Code   RO         2697    i.SendMosTemperature  task_heartbeatmessage.o
    0x0800c50c   0x0800c50c   0x00000028   Code   RO         2698    i.SendSafeLockerInfor  task_heartbeatmessage.o
    0x0800c534   0x0800c534   0x00000092   Code   RO         3197    i.SendTime          task_polityhigh.o
    0x0800c5c6   0x0800c5c6   0x00000008   Code   RO         2699    i.SendVersion       task_heartbeatmessage.o
    0x0800c5ce   0x0800c5ce   0x00000004   Code   RO          705    i.SysTick_Handler   stm32f1xx_it.o
    0x0800c5d2   0x0800c5d2   0x00000080   Code   RO           14    i.SystemClock_Config  main.o
    0x0800c652   0x0800c652   0x00000002   PAD
    0x0800c654   0x0800c654   0x00000010   Code   RO         7190    i.SystemInit        system_stm32f1xx.o
    0x0800c664   0x0800c664   0x0000000c   Code   RO          706    i.TIM2_IRQHandler   stm32f1xx_it.o
    0x0800c670   0x0800c670   0x0000000c   Code   RO          707    i.TIM3_IRQHandler   stm32f1xx_it.o
    0x0800c67c   0x0800c67c   0x0000000c   Code   RO          708    i.TIM6_IRQHandler   stm32f1xx_it.o
    0x0800c688   0x0800c688   0x0000008c   Code   RO         5947    i.TIM_Base_SetConfig  stm32f1xx_hal_tim.o
    0x0800c714   0x0800c714   0x000000b8   Code   RO         5948    i.TIM_CCxChannelCmd  stm32f1xx_hal_tim.o
    0x0800c7cc   0x0800c7cc   0x0000001a   Code   RO         6598    i.TIM_CCxNChannelCmd  stm32f1xx_hal_tim_ex.o
    0x0800c7e6   0x0800c7e6   0x00000014   Code   RO         5958    i.TIM_ETR_SetConfig  stm32f1xx_hal_tim.o
    0x0800c7fa   0x0800c7fa   0x00000010   Code   RO         5959    i.TIM_ITRx_SetConfig  stm32f1xx_hal_tim.o
    0x0800c80a   0x0800c80a   0x00000002   PAD
    0x0800c80c   0x0800c80c   0x000000e4   Code   RO         5960    i.TIM_OC1_SetConfig  stm32f1xx_hal_tim.o
    0x0800c8f0   0x0800c8f0   0x000000ec   Code   RO         5961    i.TIM_OC2_SetConfig  stm32f1xx_hal_tim.o
    0x0800c9dc   0x0800c9dc   0x000000ec   Code   RO         5962    i.TIM_OC3_SetConfig  stm32f1xx_hal_tim.o
    0x0800cac8   0x0800cac8   0x000000a4   Code   RO         5963    i.TIM_OC4_SetConfig  stm32f1xx_hal_tim.o
    0x0800cb6c   0x0800cb6c   0x00000022   Code   RO         5965    i.TIM_TI1_ConfigInputStage  stm32f1xx_hal_tim.o
    0x0800cb8e   0x0800cb8e   0x00000002   PAD
    0x0800cb90   0x0800cb90   0x0000006c   Code   RO         5966    i.TIM_TI1_SetConfig  stm32f1xx_hal_tim.o
    0x0800cbfc   0x0800cbfc   0x00000024   Code   RO         5967    i.TIM_TI2_ConfigInputStage  stm32f1xx_hal_tim.o
    0x0800cc20   0x0800cc20   0x00000036   Code   RO         5968    i.TIM_TI2_SetConfig  stm32f1xx_hal_tim.o
    0x0800cc56   0x0800cc56   0x00000002   PAD
    0x0800cc58   0x0800cc58   0x00000024   Code   RO         2812    i.Task_Console      task_console.o
    0x0800cc7c   0x0800cc7c   0x0000006c   Code   RO         2918    i.Task_FB_GetLaserInfo  task_feedback.o
    0x0800cce8   0x0800cce8   0x0000002c   Code   RO         2919    i.Task_FB_GetVersion  task_feedback.o
    0x0800cd14   0x0800cd14   0x0000002c   Code   RO         2920    i.Task_FB_Marks_Handler_Callback  task_feedback.o
    0x0800cd40   0x0800cd40   0x00000038   Code   RO         2921    i.Task_FB_Pro_Handler_Callback  task_feedback.o
    0x0800cd78   0x0800cd78   0x00000044   Code   RO         2922    i.Task_FB_ProductDate  task_feedback.o
    0x0800cdbc   0x0800cdbc   0x00000018   Code   RO         3243    i.Task_FB_Protect_Enable  task_fb_protect.o
    0x0800cdd4   0x0800cdd4   0x00000038   Code   RO         3244    i.Task_FB_Protect_Handler_Callback  task_fb_protect.o
    0x0800ce0c   0x0800ce0c   0x0000002c   Code   RO         3245    i.Task_FB_Protect_Marks_Handler_Callback  task_fb_protect.o
    0x0800ce38   0x0800ce38   0x0000004c   Code   RO         3246    i.Task_FB_Protect_Search  task_fb_protect.o
    0x0800ce84   0x0800ce84   0x00000010   Code   RO         2923    i.Task_FB_SetHandpiecePROT  task_feedback.o
    0x0800ce94   0x0800ce94   0x00000010   Code   RO         2924    i.Task_FB_SetKeyDelay  task_feedback.o
    0x0800cea4   0x0800cea4   0x00000014   Code   RO         2925    i.Task_FB_SetLaserCount  task_feedback.o
    0x0800ceb8   0x0800ceb8   0x00000028   Code   RO         2926    i.Task_FB_SetLaserFrequency  task_feedback.o
    0x0800cee0   0x0800cee0   0x00000028   Code   RO         2927    i.Task_FB_SetLaserIndicatorPower  task_feedback.o
    0x0800cf08   0x0800cf08   0x00000028   Code   RO         2928    i.Task_FB_SetLaserMode  task_feedback.o
    0x0800cf30   0x0800cf30   0x00000010   Code   RO         2929    i.Task_FB_SetLaserNum  task_feedback.o
    0x0800cf40   0x0800cf40   0x00000028   Code   RO         2930    i.Task_FB_SetLaserPower  task_feedback.o
    0x0800cf68   0x0800cf68   0x00000028   Code   RO         2931    i.Task_FB_SetLaserPulse  task_feedback.o
    0x0800cf90   0x0800cf90   0x00000028   Code   RO         2932    i.Task_FB_SetLaserPulseWidth  task_feedback.o
    0x0800cfb8   0x0800cfb8   0x00000010   Code   RO         2933    i.Task_FB_SetLed    task_feedback.o
    0x0800cfc8   0x0800cfc8   0x00000010   Code   RO         2934    i.Task_FB_SetSafeLockerPROT  task_feedback.o
    0x0800cfd8   0x0800cfd8   0x0000002c   Code   RO         2935    i.Task_FB_SetSystemReady  task_feedback.o
    0x0800d004   0x0800d004   0x0000000c   Code   RO         2936    i.Task_FB_SetWaterFlowPROT  task_feedback.o
    0x0800d010   0x0800d010   0x00000010   Code   RO         2937    i.Task_FB_SetWorkTime  task_feedback.o
    0x0800d020   0x0800d020   0x00000012   Code   RO         2938    i.Task_FB_SystemReboot  task_feedback.o
    0x0800d032   0x0800d032   0x00000002   Code   RO         2939    i.Task_FB_Updata    task_feedback.o
    0x0800d034   0x0800d034   0x00000028   Code   RO         2940    i.Task_FB_WriteOverTempPROT  task_feedback.o
    0x0800d05c   0x0800d05c   0x00000028   Code   RO         2941    i.Task_FB_WriteTempTH  task_feedback.o
    0x0800d084   0x0800d084   0x0000002c   Code   RO         2700    i.Task_Heartbeat_Message  task_heartbeatmessage.o
    0x0800d0b0   0x0800d0b0   0x0000002c   Code   RO         2852    i.Task_Marks_Handler_Callback  task.o
    0x0800d0dc   0x0800d0dc   0x00000034   Code   RO         3198    i.Task_PolityHigh   task_polityhigh.o
    0x0800d110   0x0800d110   0x00000040   Code   RO         2853    i.Task_Pro_Handler_Callback  task.o
    0x0800d150   0x0800d150   0x00000030   Code   RO         3311    i.Task_Protect      task_protect.o
    0x0800d180   0x0800d180   0x00000028   Code   RO         2660    i.Task_SysDete_Marks_Handler_Callback  task_devicedetection.o
    0x0800d1a8   0x0800d1a8   0x00000034   Code   RO         2661    i.Task_SystemDetection  task_devicedetection.o
    0x0800d1dc   0x0800d1dc   0x00000024   Code   RO         3163    i.Task_SystemRun    task_devicerun.o
    0x0800d200   0x0800d200   0x00000016   Code   RO         2636    i.Task_TimeProc     task_common.o
    0x0800d216   0x0800d216   0x00000002   PAD
    0x0800d218   0x0800d218   0x0000000c   Code   RO          709    i.UART4_IRQHandler  stm32f1xx_it.o
    0x0800d224   0x0800d224   0x0000000c   Code   RO          710    i.UART5_IRQHandler  stm32f1xx_it.o
    0x0800d230   0x0800d230   0x0000004a   Code   RO         6870    i.UART_DMAError     stm32f1xx_hal_uart.o
    0x0800d27a   0x0800d27a   0x00000086   Code   RO         6871    i.UART_DMAReceiveCplt  stm32f1xx_hal_uart.o
    0x0800d300   0x0800d300   0x0000001e   Code   RO         6873    i.UART_DMARxHalfCplt  stm32f1xx_hal_uart.o
    0x0800d31e   0x0800d31e   0x0000004e   Code   RO         6879    i.UART_EndRxTransfer  stm32f1xx_hal_uart.o
    0x0800d36c   0x0800d36c   0x0000001c   Code   RO         6880    i.UART_EndTxTransfer  stm32f1xx_hal_uart.o
    0x0800d388   0x0800d388   0x0000014c   Code   RO         6882    i.UART_SetConfig    stm32f1xx_hal_uart.o
    0x0800d4d4   0x0800d4d4   0x00000094   Code   RO         6883    i.UART_Start_Receive_DMA  stm32f1xx_hal_uart.o
    0x0800d568   0x0800d568   0x00000076   Code   RO         6885    i.UART_WaitOnFlagUntilTimeout  stm32f1xx_hal_uart.o
    0x0800d5de   0x0800d5de   0x00000002   PAD
    0x0800d5e0   0x0800d5e0   0x0000000c   Code   RO          711    i.USART1_IRQHandler  stm32f1xx_it.o
    0x0800d5ec   0x0800d5ec   0x0000000c   Code   RO          712    i.USART2_IRQHandler  stm32f1xx_it.o
    0x0800d5f8   0x0800d5f8   0x00000002   Code   RO          713    i.UsageFault_Handler  stm32f1xx_it.o
    0x0800d5fa   0x0800d5fa   0x00000002   PAD
    0x0800d5fc   0x0800d5fc   0x00000070   Code   RO         1742    i.Voltage_Extract   app_acvoltage.o
    0x0800d66c   0x0800d66c   0x0000000c   Code   RO         1743    i.Voltage_Read      app_acvoltage.o
    0x0800d678   0x0800d678   0x00000020   Code   RO         5085    i.__NVIC_SetPriority  stm32f1xx_hal_cortex.o
    0x0800d698   0x0800d698   0x0000000e   Code   RO         7301    i._is_digit         c_w.l(__printf_wp.o)
    0x0800d6a6   0x0800d6a6   0x00000002   Code   RO         1073    i._sys_exit         bsp_common.o
    0x0800d6a8   0x0800d6a8   0x00000046   Code   RO         3833    i.align_write       ef_env.o
    0x0800d6ee   0x0800d6ee   0x00000002   PAD
    0x0800d6f0   0x0800d6f0   0x00000074   Code   RO         3834    i.alloc_env         ef_env.o
    0x0800d764   0x0800d764   0x0000002c   Code   RO         3835    i.alloc_env_cb      ef_env.o
    0x0800d790   0x0800d790   0x0000003c   Code   RO           15    i.assert_failed     main.o
    0x0800d7cc   0x0800d7cc   0x00000050   Code   RO         1009    i.cf_Config_App_Flag  configflag.o
    0x0800d81c   0x0800d81c   0x00000032   Code   RO         3836    i.check_and_recovery_env_cb  ef_env.o
    0x0800d84e   0x0800d84e   0x00000002   PAD
    0x0800d850   0x0800d850   0x00000020   Code   RO         3837    i.check_and_recovery_gc_cb  ef_env.o
    0x0800d870   0x0800d870   0x00000048   Code   RO         3410    i.check_and_update_part_cache  fal_partition.o
    0x0800d8b8   0x0800d8b8   0x0000001a   Code   RO         3838    i.check_sec_hdr_cb  ef_env.o
    0x0800d8d2   0x0800d8d2   0x00000002   PAD
    0x0800d8d4   0x0800d8d4   0x00000198   Code   RO         3839    i.create_env_blob   ef_env.o
    0x0800da6c   0x0800da6c   0x000000ac   Code   RO         3840    i.del_env           ef_env.o
    0x0800db18   0x0800db18   0x00000064   Code   RO         3841    i.do_gc             ef_env.o
    0x0800db7c   0x0800db7c   0x00000034   Code   RO         3808    i.easyflash_init    easyflash.o
    0x0800dbb0   0x0800dbb0   0x00000024   Code   RO         4149    i.ef_calc_crc32     ef_utils.o
    0x0800dbd4   0x0800dbd4   0x0000004c   Code   RO         3844    i.ef_env_init       ef_env.o
    0x0800dc20   0x0800dc20   0x0000007c   Code   RO         3845    i.ef_env_set_default  ef_env.o
    0x0800dc9c   0x0800dc9c   0x00000058   Code   RO         3847    i.ef_get_env_blob   ef_env.o
    0x0800dcf4   0x0800dcf4   0x00000074   Code   RO         3850    i.ef_load_env       ef_env.o
    0x0800dd68   0x0800dd68   0x00000002   Code   RO         4201    i.ef_port_env_lock  ef_port.o
    0x0800dd6a   0x0800dd6a   0x00000002   Code   RO         4202    i.ef_port_env_unlock  ef_port.o
    0x0800dd6c   0x0800dd6c   0x00000020   Code   RO         4203    i.ef_port_erase     ef_port.o
    0x0800dd8c   0x0800dd8c   0x00000028   Code   RO         4204    i.ef_port_init      ef_port.o
    0x0800ddb4   0x0800ddb4   0x0000001c   Code   RO         4205    i.ef_port_read      ef_port.o
    0x0800ddd0   0x0800ddd0   0x00000020   Code   RO         4206    i.ef_port_write     ef_port.o
    0x0800ddf0   0x0800ddf0   0x00000030   Code   RO         3856    i.ef_set_env_blob   ef_env.o
    0x0800de20   0x0800de20   0x00000062   Code   RO         3857    i.env_iterator      ef_env.o
    0x0800de82   0x0800de82   0x00000042   Code   RO         3490    i.erase             fal_flash_stm32_port.o
    0x0800dec4   0x0800dec4   0x00000028   Code   RO         3386    i.fal_flash_device_find  fal_flash.o
    0x0800deec   0x0800deec   0x0000002c   Code   RO         3387    i.fal_flash_init    fal_flash.o
    0x0800df18   0x0800df18   0x00000028   Code   RO         3355    i.fal_init          fal.o
    0x0800df40   0x0800df40   0x00000034   Code   RO         3412    i.fal_partition_erase  fal_partition.o
    0x0800df74   0x0800df74   0x00000034   Code   RO         3414    i.fal_partition_find  fal_partition.o
    0x0800dfa8   0x0800dfa8   0x00000028   Code   RO         3415    i.fal_partition_init  fal_partition.o
    0x0800dfd0   0x0800dfd0   0x00000038   Code   RO         3416    i.fal_partition_read  fal_partition.o
    0x0800e008   0x0800e008   0x00000038   Code   RO         3417    i.fal_partition_write  fal_partition.o
    0x0800e040   0x0800e040   0x00000042   Code   RO         3858    i.find_env          ef_env.o
    0x0800e082   0x0800e082   0x00000036   Code   RO         3859    i.find_env_cb       ef_env.o
    0x0800e0b8   0x0800e0b8   0x00000020   Code   RO         3860    i.find_env_no_cache  ef_env.o
    0x0800e0d8   0x0800e0d8   0x00000080   Code   RO         3861    i.find_next_env_addr  ef_env.o
    0x0800e158   0x0800e158   0x00000018   Code   RO         3420    i.flash_device_find_by_part  fal_partition.o
    0x0800e170   0x0800e170   0x0000001a   Code   RO         2942    i.flash_read        task_feedback.o
    0x0800e18a   0x0800e18a   0x00000002   PAD
    0x0800e18c   0x0800e18c   0x0000005c   Code   RO         3862    i.format_sector     ef_env.o
    0x0800e1e8   0x0800e1e8   0x00000018   Code   RO         1074    i.fputc             bsp_common.o
    0x0800e200   0x0800e200   0x0000000e   Code   RO         3863    i.gc_check_cb       ef_env.o
    0x0800e20e   0x0800e20e   0x00000002   PAD
    0x0800e210   0x0800e210   0x00000048   Code   RO         3864    i.gc_collect        ef_env.o
    0x0800e258   0x0800e258   0x00000078   Code   RO         3865    i.get_env_from_cache  ef_env.o
    0x0800e2d0   0x0800e2d0   0x0000004e   Code   RO         3866    i.get_next_env_addr  ef_env.o
    0x0800e31e   0x0800e31e   0x00000002   PAD
    0x0800e320   0x0800e320   0x00000034   Code   RO         3867    i.get_next_sector_addr  ef_env.o
    0x0800e354   0x0800e354   0x0000002c   Code   RO         3868    i.get_sector_from_cache  ef_env.o
    0x0800e380   0x0800e380   0x0000001e   Code   RO         3869    i.get_status        ef_env.o
    0x0800e39e   0x0800e39e   0x00000002   PAD
    0x0800e3a0   0x0800e3a0   0x00000018   Code   RO         3491    i.init              fal_flash_stm32_port.o
    0x0800e3b8   0x0800e3b8   0x00000094   Code   RO           16    i.main              main.o
    0x0800e44c   0x0800e44c   0x00000100   Code   RO         3870    i.move_env          ef_env.o
    0x0800e54c   0x0800e54c   0x00000034   Code   RO         3871    i.new_env           ef_env.o
    0x0800e580   0x0800e580   0x0000001c   Code   RO         3492    i.read              fal_flash_stm32_port.o
    0x0800e59c   0x0800e59c   0x000000da   Code   RO         3873    i.read_env          ef_env.o
    0x0800e676   0x0800e676   0x00000002   PAD
    0x0800e678   0x0800e678   0x0000014c   Code   RO         3874    i.read_sector_meta_data  ef_env.o
    0x0800e7c4   0x0800e7c4   0x00000056   Code   RO         3875    i.sector_iterator   ef_env.o
    0x0800e81a   0x0800e81a   0x00000022   Code   RO         3876    i.sector_statistics_cb  ef_env.o
    0x0800e83c   0x0800e83c   0x00000094   Code   RO         3877    i.set_env           ef_env.o
    0x0800e8d0   0x0800e8d0   0x0000002a   Code   RO         3878    i.set_status        ef_env.o
    0x0800e8fa   0x0800e8fa   0x00000002   PAD
    0x0800e8fc   0x0800e8fc   0x00000098   Code   RO         3879    i.update_env_cache  ef_env.o
    0x0800e994   0x0800e994   0x0000005a   Code   RO         3880    i.update_sec_status  ef_env.o
    0x0800e9ee   0x0800e9ee   0x00000002   PAD
    0x0800e9f0   0x0800e9f0   0x00000060   Code   RO         3881    i.update_sector_cache  ef_env.o
    0x0800ea50   0x0800ea50   0x0000004c   Code   RO         3493    i.write             fal_flash_stm32_port.o
    0x0800ea9c   0x0800ea9c   0x00000028   Code   RO         3882    i.write_status      ef_env.o
    0x0800eac4   0x0800eac4   0x00000018   Data   RO         1172    .constdata          bsp_key.o
    0x0800eadc   0x0800eadc   0x000000c8   Data   RO         1213    .constdata          bsp_adc.o
    0x0800eba4   0x0800eba4   0x00000020   Data   RO         1304    .constdata          bsp_dac.o
    0x0800ebc4   0x0800ebc4   0x00000054   Data   RO         1372    .constdata          bsp_uart.o
    0x0800ec18   0x0800ec18   0x0000000c   Data   RO         1464    .constdata          bsp_safelocker.o
    0x0800ec24   0x0800ec24   0x00000018   Data   RO         1504    .constdata          bsp_led.o
    0x0800ec3c   0x0800ec3c   0x00000020   Data   RO         1555    .constdata          bsp_fan.o
    0x0800ec5c   0x0800ec5c   0x0000000c   Data   RO         1622    .constdata          bsp_buzzer.o
    0x0800ec68   0x0800ec68   0x00000008   Data   RO         1833    .constdata          app_key.o
    0x0800ec70   0x0800ec70   0x0000000a   Data   RO         2088    .constdata          app_laser.o
    0x0800ec7a   0x0800ec7a   0x00000064   Data   RO         2492    .constdata          app_protect.o
    0x0800ecde   0x0800ecde   0x00000002   PAD
    0x0800ece0   0x0800ece0   0x00000004   Data   RO         3388    .constdata          fal_flash.o
    0x0800ece4   0x0800ece4   0x00000038   Data   RO         3494    .constdata          fal_flash_stm32_port.o
    0x0800ed1c   0x0800ed1c   0x00000400   Data   RO         4150    .constdata          ef_utils.o
    0x0800f11c   0x0800f11c   0x0000000c   Data   RO         4209    .constdata          ef_port.o
    0x0800f128   0x0800f128   0x00000012   Data   RO         4783    .constdata          stm32f1xx_hal_rcc.o
    0x0800f13a   0x0800f13a   0x00000012   Data   RO         4875    .constdata          stm32f1xx_hal_rcc_ex.o
    0x0800f14c   0x0800f14c   0x00000010   Data   RO         7191    .constdata          system_stm32f1xx.o
    0x0800f15c   0x0800f15c   0x00000008   Data   RO         7192    .constdata          system_stm32f1xx.o
    0x0800f164   0x0800f164   0x00000011   Data   RO         7309    .constdata          c_w.l(__printf_flags_ss_wp.o)
    0x0800f175   0x0800f175   0x00000003   PAD
    0x0800f178   0x0800f178   0x00000006   Data   RO         2584    .conststring        app_buzzer.o
    0x0800f17e   0x0800f17e   0x00000002   PAD
    0x0800f180   0x0800f180   0x0000000b   Data   RO         4210    .conststring        ef_port.o
    0x0800f18b   0x0800f18b   0x00000001   PAD
    0x0800f18c   0x0800f18c   0x00000180   Data   RO         3423    FalPartTable        fal_partition.o
    0x0800f30c   0x0800f30c   0x00000020   Data   RO         7641    Region$$Table       anon$$obj.o


    Execution Region RW_IRAM1 (Exec base: 0x20000000, Load base: 0x0800f32c, Size: 0x000017b0, Max: 0x0000c000, ABSOLUTE, COMPRESSED[0x00000220])

    Exec Addr    Load Addr    Size         Type   Attr      Idx    E Section Name        Object

    0x20000000   COMPRESSED   0x00000004   Data   RW         1075    .data               bsp_common.o
    0x20000004   COMPRESSED   0x00000004   Data   RW         1253    .data               bsp_frequency.o
    0x20000008   COMPRESSED   0x00000010   Data   RW         1373    .data               bsp_uart.o
    0x20000018   COMPRESSED   0x00000010   Data   RW         1374    .data               bsp_uart.o
    0x20000028   COMPRESSED   0x00000010   Data   RW         1375    .data               bsp_uart.o
    0x20000038   COMPRESSED   0x00000010   Data   RW         1376    .data               bsp_uart.o
    0x20000048   COMPRESSED   0x00000010   Data   RW         1377    .data               bsp_uart.o
    0x20000058   COMPRESSED   0x00000010   Data   RW         1378    .data               bsp_uart.o
    0x20000068   COMPRESSED   0x00000002   Data   RW         1744    .data               app_acvoltage.o
    0x2000006a   COMPRESSED   0x00000002   Data   RW         1780    .data               app_handpiece.o
    0x2000006c   COMPRESSED   0x00000002   Data   RW         1916    .data               app_safelocker.o
    0x2000006e   COMPRESSED   0x00000002   PAD
    0x20000070   COMPRESSED   0x00000010   Data   RW         1981    .data               app_operate.o
    0x20000080   COMPRESSED   0x00000050   Data   RW         2089    .data               app_laser.o
    0x200000d0   COMPRESSED   0x00000008   Data   RW         2205    .data               app_led.o
    0x200000d8   COMPRESSED   0x00000001   Data   RW         2259    .data               app_factory.o
    0x200000d9   COMPRESSED   0x00000001   PAD
    0x200000da   COMPRESSED   0x0000001a   Data   RW         2368    .data               app_voltagedetection.o
    0x200000f4   COMPRESSED   0x0000000c   Data   RW         2417    .data               app_mos.o
    0x20000100   COMPRESSED   0x00000008   Data   RW         2493    .data               app_protect.o
    0x20000108   COMPRESSED   0x00000008   Data   RW         2585    .data               app_buzzer.o
    0x20000110   COMPRESSED   0x0000001c   Data   RW         2662    .data               task_devicedetection.o
    0x2000012c   COMPRESSED   0x00000024   Data   RW         2701    .data               task_heartbeatmessage.o
    0x20000150   COMPRESSED   0x00000014   Data   RW         2814    .data               task_console.o
    0x20000164   COMPRESSED   0x00000054   Data   RW         2854    .data               task.o
    0x200001b8   COMPRESSED   0x00000164   Data   RW         2943    .data               task_feedback.o
    0x2000031c   COMPRESSED   0x0000000c   Data   RW         3165    .data               task_devicerun.o
    0x20000328   COMPRESSED   0x00000014   Data   RW         3199    .data               task_polityhigh.o
    0x2000033c   COMPRESSED   0x00000034   Data   RW         3247    .data               task_fb_protect.o
    0x20000370   COMPRESSED   0x0000000c   Data   RW         3313    .data               task_protect.o
    0x2000037c   COMPRESSED   0x00000001   Data   RW         3357    .data               fal.o
    0x2000037d   COMPRESSED   0x00000001   Data   RW         3389    .data               fal_flash.o
    0x2000037e   COMPRESSED   0x00000002   PAD
    0x20000380   COMPRESSED   0x0000000c   Data   RW         3422    .data               fal_partition.o
    0x2000038c   COMPRESSED   0x00000001   Data   RW         3809    .data               easyflash.o
    0x2000038d   COMPRESSED   0x00000003   PAD
    0x20000390   COMPRESSED   0x00000010   Data   RW         3884    .data               ef_env.o
    0x200003a0   COMPRESSED   0x00000004   Data   RW         4211    .data               ef_port.o
    0x200003a4   COMPRESSED   0x0000000c   Data   RW         4620    .data               stm32f1xx_hal.o
    0x200003b0   COMPRESSED   0x00000004   Data   RW         7193    .data               system_stm32f1xx.o
    0x200003b4        -       0x00000074   Zero   RW          410    .bss                adc.o
    0x20000428        -       0x00000014   Zero   RW          452    .bss                dac.o
    0x2000043c        -       0x00000168   Zero   RW          555    .bss                tim.o
    0x200005a4        -       0x00000164   Zero   RW          635    .bss                usart.o
    0x20000708        -       0x0000000c   Zero   RW         1210    .bss                bsp_adc.o
    0x20000714        -       0x00000080   Zero   RW         1362    .bss                bsp_uart.o
    0x20000794        -       0x00000080   Zero   RW         1363    .bss                bsp_uart.o
    0x20000814        -       0x00000080   Zero   RW         1364    .bss                bsp_uart.o
    0x20000894        -       0x00000020   Zero   RW         1365    .bss                bsp_uart.o
    0x200008b4        -       0x00000020   Zero   RW         1366    .bss                bsp_uart.o
    0x200008d4        -       0x00000020   Zero   RW         1367    .bss                bsp_uart.o
    0x200008f4        -       0x00000020   Zero   RW         1368    .bss                bsp_uart.o
    0x20000914        -       0x00000200   Zero   RW         1369    .bss                bsp_uart.o
    0x20000b14        -       0x00000200   Zero   RW         1370    .bss                bsp_uart.o
    0x20000d14        -       0x00000200   Zero   RW         1371    .bss                bsp_uart.o
    0x20000f14        -       0x0000000c   Zero   RW         1554    .bss                bsp_fan.o
    0x20000f20        -       0x00000020   Zero   RW         1832    .bss                app_key.o
    0x20000f40        -       0x00000024   Zero   RW         2204    .bss                app_led.o
    0x20000f64        -       0x00000020   Zero   RW         2303    .bss                app_fan.o
    0x20000f84        -       0x00000020   Zero   RW         2813    .bss                task_console.o
    0x20000fa4        -       0x00000018   Zero   RW         3421    .bss                fal_partition.o
    0x20000fbc        -       0x00000174   Zero   RW         3883    .bss                ef_env.o
    0x20001130        -       0x00000020   Zero   RW         5326    .bss                stm32f1xx_hal_flash.o
    0x20001150        -       0x00000060   Zero   RW         7426    .bss                c_w.l(libspace.o)
    0x200011b0        -       0x00000200   Zero   RW            2    HEAP                startup_stm32f103xe.o
    0x200013b0        -       0x00000400   Zero   RW            1    STACK               startup_stm32f103xe.o


==============================================================================

Image component sizes


      Code (inc. data)   RO Data    RW Data    ZI Data      Debug   Object Name

       360         32          0          0        116       1787   adc.o
       124         10          0          2          0       2253   app_acvoltage.o
       240         22          6          8          0       3042   app_buzzer.o
         2          0          0          0          0        454   app_callback.o
       286          0          0          0          0       3541   app_common.o
        12          4          0          1          0        972   app_factory.o
       108         10          0          0         32       1485   app_fan.o
        56         10          0          2          0       1653   app_handpiece.o
       300         26          8          0         32       3757   app_key.o
       590         92         10         80          0      10119   app_laser.o
       668         60          0          8         36       5075   app_led.o
       288         76          0         12          0       4629   app_mos.o
       544         56          0         16          0       7391   app_operate.o
       280         30        100          8          0       6860   app_protect.o
       176         22          0          2          0       3359   app_safelocker.o
       126         14          0         26          0       2888   app_voltagedetection.o
        64         14        200          0         12       2087   bsp_adc.o
        46          4         12          0          0       1631   bsp_buzzer.o
        82          8          0          4          0       3165   bsp_common.o
       112         10         32          0          0       1687   bsp_dac.o
       610         52         32          0         12       5879   bsp_fan.o
       136         18          0          4          0       2595   bsp_frequency.o
         2          0          0          0          0        413   bsp_handpiece.o
        54          6         24          0          0       1559   bsp_key.o
       230          8         24          0          0       2267   bsp_led.o
        42          6         12          0          0       1618   bsp_safelocker.o
       464         40         84         96       2048       7985   bsp_uart.o
        80          4          0          0          0        893   configflag.o
       164         20          0          0         20       1543   dac.o
        60          4          0          0          0        718   dma.o
        52          6          0          1          0        993   easyflash.o
      3896        150          0         16        372      36846   ef_env.o
       136         30         23          4          0       4645   ef_port.o
        36          4       1024          0          0       1104   ef_utils.o
        40          4          0          1          0       3011   fal.o
        84         12          4          1          0       1773   fal_flash.o
       194          8         56          0          0       4305   fal_flash_stm32_port.o
       352         32        384         12         24       5699   fal_partition.o
        76          0          0          0          0        955   filter.o
       276         16          0          0          0        979   gpio.o
       340         56          0          0          0     533823   main.o
       194          0          0          0          0       3907   ringbuffer.o
        64         26        304          0       1536        788   startup_stm32f103xe.o
       164         28          0         12          0       6325   stm32f1xx_hal.o
      1792        248          0          0          0       8534   stm32f1xx_hal_adc.o
       316         78          0          0          0       1422   stm32f1xx_hal_adc_ex.o
       600        264          0          0          0      30164   stm32f1xx_hal_cortex.o
       768        292          0          0          0       4257   stm32f1xx_hal_dac.o
      1640        160          0          0          0       5641   stm32f1xx_hal_dma.o
       540        124          0          0         32       5088   stm32f1xx_hal_flash.o
       544        172          0          0          0       3001   stm32f1xx_hal_flash_ex.o
      1044        258          0          0          0       3635   stm32f1xx_hal_gpio.o
        60          8          0          0          0        834   stm32f1xx_hal_msp.o
      1858        196         18          0          0       5264   stm32f1xx_hal_rcc.o
       684        150         18          0          0       2513   stm32f1xx_hal_rcc_ex.o
      6112       1200          0          0          0      21742   stm32f1xx_hal_tim.o
      1178        306          0          0          0       5470   stm32f1xx_hal_tim_ex.o
      1578        164          0          0          0      11437   stm32f1xx_hal_uart.o
       754         66          0          0          0      11731   stm32f1xx_it.o
        16          8         24          4          0       1143   system_stm32f1xx.o
       112         10          0         84          0       2546   task.o
        22          0          0          0          0        492   task_common.o
       496         40          0         20         32       2987   task_console.o
        92          8          0         28          0       1681   task_devicedetection.o
        36          4          0         12          0       1005   task_devicerun.o
       394         42          0         52          0       6090   task_fb_protect.o
      1732        128          0        356          0      25764   task_feedback.o
       240          4          0         36          0       4901   task_heartbeatmessage.o
       232          4          0         20          0       2034   task_polityhigh.o
        48          6          0         12          0       1011   task_protect.o
      1284        110          0          0        360       5834   tim.o
       692         72          0          0        356       3668   usart.o

    ----------------------------------------------------------------------
     37154       5152       2436        948       5020     878347   Object Totals
         0          0         32          0          0          0   (incl. Generated)
        80          0          5          8          0          0   (incl. Padding)

    ----------------------------------------------------------------------

      Code (inc. data)   RO Data    RW Data    ZI Data      Debug   Library Member Name

        24          4          0          0          0         84   __2printf.o
        90          0          0          0          0          0   __dczerorl2.o
         8          0          0          0          0         68   __main.o
       392          4         17          0          0         92   __printf_flags_ss_wp.o
        14          0          0          0          0         68   __printf_wp.o
         0          0          0          0          0          0   __rtentry.o
        12          0          0          0          0          0   __rtentry2.o
         6          0          0          0          0          0   __rtentry4.o
        52          8          0          0          0          0   __scatter.o
        28          0          0          0          0          0   __scatter_zi.o
        44          0          0          0          0        108   _printf_char.o
        48          6          0          0          0         96   _printf_char_common.o
        36          4          0          0          0         80   _printf_char_file.o
         6          0          0          0          0          0   _printf_d.o
       120         16          0          0          0         92   _printf_dec.o
       178          0          0          0          0         88   _printf_intcommon.o
         0          0          0          0          0          0   _printf_percent.o
         4          0          0          0          0          0   _printf_percent_end.o
         6          0          0          0          0          0   _printf_s.o
        82          0          0          0          0         80   _printf_str.o
        16          0          0          0          0         68   aeabi_memset.o
        18          0          0          0          0         80   exit.o
         8          0          0          0          0         68   ferror.o
         6          0          0          0          0        152   heapauxi.o
         2          0          0          0          0          0   libinit.o
         2          0          0          0          0          0   libinit2.o
         2          0          0          0          0          0   libshutdown.o
         2          0          0          0          0          0   libshutdown2.o
         8          4          0          0         96         68   libspace.o
        38          0          0          0          0         68   llushr.o
        68          0          0          0          0         68   rt_memclr.o
        78          0          0          0          0         80   rt_memclr_w.o
       138          0          0          0          0         68   rt_memcpy_v6.o
       100          0          0          0          0         80   rt_memcpy_w.o
         2          0          0          0          0          0   rtexit.o
        10          0          0          0          0          0   rtexit2.o
       128          0          0          0          0         68   strcmpv7m.o
        62          0          0          0          0         76   strlen.o
       150          0          0          0          0         80   strncmp.o
        86          0          0          0          0         76   strncpy.o
        74          0          0          0          0         80   sys_stackheap_outer.o
         2          0          0          0          0         68   use_no_semi.o
         2          0          0          0          0         68   use_no_semi_2.o

    ----------------------------------------------------------------------
      2162         46         20          0         96       2172   Library Totals
        10          0          3          0          0          0   (incl. Padding)

    ----------------------------------------------------------------------

      Code (inc. data)   RO Data    RW Data    ZI Data      Debug   Library Name

      2152         46         17          0         96       2172   c_w.l

    ----------------------------------------------------------------------
      2162         46         20          0         96       2172   Library Totals

    ----------------------------------------------------------------------

==============================================================================


      Code (inc. data)   RO Data    RW Data    ZI Data      Debug   

     39316       5198       2456        948       5116     857271   Grand Totals
     39316       5198       2456        544       5116     857271   ELF Image Totals (compressed)
     39316       5198       2456        544          0          0   ROM Totals

==============================================================================

    Total RO  Size (Code + RO Data)                41772 (  40.79kB)
    Total RW  Size (RW Data + ZI Data)              6064 (   5.92kB)
    Total ROM Size (Code + RO Data + RW Data)      42316 (  41.32kB)

==============================================================================

