Component: ARM Compiler 5.06 update 7 (build 960) Tool: armlink [4d3601]

==============================================================================

Section Cross References

    startup_stm32f103xe.o(STACK) refers (Special) to heapauxi.o(.text) for __use_two_region_memory
    startup_stm32f103xe.o(HEAP) refers (Special) to heapauxi.o(.text) for __use_two_region_memory
    startup_stm32f103xe.o(RESET) refers (Special) to heapauxi.o(.text) for __use_two_region_memory
    startup_stm32f103xe.o(RESET) refers to startup_stm32f103xe.o(STACK) for __initial_sp
    startup_stm32f103xe.o(RESET) refers to startup_stm32f103xe.o(.text) for Reset_Handler
    startup_stm32f103xe.o(RESET) refers to stm32f1xx_it.o(i.NMI_Handler) for NMI_Handler
    startup_stm32f103xe.o(RESET) refers to stm32f1xx_it.o(i.HardFault_Handler) for HardFault_Handler
    startup_stm32f103xe.o(RESET) refers to stm32f1xx_it.o(i.MemManage_Handler) for MemManage_Handler
    startup_stm32f103xe.o(RESET) refers to stm32f1xx_it.o(i.BusFault_Handler) for BusFault_Handler
    startup_stm32f103xe.o(RESET) refers to stm32f1xx_it.o(i.UsageFault_Handler) for UsageFault_Handler
    startup_stm32f103xe.o(RESET) refers to stm32f1xx_it.o(i.SVC_Handler) for SVC_Handler
    startup_stm32f103xe.o(RESET) refers to stm32f1xx_it.o(i.DebugMon_Handler) for DebugMon_Handler
    startup_stm32f103xe.o(RESET) refers to stm32f1xx_it.o(i.PendSV_Handler) for PendSV_Handler
    startup_stm32f103xe.o(RESET) refers to stm32f1xx_it.o(i.SysTick_Handler) for SysTick_Handler
    startup_stm32f103xe.o(RESET) refers to stm32f1xx_it.o(i.DMA1_Channel1_IRQHandler) for DMA1_Channel1_IRQHandler
    startup_stm32f103xe.o(RESET) refers to stm32f1xx_it.o(i.DMA1_Channel5_IRQHandler) for DMA1_Channel5_IRQHandler
    startup_stm32f103xe.o(RESET) refers to stm32f1xx_it.o(i.TIM2_IRQHandler) for TIM2_IRQHandler
    startup_stm32f103xe.o(RESET) refers to stm32f1xx_it.o(i.TIM3_IRQHandler) for TIM3_IRQHandler
    startup_stm32f103xe.o(RESET) refers to stm32f1xx_it.o(i.USART1_IRQHandler) for USART1_IRQHandler
    startup_stm32f103xe.o(RESET) refers to stm32f1xx_it.o(i.USART2_IRQHandler) for USART2_IRQHandler
    startup_stm32f103xe.o(RESET) refers to stm32f1xx_it.o(i.UART4_IRQHandler) for UART4_IRQHandler
    startup_stm32f103xe.o(RESET) refers to stm32f1xx_it.o(i.UART5_IRQHandler) for UART5_IRQHandler
    startup_stm32f103xe.o(RESET) refers to stm32f1xx_it.o(i.TIM6_IRQHandler) for TIM6_IRQHandler
    startup_stm32f103xe.o(.text) refers (Special) to heapauxi.o(.text) for __use_two_region_memory
    startup_stm32f103xe.o(.text) refers to system_stm32f1xx.o(i.SystemInit) for SystemInit
    startup_stm32f103xe.o(.text) refers to __main.o(!!!main) for __main
    startup_stm32f103xe.o(.text) refers to startup_stm32f103xe.o(HEAP) for Heap_Mem
    startup_stm32f103xe.o(.text) refers to startup_stm32f103xe.o(STACK) for Stack_Mem
    main.o(i.SystemClock_Config) refers to rt_memclr_w.o(.text) for __aeabi_memclr4
    main.o(i.SystemClock_Config) refers to stm32f1xx_hal_rcc.o(i.HAL_RCC_OscConfig) for HAL_RCC_OscConfig
    main.o(i.SystemClock_Config) refers to stm32f1xx_hal_rcc.o(i.HAL_RCC_ClockConfig) for HAL_RCC_ClockConfig
    main.o(i.SystemClock_Config) refers to stm32f1xx_hal_rcc_ex.o(i.HAL_RCCEx_PeriphCLKConfig) for HAL_RCCEx_PeriphCLKConfig
    main.o(i.assert_failed) refers to _printf_percent.o(.ARM.Collect$$_printf_percent$$00000000) for _printf_percent
    main.o(i.assert_failed) refers to _printf_d.o(.ARM.Collect$$_printf_percent$$00000009) for _printf_d
    main.o(i.assert_failed) refers to _printf_s.o(.ARM.Collect$$_printf_percent$$00000014) for _printf_s
    main.o(i.assert_failed) refers to _printf_dec.o(.text) for _printf_int_dec
    main.o(i.assert_failed) refers to _printf_str.o(.text) for _printf_str
    main.o(i.assert_failed) refers to __2printf.o(.text) for __2printf
    main.o(i.main) refers to _printf_percent.o(.ARM.Collect$$_printf_percent$$00000000) for _printf_percent
    main.o(i.main) refers to _printf_d.o(.ARM.Collect$$_printf_percent$$00000009) for _printf_d
    main.o(i.main) refers to _printf_dec.o(.text) for _printf_int_dec
    main.o(i.main) refers to stm32f1xx_hal.o(i.HAL_Init) for HAL_Init
    main.o(i.main) refers to main.o(i.SystemClock_Config) for SystemClock_Config
    main.o(i.main) refers to gpio.o(i.MX_GPIO_Init) for MX_GPIO_Init
    main.o(i.main) refers to dma.o(i.MX_DMA_Init) for MX_DMA_Init
    main.o(i.main) refers to tim.o(i.MX_TIM6_Init) for MX_TIM6_Init
    main.o(i.main) refers to adc.o(i.MX_ADC1_Init) for MX_ADC1_Init
    main.o(i.main) refers to tim.o(i.MX_TIM3_Init) for MX_TIM3_Init
    main.o(i.main) refers to tim.o(i.MX_TIM1_Init) for MX_TIM1_Init
    main.o(i.main) refers to dac.o(i.MX_DAC_Init) for MX_DAC_Init
    main.o(i.main) refers to usart.o(i.MX_UART4_Init) for MX_UART4_Init
    main.o(i.main) refers to usart.o(i.MX_UART5_Init) for MX_UART5_Init
    main.o(i.main) refers to usart.o(i.MX_USART1_UART_Init) for MX_USART1_UART_Init
[...]
    MX_TIM2_Init                             0x0800bc29   Thumb Code   166  tim.o(i.MX_TIM2_Init)
    MX_TIM3_Init                             0x0800bcd5   Thumb Code   172  tim.o(i.MX_TIM3_Init)
    MX_TIM6_Init                             0x0800bd89   Thumb Code    62  tim.o(i.MX_TIM6_Init)
    MX_TIM8_Init                             0x0800bdd1   Thumb Code   186  tim.o(i.MX_TIM8_Init)
    MX_UART4_Init                            0x0800be95   Thumb Code    48  usart.o(i.MX_UART4_Init)
    MX_UART5_Init                            0x0800becd   Thumb Code    48  usart.o(i.MX_UART5_Init)
    MX_USART1_UART_Init                      0x0800bf05   Thumb Code    48  usart.o(i.MX_USART1_UART_Init)
    MX_USART2_UART_Init                      0x0800bf3d   Thumb Code    48  usart.o(i.MX_USART2_UART_Init)
    MemManage_Handler                        0x0800c035   Thumb Code     2  stm32f1xx_it.o(i.MemManage_Handler)
    MiddleAverageValueFilter                 0x0800c037   Thumb Code    76  filter.o(i.MiddleAverageValueFilter)
    NMI_Handler                              0x0800c083   Thumb Code     2  stm32f1xx_it.o(i.NMI_Handler)
    PendSV_Handler                           0x0800c085   Thumb Code     2  stm32f1xx_it.o(i.PendSV_Handler)
    RingBufferClear                          0x0800c24f   Thumb Code     8  ringbuffer.o(i.RingBufferClear)
    RingBufferEmpty                          0x0800c257   Thumb Code    16  ringbuffer.o(i.RingBufferEmpty)
    RingBufferGet                            0x0800c267   Thumb Code    70  ringbuffer.o(i.RingBufferGet)
    RingBufferPut                            0x0800c2ad   Thumb Code    80  ringbuffer.o(i.RingBufferPut)
    SVC_Handler                              0x0800c2fd   Thumb Code     2  stm32f1xx_it.o(i.SVC_Handler)
    SendACVoltage                            0x0800c2ff   Thumb Code    28  task_heartbeatmessage.o(i.SendACVoltage)
    SendDC05Info                             0x0800c31b   Thumb Code    30  task_heartbeatmessage.o(i.SendDC05Info)
    SendDC12Info                             0x0800c339   Thumb Code    30  task_heartbeatmessage.o(i.SendDC12Info)
    SendDCLdInfo                             0x0800c357   Thumb Code    30  task_heartbeatmessage.o(i.SendDCLdInfo)
    SysTick_Handler                          0x0800c49f   Thumb Code     4  stm32f1xx_it.o(i.SysTick_Handler)
    SystemClock_Config                       0x0800c4a3   Thumb Code   128  main.o(i.SystemClock_Config)
    SystemInit                               0x0800c525   Thumb Code     8  system_stm32f1xx.o(i.SystemInit)
    TIM2_IRQHandler                          0x0800c535   Thumb Code     6  stm32f1xx_it.o(i.TIM2_IRQHandler)
    TIM3_IRQHandler                          0x0800c541   Thumb Code     6  stm32f1xx_it.o(i.TIM3_IRQHandler)
    TIM6_IRQHandler                          0x0800c54d   Thumb Code     6  stm32f1xx_it.o(i.TIM6_IRQHandler)
    TIM_Base_SetConfig                       0x0800c559   Thumb Code   120  stm32f1xx_hal_tim.o(i.TIM_Base_SetConfig)
    TIM_CCxChannelCmd                        0x0800c5e5   Thumb Code   106  stm32f1xx_hal_tim.o(i.TIM_CCxChannelCmd)
    TIM_ETR_SetConfig                        0x0800c6b7   Thumb Code    20  stm32f1xx_hal_tim.o(i.TIM_ETR_SetConfig)
    TIM_OC2_SetConfig                        0x0800c7c1   Thumb Code   170  stm32f1xx_hal_tim.o(i.TIM_OC2_SetConfig)
    TIM_TI1_SetConfig                        0x0800ca61   Thumb Code    88  stm32f1xx_hal_tim.o(i.TIM_TI1_SetConfig)
    Task_Console                             0x0800cb29   Thumb Code    30  task_console.o(i.Task_Console)
    Task_FB_Marks_Handler_Callback           0x0800cbe1   Thumb Code    38  task_feedback.o(i.Task_FB_Marks_Handler_Callback)
    Task_FB_Pro_Handler_Callback             0x0800cc0d   Thumb Code    52  task_feedback.o(i.Task_FB_Pro_Handler_Callback)
    Task_FB_Protect_Enable                   0x0800cc89   Thumb Code    20  task_fb_protect.o(i.Task_FB_Protect_Enable)
    Task_FB_Protect_Search                   0x0800cca1   Thumb Code    70  task_fb_protect.o(i.Task_FB_Protect_Search)
    Task_Heartbeat_Message                   0x0800ceb5   Thumb Code    40  task_heartbeatmessage.o(i.Task_Heartbeat_Message)
    Task_Marks_Handler_Callback              0x0800cee1   Thumb Code    38  task.o(i.Task_Marks_Handler_Callback)
    Task_PolityHigh                          0x0800cf0d   Thumb Code    48  task_polityhigh.o(i.Task_PolityHigh)
    Task_Pro_Handler_Callback                0x0800cf41   Thumb Code    60  task.o(i.Task_Pro_Handler_Callback)
    Task_Protect                             0x0800cf81   Thumb Code    42  task_protect.o(i.Task_Protect)
    Task_SysDete_Marks_Handler_Callback      0x0800cfb1   Thumb Code    36  task_devicedetection.o(i.Task_SysDete_Marks_Handler_Callback)
    Task_SystemDetection                     0x0800cfd9   Thumb Code    48  task_devicedetection.o(i.Task_SystemDetection)
    Task_SystemRun                           0x0800d00d   Thumb Code    32  task_devicerun.o(i.Task_SystemRun)
    Task_TimeProc                            0x0800d031   Thumb Code    18  task_common.o(i.Task_TimeProc)
    UART4_IRQHandler                         0x0800d045   Thumb Code     6  stm32f1xx_it.o(i.UART4_IRQHandler)
    UART5_IRQHandler                         0x0800d051   Thumb Code     6  stm32f1xx_it.o(i.UART5_IRQHandler)
    UART_Start_Receive_DMA                   0x0800d301   Thumb Code   134  stm32f1xx_hal_uart.o(i.UART_Start_Receive_DMA)
    USART1_IRQHandler                        0x0800d40d   Thumb Code     6  stm32f1xx_it.o(i.USART1_IRQHandler)
    USART2_IRQHandler                        0x0800d419   Thumb Code     6  stm32f1xx_it.o(i.USART2_IRQHandler)
    UsageFault_Handler                       0x0800d425   Thumb Code     2  stm32f1xx_it.o(i.UsageFault_Handler)
    Voltage_Detection                        0x0800d429   Thumb Code    24  app_voltagedetection.o(i.Voltage_Detection)
    Voltage_Extract                          0x0800d445   Thumb Code   108  app_acvoltage.o(i.Voltage_Extract)
    Voltage_Read                             0x0800d4b5   Thumb Code     6  app_acvoltage.o(i.Voltage_Read)
    _is_digit                                0x0800d4e1   Thumb Code    14  __printf_wp.o(i._is_digit)
    _sys_exit                                0x0800d4ef   Thumb Code     2  bsp_common.o(i._sys_exit)
    assert_failed                            0x0800d5d9   Thumb Code    10  main.o(i.assert_failed)
    cf_Config_App_Flag                       0x0800d615   Thumb Code    74  configflag.o(i.cf_Config_App_Flag)
    easyflash_init                           0x0800d9c5   Thumb Code    46  easyflash.o(i.easyflash_init)
    ef_calc_crc32                            0x0800d9f9   Thumb Code    32  ef_utils.o(i.ef_calc_crc32)
    ef_env_init                              0x0800da1d   Thumb Code    68  ef_env.o(i.ef_env_init)
    ef_env_set_default                       0x0800da69   Thumb Code   118  ef_env.o(i.ef_env_set_default)
    ef_get_env_blob                          0x0800dae5   Thumb Code    84  ef_env.o(i.ef_get_env_blob)
    ef_load_env                              0x0800db3d   Thumb Code   100  ef_env.o(i.ef_load_env)
    ef_port_env_lock                         0x0800dbb1   Thumb Code     2  ef_port.o(i.ef_port_env_lock)
    ef_port_env_unlock                       0x0800dbb3   Thumb Code     2  ef_port.o(i.ef_port_env_unlock)
    ef_port_erase                            0x0800dbb5   Thumb Code    26  ef_port.o(i.ef_port_erase)
    ef_port_init                             0x0800dbd5   Thumb Code    26  ef_port.o(i.ef_port_init)
    ef_port_read                             0x0800dbfd   Thumb Code    22  ef_port.o(i.ef_port_read)
    ef_port_write                            0x0800dc19   Thumb Code    28  ef_port.o(i.ef_port_write)
    ef_set_env_blob                          0x0800dc39   Thumb Code    42  ef_env.o(i.ef_set_env_blob)
    fal_flash_device_find                    0x0800dd09   Thumb Code    36  fal_flash.o(i.fal_flash_device_find)
    fal_flash_init                           0x0800dd31   Thumb Code    36  fal_flash.o(i.fal_flash_init)
    fal_init                                 0x0800dd5d   Thumb Code    36  fal.o(i.fal_init)
    fal_partition_erase                      0x0800dd85   Thumb Code    52  fal_partition.o(i.fal_partition_erase)
    fal_partition_find                       0x0800ddb9   Thumb Code    46  fal_partition.o(i.fal_partition_find)
    fal_partition_init                       0x0800dded   Thumb Code    30  fal_partition.o(i.fal_partition_init)
    fal_partition_read                       0x0800de15   Thumb Code    56  fal_partition.o(i.fal_partition_read)
    fal_partition_write                      0x0800de4d   Thumb Code    56  fal_partition.o(i.fal_partition_write)
    flash_read                               0x0800dfb5   Thumb Code    26  task_feedback.o(i.flash_read)
    fputc                                    0x0800e02d   Thumb Code    20  bsp_common.o(i.fputc)
    main                                     0x0800e1fd   Thumb Code   162  main.o(i.main)
    s_stHandpieceCfg                         0x0800e928   Data          12  bsp_handpiece.o(.constdata)
    s_stKeyCfg                               0x0800e934   Data          24  bsp_key.o(.constdata)
    NTC10K3950                               0x0800e94c   Data         200  bsp_adc.o(.constdata)
    s_stPowerCfg                             0x0800ea14   Data          32  bsp_dac.o(.constdata)
    g_stUartCfg                              0x0800ea34   Data          72  bsp_uart.o(.constdata)
    s_stLockCfg                              0x0800ea7c   Data          12  bsp_safelocker.o(.constdata)
    g_stLedCfg                               0x0800ea88   Data          24  bsp_led.o(.constdata)
    s_stFanBspCfg                            0x0800eaa0   Data          32  bsp_fan.o(.constdata)
    s_stBuzzerCfg                            0x0800eac0   Data          12  bsp_buzzer.o(.constdata)
    LaserIndicator                           0x0800ead4   Data          10  app_laser.o(.constdata)
    CurrentAdc                               0x0800eade   Data         100  app_protect.o(.constdata)
    stm32_onchip_flash                       0x0800eb48   Data          56  fal_flash_stm32_port.o(.constdata)
    AHBPrescTable                            0x0800efb0   Data          16  system_stm32f1xx.o(.constdata)
    APBPrescTable                            0x0800efc0   Data           8  system_stm32f1xx.o(.constdata)
    Region$$Table$$Base                      0x0800f170   Number         0  anon$$obj.o(Region$$Table)
    Region$$Table$$Limit                     0x0800f190   Number         0  anon$$obj.o(Region$$Table)
    __stdout                                 0x20000000   Data           4  bsp_common.o(.data)
    s_stFrequency                            0x20000004   Data           4  bsp_frequency.o(.data)
    s_stRx_RingBuffer0                       0x20000008   Data          16  bsp_uart.o(.data)
    s_stTx_RingBuffer0                       0x20000018   Data          16  bsp_uart.o(.data)
    s_stRx_RingBuffer1                       0x20000028   Data          16  bsp_uart.o(.data)
    s_stTx_RingBuffer1                       0x20000038   Data          16  bsp_uart.o(.data)
    s_stRx_RingBuffer2                       0x20000048   Data          16  bsp_uart.o(.data)
    s_stTx_RingBuffer2                       0x20000058   Data          16  bsp_uart.o(.data)
    s_stACvoltage                            0x20000068   Data           2  app_acvoltage.o(.data)
    s_stHandpieceTcb                         0x2000006a   Data           2  app_handpiece.o(.data)
    s_stSafeLockerTcb                        0x2000006c   Data           2  app_safelocker.o(.data)
    s_stSystemParametser                     0x20000074   Data          12  app_operate.o(.data)
    ENERGY                                   0x20000080   Data          50  app_laser.o(.data)
    s_stLaserTcb                             0x200000b2   Data          20  app_laser.o(.data)
    s_stLedTcb                               0x200000c8   Data           6  app_led.o(.data)
    s_stFactoryTcb                           0x200000ce   Data           1  app_factory.o(.data)
    s_stVoltageDeteTcb                       0x200000d2   Data          24  app_voltagedetection.o(.data)
    s_stMosTcb                               0x200000ea   Data           3  app_mos.o(.data)
    s_stBuzzerTcb                            0x20000100   Data           8  app_buzzer.o(.data)
    TaskQty                                  0x20000168   Data           1  task.o(.data)
    Task                                     0x2000016c   Data          72  task.o(.data)
    uwTickFreq                               0x200003a0   Data           1  stm32f1xx_hal.o(.data)
    uwTickPrio                               0x200003a4   Data           4  stm32f1xx_hal.o(.data)
    uwTick                                   0x200003a8   Data           4  stm32f1xx_hal.o(.data)
    SystemCoreClock                          0x200003ac   Data           4  system_stm32f1xx.o(.data)
    hadc1                                    0x200003b0   Data          48  adc.o(.bss)
    hdma_adc1                                0x200003e0   Data          68  adc.o(.bss)
    hdac                                     0x20000424   Data          20  dac.o(.bss)
    htim1                                    0x20000438   Data          72  tim.o(.bss)
    htim2                                    0x20000480   Data          72  tim.o(.bss)
    htim3                                    0x200004c8   Data          72  tim.o(.bss)
    htim6                                    0x20000510   Data          72  tim.o(.bss)
    htim8                                    0x20000558   Data          72  tim.o(.bss)
    huart4                                   0x200005a0   Data          72  usart.o(.bss)
    huart5                                   0x200005e8   Data          72  usart.o(.bss)
    huart1                                   0x20000630   Data          72  usart.o(.bss)
    huart2                                   0x20000678   Data          72  usart.o(.bss)
    hdma_usart1_rx                           0x200006c0   Data          68  usart.o(.bss)
    AdcValueTab                              0x20000704   Data          12  bsp_adc.o(.bss)
    RxBuffer0                                0x20000710   Data         128  bsp_uart.o(.bss)
    TxBuffer0                                0x20000790   Data         128  bsp_uart.o(.bss)
    TxUartBuffer0                            0x20000810   Data         128  bsp_uart.o(.bss)
    RxBuffer1                                0x20000890   Data          32  bsp_uart.o(.bss)
    RxUartBuffer1                            0x200008b0   Data          32  bsp_uart.o(.bss)
    TxBuffer1                                0x200008d0   Data          32  bsp_uart.o(.bss)
    TxUartBuffer1                            0x200008f0   Data          32  bsp_uart.o(.bss)
    RxBuffer2                                0x20000910   Data          32  bsp_uart.o(.bss)
    TxBuffer2                                0x20000930   Data          32  bsp_uart.o(.bss)
    TxUartBuffer2                            0x20000950   Data          32  bsp_uart.o(.bss)
    s_stFanBspTcb                            0x20000970   Data          12  bsp_fan.o(.bss)
    s_stKeyTcb                               0x2000097c   Data          32  app_key.o(.bss)
    s_stAppLedTcb                            0x2000099c   Data          36  app_led.o(.bss)
    Speed                                    0x200009c0   Data          16  app_fan.o(.bss)
    s_stFanTcb                               0x200009d0   Data          16  app_fan.o(.bss)
    env_cache_table                          0x20000a18   Data         128  ef_env.o(.bss)
    sector_cache_table                       0x20000a98   Data          32  ef_env.o(.bss)
    pFlash                                   0x20000b90   Data          32  stm32f1xx_hal_flash.o(.bss)
    __libspace_start                         0x20000bb0   Data          96  libspace.o(.bss)
    __temporary_stack_top$libspace           0x20000c10   Data           0  libspace.o(.bss)



==============================================================================

Memory Map of the image

  Image Entry point : 0x08005131

  Load Region LR_IROM1 (Base: 0x08005000, Size: 0x0000a540, Max: 0x00040000, ABSOLUTE, COMPRESSED[0x0000a3a0])

    Execution Region ER_IROM1 (Exec base: 0x08005000, Load base: 0x08005000, Size: 0x0000a190, Max: 0x00040000, ABSOLUTE)

    Exec Addr    Load Addr    Size         Type   Attr      Idx    E Section Name        Object

    0x08005000   0x08005000   0x00000130   Data   RO            3    RESET               startup_stm32f103xe.o
    0x08005130   0x08005130   0x00000008   Code   RO         7324  * !!!main             c_w.l(__main.o)
    0x08005138   0x08005138   0x00000034   Code   RO         7635    !!!scatter          c_w.l(__scatter.o)
    0x0800516c   0x0800516c   0x0000005a   Code   RO         7633    !!dczerorl2         c_w.l(__dczerorl2.o)
    0x080051c6   0x080051c6   0x00000002   PAD
    0x080051c8   0x080051c8   0x0000001c   Code   RO         7637    !!handler_zi        c_w.l(__scatter_zi.o)
    0x080051e4   0x080051e4   0x00000000   Code   RO         7303    .ARM.Collect$$_printf_percent$$00000000  c_w.l(_printf_percent.o)
    0x080051e4   0x080051e4   0x00000006   Code   RO         7302    .ARM.Collect$$_printf_percent$$00000009  c_w.l(_printf_d.o)
    0x080051ea   0x080051ea   0x00000006   Code   RO         7301    .ARM.Collect$$_printf_percent$$00000014  c_w.l(_printf_s.o)
    0x080051f0   0x080051f0   0x00000004   Code   RO         7393    .ARM.Collect$$_printf_percent$$00000017  c_w.l(_printf_percent_end.o)
    0x080051f4   0x080051f4   0x00000002   Code   RO         7503    .ARM.Collect$$libinit$$00000000  c_w.l(libinit.o)
    0x080051f6   0x080051f6   0x00000000   Code   RO         7512    .ARM.Collect$$libinit$$00000002  c_w.l(libinit2.o)
    0x080051f6   0x080051f6   0x00000000   Code   RO         7514    .ARM.Collect$$libinit$$00000004  c_w.l(libinit2.o)
    0x080051f6   0x080051f6   0x00000000   Code   RO         7517    .ARM.Collect$$libinit$$0000000A  c_w.l(libinit2.o)
    0x080051f6   0x080051f6   0x00000000   Code   RO         7519    .ARM.Collect$$libinit$$0000000C  c_w.l(libinit2.o)
    0x080051f6   0x080051f6   0x00000000   Code   RO         7521    .ARM.Collect$$libinit$$0000000E  c_w.l(libinit2.o)
    0x080051f6   0x080051f6   0x00000000   Code   RO         7524    .ARM.Collect$$libinit$$00000011  c_w.l(libinit2.o)
    0x080051f6   0x080051f6   0x00000000   Code   RO         7526    .ARM.Collect$$libinit$$00000013  c_w.l(libinit2.o)
    0x080051f6   0x080051f6   0x00000000   Code   RO         7528    .ARM.Collect$$libinit$$00000015  c_w.l(libinit2.o)
    0x080051f6   0x080051f6   0x00000000   Code   RO         7530    .ARM.Collect$$libinit$$00000017  c_w.l(libinit2.o)
    0x080051f6   0x080051f6   0x00000000   Code   RO         7532    .ARM.Collect$$libinit$$00000019  c_w.l(libinit2.o)
    0x080051f6   0x080051f6   0x00000000   Code   RO         7534    .ARM.Collect$$libinit$$0000001B  c_w.l(libinit2.o)
    0x080051f6   0x080051f6   0x00000000   Code   RO         7536    .ARM.Collect$$libinit$$0000001D  c_w.l(libinit2.o)
    0x080051f6   0x080051f6   0x00000000   Code   RO         7538    .ARM.Collect$$libinit$$0000001F  c_w.l(libinit2.o)
    0x080051f6   0x080051f6   0x00000000   Code   RO         7540    .ARM.Collect$$libinit$$00000021  c_w.l(libinit2.o)
    0x080051f6   0x080051f6   0x00000000   Code   RO         7542    .ARM.Collect$$libinit$$00000023  c_w.l(libinit2.o)
    0x080051f6   0x080051f6   0x00000000   Code   RO         7544    .ARM.Collect$$libinit$$00000025  c_w.l(libinit2.o)
    0x080051f6   0x080051f6   0x00000000   Code   RO         7548    .ARM.Collect$$libinit$$0000002C  c_w.l(libinit2.o)
    0x080051f6   0x080051f6   0x00000000   Code   RO         7550    .ARM.Collect$$libinit$$0000002E  c_w.l(libinit2.o)
    0x080051f6   0x080051f6   0x00000000   Code   RO         7552    .ARM.Collect$$libinit$$00000030  c_w.l(libinit2.o)
    0x080051f6   0x080051f6   0x00000000   Code   RO         7554    .ARM.Collect$$libinit$$00000032  c_w.l(libinit2.o)
    0x080051f6   0x080051f6   0x00000002   Code   RO         7555    .ARM.Collect$$libinit$$00000033  c_w.l(libinit2.o)
    0x080051f8   0x080051f8   0x00000002   Code   RO         7573    .ARM.Collect$$libshutdown$$00000000  c_w.l(libshutdown.o)
    0x080051fa   0x080051fa   0x00000000   Code   RO         7583    .ARM.Collect$$libshutdown$$00000002  c_w.l(libshutdown2.o)
    0x080051fa   0x080051fa   0x00000000   Code   RO         7585    .ARM.Collect$$libshutdown$$00000004  c_w.l(libshutdown2.o)
    0x080051fa   0x080051fa   0x00000000   Code   RO         7587    .ARM.Collect$$libshutdown$$00000006  c_w.l(libshutdown2.o)
    0x080051fa   0x080051fa   0x00000000   Code   RO         7590    .ARM.Collect$$libshutdown$$00000009  c_w.l(libshutdown2.o)
    0x080051fa   0x080051fa   0x00000000   Code   RO         7593    .ARM.Collect$$libshutdown$$0000000C  c_w.l(libshutdown2.o)
    0x080051fa   0x080051fa   0x00000000   Code   RO         7595    .ARM.Collect$$libshutdown$$0000000E  c_w.l(libshutdown2.o)
    0x080051fa   0x080051fa   0x00000000   Code   RO         7598    .ARM.Collect$$libshutdown$$00000011  c_w.l(libshutdown2.o)
    0x080051fa   0x080051fa   0x00000002   Code   RO         7599    .ARM.Collect$$libshutdown$$00000012  c_w.l(libshutdown2.o)
    0x080051fc   0x080051fc   0x00000000   Code   RO         7328    .ARM.Collect$$rtentry$$00000000  c_w.l(__rtentry.o)
    0x080051fc   0x080051fc   0x00000000   Code   RO         7419    .ARM.Collect$$rtentry$$00000002  c_w.l(__rtentry2.o)
    0x080051fc   0x080051fc   0x00000006   Code   RO         7431    .ARM.Collect$$rtentry$$00000004  c_w.l(__rtentry4.o)
    0x08005202   0x08005202   0x00000000   Code   RO         7421    .ARM.Collect$$rtentry$$00000009  c_w.l(__rtentry2.o)
    0x08005202   0x08005202   0x00000004   Code   RO         7422    .ARM.Collect$$rtentry$$0000000A  c_w.l(__rtentry2.o)
    0x08005206   0x08005206   0x00000000   Code   RO         7424    .ARM.Collect$$rtentry$$0000000C  c_w.l(__rtentry2.o)
    0x08005206   0x08005206   0x00000008   Code   RO         7425    .ARM.Collect$$rtentry$$0000000D  c_w.l(__rtentry2.o)
    0x0800520e   0x0800520e   0x00000002   Code   RO         7509    .ARM.Collect$$rtexit$$00000000  c_w.l(rtexit.o)
    0x08005210   0x08005210   0x00000000   Code   RO         7557    .ARM.Collect$$rtexit$$00000002  c_w.l(rtexit2.o)
    0x08005210   0x08005210   0x00000004   Code   RO         7558    .ARM.Collect$$rtexit$$00000003  c_w.l(rtexit2.o)
    0x08005214   0x08005214   0x00000006   Code   RO         7559    .ARM.Collect$$rtexit$$00000004  c_w.l(rtexit2.o)
    0x0800521a   0x0800521a   0x00000002   PAD
    0x0800521c   0x0800521c   0x00000040   Code   RO            4    .text               startup_stm32f103xe.o
    0x0800525c   0x0800525c   0x00000002   Code   RO         7261    .text               c_w.l(use_no_semi_2.o)
    0x0800525e   0x0800525e   0x00000026   Code   RO         7263    .text               c_w.l(llushr.o)
    0x08005284   0x08005284   0x00000018   Code   RO         7267    .text               c_w.l(__2printf.o)
    0x0800529c   0x0800529c   0x00000052   Code   RO         7277    .text               c_w.l(_printf_str.o)
    0x080052ee   0x080052ee   0x00000002   PAD
    0x080052f0   0x080052f0   0x00000078   Code   RO         7279    .text               c_w.l(_printf_dec.o)
    0x08005368   0x08005368   0x00000188   Code   RO         7298    .text               c_w.l(__printf_flags_ss_wp.o)
    0x080054f0   0x080054f0   0x0000003e   Code   RO         7306    .text               c_w.l(strlen.o)
    0x0800552e   0x0800552e   0x00000096   Code   RO         7308    .text               c_w.l(strncmp.o)
    0x080055c4   0x080055c4   0x0000008a   Code   RO         7310    .text               c_w.l(rt_memcpy_v6.o)
    0x0800564e   0x0800564e   0x00000010   Code   RO         7312    .text               c_w.l(aeabi_memset.o)
    0x0800565e   0x0800565e   0x00000044   Code   RO         7314    .text               c_w.l(rt_memclr.o)
    0x080056a2   0x080056a2   0x0000004e   Code   RO         7316    .text               c_w.l(rt_memclr_w.o)
    0x080056f0   0x080056f0   0x00000056   Code   RO         7318    .text               c_w.l(strncpy.o)
    0x08005746   0x08005746   0x00000002   PAD
    0x08005748   0x08005748   0x00000080   Code   RO         7320    .text               c_w.l(strcmpv7m.o)
    0x080057c8   0x080057c8   0x00000006   Code   RO         7322    .text               c_w.l(heapauxi.o)
    0x080057ce   0x080057ce   0x00000002   Code   RO         7326    .text               c_w.l(use_no_semi.o)
    0x080057d0   0x080057d0   0x000000b2   Code   RO         7338    .text               c_w.l(_printf_intcommon.o)
    0x08005882   0x08005882   0x00000002   PAD
    0x08005884   0x08005884   0x00000030   Code   RO         7342    .text               c_w.l(_printf_char_common.o)
    0x080058b4   0x080058b4   0x0000002c   Code   RO         7346    .text               c_w.l(_printf_char.o)
    0x080058e0   0x080058e0   0x00000024   Code   RO         7348    .text               c_w.l(_printf_char_file.o)
    0x08005904   0x08005904   0x00000064   Code   RO         7405    .text               c_w.l(rt_memcpy_w.o)
    0x08005968   0x08005968   0x00000008   Code   RO         7415    .text               c_w.l(libspace.o)
    0x08005970   0x08005970   0x00000008   Code   RO         7448    .text               c_w.l(ferror.o)
    0x08005978   0x08005978   0x0000004a   Code   RO         7454    .text               c_w.l(sys_stackheap_outer.o)
    0x080059c2   0x080059c2   0x00000012   Code   RO         7496    .text               c_w.l(exit.o)
    0x080059d4   0x080059d4   0x0000004c   Code   RO         2799    i.AC_Console        task_console.o
    0x08005a20   0x08005a20   0x00000054   Code   RO         4309    i.ADC_ConversionStop_Disable  stm32f1xx_hal_adc.o
    0x08005a74   0x08005a74   0x0000004e   Code   RO         4310    i.ADC_DMAConvCplt   stm32f1xx_hal_adc.o
    0x08005ac2   0x08005ac2   0x0000001a   Code   RO         4311    i.ADC_DMAError      stm32f1xx_hal_adc.o
    0x08005adc   0x08005adc   0x0000000a   Code   RO         4312    i.ADC_DMAHalfConvCplt  stm32f1xx_hal_adc.o
    0x08005ae6   0x08005ae6   0x00000002   PAD
    0x08005ae8   0x08005ae8   0x00000078   Code   RO         4313    i.ADC_Enable        stm32f1xx_hal_adc.o
    0x08005b60   0x08005b60   0x00000030   Code   RO         2554    i.APP_Buzzer_Config  app_buzzer.o
    0x08005b90   0x08005b90   0x0000004c   Code   RO         2556    i.APP_Buzzer_Init   app_buzzer.o
    0x08005bdc   0x08005bdc   0x00000034   Code   RO         2557    i.APP_Buzzer_Long   app_buzzer.o
    0x08005c10   0x08005c10   0x00000040   Code   RO         2559    i.APP_Buzzer_Task   app_buzzer.o
    0x08005c50   0x08005c50   0x0000000c   Code   RO         2245    i.APP_Factory_Init  app_factory.o
    0x08005c5c   0x08005c5c   0x00000034   Code   RO         2283    i.APP_Fan_Init      app_fan.o
    0x08005c90   0x08005c90   0x00000038   Code   RO         2285    i.APP_Fan_Task      app_fan.o
    0x08005cc8   0x08005cc8   0x00000024   Code   RO         1763    i.APP_Handpiece_Init  app_handpiece.o
    0x08005cec   0x08005cec   0x00000038   Code   RO         1764    i.APP_Handpiece_Task  app_handpiece.o
    0x08005d24   0x08005d24   0x00000032   Code   RO         1658    i.APP_Init          app_common.o
    0x08005d56   0x08005d56   0x00000002   PAD
    0x08005d58   0x08005d58   0x0000000c   Code   RO         1955    i.APP_IsLaserRunning  app_operate.o
    0x08005d64   0x08005d64   0x0000000c   Code   RO         1956    i.APP_IsSystemReady  app_operate.o
    0x08005d70   0x08005d70   0x0000001c   Code   RO         1814    i.APP_KEY_DelayConfig  app_key.o
    0x08005d8c   0x08005d8c   0x0000003c   Code   RO         1815    i.APP_KEY_Init      app_key.o
    0x08005dc8   0x08005dc8   0x0000001e   Code   RO         1816    i.APP_KEY_IsPress   app_key.o
    0x08005de6   0x08005de6   0x00000002   PAD
    0x08005de8   0x08005de8   0x00000084   Code   RO         1817    i.APP_KEY_Task      app_key.o
    0x08005e6c   0x08005e6c   0x00000018   Code   RO         1818    i.APP_Key_ReadVal   app_key.o
    0x08005e84   0x08005e84   0x00000028   Code   RO         2186    i.APP_LED_AllConfig  app_led.o
    0x08005eac   0x08005eac   0x00000088   Code   RO         2187    i.APP_LED_Config    app_led.o
    0x08005f34   0x08005f34   0x00000058   Code   RO         2188    i.APP_LED_ConfigColor  app_led.o
    0x08005f8c   0x08005f8c   0x000000c4   Code   RO         2189    i.APP_LED_Init      app_led.o
    0x08006050   0x08006050   0x000000ac   Code   RO         2190    i.APP_LED_Task      app_led.o
    0x080060fc   0x080060fc   0x00000024   Code   RO         2191    i.APP_LED_TimeProc  app_led.o
    0x08006120   0x08006120   0x00000018   Code   RO         1957    i.APP_LaserCountCallback  app_operate.o
    0x08006138   0x08006138   0x0000000c   Code   RO         2058    i.APP_LaserReadPulse  app_laser.o
    0x08006144   0x08006144   0x0000000c   Code   RO         2059    i.APP_LaserReadPulseWidth  app_laser.o
    0x08006150   0x08006150   0x00000054   Code   RO         2060    i.APP_LaserRefresh  app_laser.o
    0x080061a4   0x080061a4   0x00000048   Code   RO         2061    i.APP_LaserRefreshMedical  app_laser.o
    0x080061ec   0x080061ec   0x00000034   Code   RO         1959    i.APP_LaserRunning  app_operate.o
    0x08006220   0x08006220   0x00000030   Code   RO         2062    i.APP_Laser_EnergyReady  app_laser.o
    0x08006250   0x08006250   0x0000000c   Code   RO         2063    i.APP_Laser_IndicatorReadEnergy  app_laser.o
    0x0800625c   0x0800625c   0x0000002c   Code   RO         2064    i.APP_Laser_IndicatorWriteEnergy  app_laser.o
    0x08006288   0x08006288   0x0000001e   Code   RO         2065    i.APP_Laser_Init    app_laser.o
    0x080062a6   0x080062a6   0x00000002   PAD
    0x080062a8   0x080062a8   0x0000003c   Code   RO         2066    i.APP_Laser_OutEnable  app_laser.o
    0x080062e4   0x080062e4   0x0000000c   Code   RO         2067    i.APP_Laser_ReadEnergy  app_laser.o
    0x080062f0   0x080062f0   0x0000000c   Code   RO         2068    i.APP_Laser_ReadFrequency  app_laser.o
    0x080062fc   0x080062fc   0x0000000c   Code   RO         2069    i.APP_Laser_ReadPulseMode  app_laser.o
    0x08006308   0x08006308   0x00000038   Code   RO         2070    i.APP_Laser_WriteEnergy  app_laser.o
    0x08006340   0x08006340   0x0000001c   Code   RO         2071    i.APP_Laser_WriteFrequency  app_laser.o
    0x0800635c   0x0800635c   0x00000018   Code   RO         2072    i.APP_Laser_WriteMode  app_laser.o
    0x08006374   0x08006374   0x00000024   Code   RO         2073    i.APP_Laser_WritePulse  app_laser.o
    0x08006398   0x08006398   0x00000024   Code   RO         2075    i.APP_Laser_WritePulseWidth  app_laser.o
    0x080063bc   0x080063bc   0x00000018   Code   RO         2398    i.APP_Mos_Init      app_mos.o
    0x080063d4   0x080063d4   0x00000034   Code   RO         2399    i.APP_Mos_Task      app_mos.o
    0x08006408   0x08006408   0x00000022   Code   RO         2454    i.APP_Protect_DC24Range  app_protect.o
    0x0800642a   0x0800642a   0x00000004   Code   RO         2455    i.APP_Protect_Init  app_protect.o
    0x0800642e   0x0800642e   0x00000002   PAD
    0x08006430   0x08006430   0x0000000c   Code   RO         2456    i.APP_Protect_ReadVersion  app_protect.o
    0x0800643c   0x0800643c   0x00000034   Code   RO         2457    i.APP_Protect_RefreshCurrent  app_protect.o
    0x08006470   0x08006470   0x00000038   Code   RO         2458    i.APP_Protect_RefreshPulseWidth  app_protect.o
    0x080064a8   0x080064a8   0x0000001c   Code   RO         2459    i.APP_Protect_RefreshReady  app_protect.o
    0x080064c4   0x080064c4   0x0000001c   Code   RO         2460    i.APP_Protect_RefreshRun  app_protect.o
    0x080064e0   0x080064e0   0x00000004   Code   RO         2461    i.APP_Protect_Task  app_protect.o
    0x080064e4   0x080064e4   0x00000014   Code   RO         2462    i.APP_Protect_WDG_Callback  app_protect.o
    0x080064f8   0x080064f8   0x00000010   Code   RO         2463    i.APP_Protect_WDG_Init  app_protect.o
    0x08006508   0x08006508   0x0000000c   Code   RO         2464    i.APP_Protect_WDG_Refresh  app_protect.o
    0x08006514   0x08006514   0x00000002   Code   RO         2465    i.APP_Protect_WriteErrorCode  app_protect.o
    0x08006516   0x08006516   0x00000002   PAD
    0x08006518   0x08006518   0x0000000c   Code   RO         2466    i.APP_Protect_WriteVersion  app_protect.o
    0x08006524   0x08006524   0x0000001c   Code   RO         1766    i.APP_ReadHandpieceCONN  app_handpiece.o
    0x08006540   0x08006540   0x0000000c   Code   RO         1960    i.APP_ReadLaserCount  app_operate.o
    0x0800654c   0x0800654c   0x0000000c   Code   RO         2400    i.APP_ReadMosTemperature  app_mos.o
    0x08006558   0x08006558   0x00000018   Code   RO         1899    i.APP_ReadSafeLockerConn  app_safelocker.o
    0x08006570   0x08006570   0x00000024   Code   RO         1961    i.APP_ReadTime      app_operate.o
    0x08006594   0x08006594   0x00000028   Code   RO         1962    i.APP_SafeGuard     app_operate.o
    0x080065bc   0x080065bc   0x00000024   Code   RO         1901    i.APP_SafeLocker_Init  app_safelocker.o
    0x080065e0   0x080065e0   0x00000034   Code   RO         1902    i.APP_SafeLocker_Task  app_safelocker.o
    0x08006614   0x08006614   0x00000028   Code   RO         1963    i.APP_SendLaserCount  app_operate.o
    0x0800663c   0x0800663c   0x00000060   Code   RO         1964    i.APP_SendTime      app_operate.o
    0x0800669c   0x0800669c   0x0000009a   Code   RO         1659    i.APP_Send_Data     app_common.o
    0x08006736   0x08006736   0x00000002   PAD
    0x08006738   0x08006738   0x0000000c   Code   RO         1965    i.APP_SetLaserCount  app_operate.o
    0x08006744   0x08006744   0x00000018   Code   RO         1966    i.APP_SetTime       app_operate.o
    0x0800675c   0x0800675c   0x00000030   Code   RO         1967    i.APP_SystemReady   app_operate.o
    0x0800678c   0x0800678c   0x0000004c   Code   RO         1968    i.APP_TimeCallback  app_operate.o
    0x080067d8   0x080067d8   0x00000012   Code   RO         1660    i.APP_TimeProc      app_common.o
    0x080067ea   0x080067ea   0x00000002   PAD
    0x080067ec   0x080067ec   0x00000018   Code   RO         2352    i.APP_VoltageDetectionRead  app_voltagedetection.o
    0x08006804   0x08006804   0x00000002   Code   RO         2353    i.APP_VoltageDetection_Init  app_voltagedetection.o
    0x08006806   0x08006806   0x00000002   PAD
    0x08006808   0x08006808   0x00000028   Code   RO         2354    i.APP_VoltageDetection_Task  app_voltagedetection.o
    0x08006830   0x08006830   0x00000014   Code   RO         1767    i.APP_WriteHandpiecePROT  app_handpiece.o
    0x08006844   0x08006844   0x00000018   Code   RO         1903    i.APP_WriteSafeLockerPROT  app_safelocker.o
    0x0800685c   0x0800685c   0x00000016   Code   RO         2884    i.App_GetLaserInfo  task_feedback.o
    0x08006872   0x08006872   0x0000001c   Code   RO         2885    i.App_GetVersion    task_feedback.o
    0x0800688e   0x0800688e   0x00000002   PAD
    0x08006890   0x08006890   0x00000048   Code   RO         2886    i.App_Matching      task_feedback.o
    0x080068d8   0x080068d8   0x00000008   Code   RO         2887    i.App_ProductDate   task_feedback.o
    0x080068e0   0x080068e0   0x0000002c   Code   RO         2888    i.App_SetHandpiecePROT  task_feedback.o
    0x0800690c   0x0800690c   0x00000038   Code   RO         2889    i.App_SetKeyDelay   task_feedback.o
    0x08006944   0x08006944   0x00000034   Code   RO         2890    i.App_SetLaserCount  task_feedback.o
    0x08006978   0x08006978   0x0000001c   Code   RO         2891    i.App_SetLaserFrequency  task_feedback.o
    0x08006994   0x08006994   0x0000001c   Code   RO         2892    i.App_SetLaserIndicatorPower  task_feedback.o
    0x080069b0   0x080069b0   0x00000020   Code   RO         2893    i.App_SetLaserModeOpt  task_feedback.o
    0x080069d0   0x080069d0   0x00000002   Code   RO         2894    i.App_SetLaserNum   task_feedback.o
    0x080069d2   0x080069d2   0x0000001c   Code   RO         2895    i.App_SetLaserPower  task_feedback.o
    0x080069ee   0x080069ee   0x0000001c   Code   RO         2896    i.App_SetLaserPulse  task_feedback.o
    0x08006a0a   0x08006a0a   0x0000002a   Code   RO         2897    i.App_SetLaserPulseWidth  task_feedback.o
    0x08006a34   0x08006a34   0x00000056   Code   RO         2898    i.App_SetLed        task_feedback.o
    0x08006a8a   0x08006a8a   0x00000002   Code   RO         2899    i.App_SetOverTempPROT  task_feedback.o
    0x08006a8c   0x08006a8c   0x00000038   Code   RO         2900    i.App_SetSafeLockerPROT  task_feedback.o
    0x08006ac4   0x08006ac4   0x00000020   Code   RO         2901    i.App_SetSystemReady  task_feedback.o
    0x08006ae4   0x08006ae4   0x00000002   Code   RO         2902    i.App_SetTempTH     task_feedback.o
    0x08006ae6   0x08006ae6   0x00000002   Code   RO         2903    i.App_SetWaterFlowPROT  task_feedback.o
    0x08006ae8   0x08006ae8   0x00000028   Code   RO         2904    i.App_SetWorkTime   task_feedback.o
    0x08006b10   0x08006b10   0x00000008   Code   RO         2905    i.App_SystemReboot  task_feedback.o
    0x08006b18   0x08006b18   0x00000040   Code   RO         2906    i.App_Updata        task_feedback.o
    0x08006b58   0x08006b58   0x00000028   Code   RO         1208    i.BSP_Adc_Init      bsp_adc.o
    0x08006b80   0x08006b80   0x00000002   Code   RO         1620    i.BSP_Buzzer_Init   bsp_buzzer.o
    0x08006b82   0x08006b82   0x00000002   PAD
    0x08006b84   0x08006b84   0x0000002c   Code   RO         1621    i.BSP_Buzzer_Operate  bsp_buzzer.o
    0x08006bb0   0x08006bb0   0x00000040   Code   RO         1299    i.BSP_DAC_Config    bsp_dac.o
    0x08006bf0   0x08006bf0   0x00000030   Code   RO         1303    i.BSP_DAC_Init      bsp_dac.o
    0x08006c20   0x08006c20   0x00000044   Code   RO         1545    i.BSP_Fan_Capture   bsp_fan.o
    0x08006c64   0x08006c64   0x00000038   Code   RO         1546    i.BSP_Fan_CaptureOverflow  bsp_fan.o
    0x08006c9c   0x08006c9c   0x00000080   Code   RO         1547    i.BSP_Fan_CaptureStart  bsp_fan.o
    0x08006d1c   0x08006d1c   0x00000074   Code   RO         1548    i.BSP_Fan_CaptureStop  bsp_fan.o
    0x08006d90   0x08006d90   0x00000034   Code   RO         1549    i.BSP_Fan_Config    bsp_fan.o
    0x08006dc4   0x08006dc4   0x0000001e   Code   RO         1551    i.BSP_Fan_Init      bsp_fan.o
    0x08006de2   0x08006de2   0x00000002   PAD
    0x08006de4   0x08006de4   0x00000048   Code   RO         1552    i.BSP_Fan_Operate   bsp_fan.o
    0x08006e2c   0x08006e2c   0x00000058   Code   RO         1553    i.BSP_Fan_Task      bsp_fan.o
    0x08006e84   0x08006e84   0x0000000c   Code   RO         1247    i.BSP_Frenquency_Config  bsp_frequency.o
    0x08006e90   0x08006e90   0x00000024   Code   RO         1249    i.BSP_Frenquency_Disable  bsp_frequency.o
    0x08006eb4   0x08006eb4   0x00000054   Code   RO         1250    i.BSP_Frenquency_Enable  bsp_frequency.o
    0x08006f08   0x08006f08   0x00000004   Code   RO         1251    i.BSP_Frequency_Init  bsp_frequency.o
    0x08006f0c   0x08006f0c   0x00000002   Code   RO         1136    i.BSP_Handpiece_Init  bsp_handpiece.o
    0x08006f0e   0x08006f0e   0x00000002   PAD
    0x08006f10   0x08006f10   0x00000038   Code   RO         1072    i.BSP_Init          bsp_common.o
    0x08006f48   0x08006f48   0x00000002   Code   RO         1170    i.BSP_Key_Init      bsp_key.o
    0x08006f4a   0x08006f4a   0x00000002   PAD
    0x08006f4c   0x08006f4c   0x00000034   Code   RO         1500    i.BSP_Led_Config    bsp_led.o
    0x08006f80   0x08006f80   0x00000016   Code   RO         1502    i.BSP_Led_Init      bsp_led.o
    0x08006f96   0x08006f96   0x00000002   PAD
    0x08006f98   0x08006f98   0x0000009c   Code   RO         1503    i.BSP_Led_Operate   bsp_led.o
    0x08007034   0x08007034   0x00000018   Code   RO         1209    i.BSP_ReadADCVal    bsp_adc.o
    0x0800704c   0x0800704c   0x00000028   Code   RO         1137    i.BSP_ReadHandpieceValue  bsp_handpiece.o
    0x08007074   0x08007074   0x00000034   Code   RO         1171    i.BSP_ReadKeyValue  bsp_key.o
    0x080070a8   0x080070a8   0x00000028   Code   RO         1461    i.BSP_SafeLockerValue  bsp_safelocker.o
    0x080070d0   0x080070d0   0x00000002   Code   RO         1463    i.BSP_SafeLocker_Init  bsp_safelocker.o
    0x080070d2   0x080070d2   0x00000002   PAD
    0x080070d4   0x080070d4   0x00000020   Code   RO         1350    i.BSP_UART_GetBuff  bsp_uart.o
    0x080070f4   0x080070f4   0x00000020   Code   RO         1351    i.BSP_UART_GetBuffSize  bsp_uart.o
    0x08007114   0x08007114   0x000001ec   Code   RO          689    i.BSP_UART_IRQHandler  stm32f1xx_it.o
    0x08007300   0x08007300   0x00000024   Code   RO         1352    i.BSP_UART_IdSearch  bsp_uart.o
    0x08007324   0x08007324   0x00000014   Code   RO         1353    i.BSP_UART_Receive  bsp_uart.o
    0x08007338   0x08007338   0x0000002c   Code   RO         1354    i.BSP_UART_RxData   bsp_uart.o
    0x08007364   0x08007364   0x0000002c   Code   RO         1356    i.BSP_UART_TxDataToID  bsp_uart.o
    0x08007390   0x08007390   0x0000005c   Code   RO         1357    i.BSP_UART_TxStart  bsp_uart.o
    0x080073ec   0x080073ec   0x00000030   Code   RO         1359    i.BSP_Uart_Enable   bsp_uart.o
    0x0800741c   0x0800741c   0x00000058   Code   RO         1360    i.BSP_Uart_EnableDMA  bsp_uart.o
    0x08007474   0x08007474   0x0000001c   Code   RO         1361    i.BSP_Uart_Init     bsp_uart.o
    0x08007490   0x08007490   0x00000002   Code   RO          690    i.BusFault_Handler  stm32f1xx_it.o
    0x08007492   0x08007492   0x00000002   PAD
    0x08007494   0x08007494   0x0000000c   Code   RO          691    i.DMA1_Channel1_IRQHandler  stm32f1xx_it.o
    0x080074a0   0x080074a0   0x0000000c   Code   RO          692    i.DMA1_Channel5_IRQHandler  stm32f1xx_it.o
    0x080074ac   0x080074ac   0x0000002a   Code   RO         4965    i.DMA_SetConfig     stm32f1xx_hal_dma.o
    0x080074d6   0x080074d6   0x00000002   Code   RO          693    i.DebugMon_Handler  stm32f1xx_it.o
    0x080074d8   0x080074d8   0x00000018   Code   RO         2907    i.Enable_Feedback   task_feedback.o
    0x080074f0   0x080074f0   0x00000004   Code   RO           13    i.Error_Handler     main.o
    0x080074f4   0x080074f4   0x00000074   Code   RO         5405    i.FLASH_MassErase   stm32f1xx_hal_flash_ex.o
    0x08007568   0x08007568   0x00000024   Code   RO         5412    i.FLASH_PageErase   stm32f1xx_hal_flash_ex.o
    0x0800758c   0x0800758c   0x0000001c   Code   RO         5302    i.FLASH_Program_HalfWord  stm32f1xx_hal_flash.o
    0x080075a8   0x080075a8   0x0000005c   Code   RO         5303    i.FLASH_SetErrorCode  stm32f1xx_hal_flash.o
    0x08007604   0x08007604   0x00000054   Code   RO         5304    i.FLASH_WaitForLastOperation  stm32f1xx_hal_flash.o
    0x08007658   0x08007658   0x00000014   Code   RO          949    i.GetRingBufferLen  ringbuffer.o
    0x0800766c   0x0800766c   0x0000013c   Code   RO         4489    i.HAL_ADCEx_Calibration_Start  stm32f1xx_hal_adc_ex.o
    0x080077a8   0x080077a8   0x00000228   Code   RO         4315    i.HAL_ADC_ConfigChannel  stm32f1xx_hal_adc.o
    0x080079d0   0x080079d0   0x00000002   Code   RO         4316    i.HAL_ADC_ConvCpltCallback  stm32f1xx_hal_adc.o
    0x080079d2   0x080079d2   0x00000002   Code   RO         4317    i.HAL_ADC_ConvHalfCpltCallback  stm32f1xx_hal_adc.o
    0x080079d4   0x080079d4   0x00000002   Code   RO         4319    i.HAL_ADC_ErrorCallback  stm32f1xx_hal_adc.o
    0x080079d6   0x080079d6   0x00000002   PAD
    0x080079d8   0x080079d8   0x00000234   Code   RO         4324    i.HAL_ADC_Init      stm32f1xx_hal_adc.o
    0x08007c0c   0x08007c0c   0x000000b0   Code   RO          408    i.HAL_ADC_MspInit   adc.o
    0x08007cbc   0x08007cbc   0x00000160   Code   RO         4331    i.HAL_ADC_Start_DMA  stm32f1xx_hal_adc.o
    0x08007e1c   0x08007e1c   0x000000e0   Code   RO         5575    i.HAL_DAC_ConfigChannel  stm32f1xx_hal_dac.o
    0x08007efc   0x08007efc   0x00000060   Code   RO         5583    i.HAL_DAC_GetValue  stm32f1xx_hal_dac.o
    0x08007f5c   0x08007f5c   0x00000078   Code   RO         5585    i.HAL_DAC_Init      stm32f1xx_hal_dac.o
    0x08007fd4   0x08007fd4   0x00000058   Code   RO          450    i.HAL_DAC_MspInit   dac.o
    0x0800802c   0x0800802c   0x0000009c   Code   RO         5588    i.HAL_DAC_SetValue  stm32f1xx_hal_dac.o
    0x080080c8   0x080080c8   0x000000ac   Code   RO         5589    i.HAL_DAC_Start     stm32f1xx_hal_dac.o
    0x08008174   0x08008174   0x00000046   Code   RO         4966    i.HAL_DMA_Abort     stm32f1xx_hal_dma.o
    0x080081ba   0x080081ba   0x00000002   PAD
    0x080081bc   0x080081bc   0x00000130   Code   RO         4967    i.HAL_DMA_Abort_IT  stm32f1xx_hal_dma.o
    0x080082ec   0x080082ec   0x00000004   Code   RO         4969    i.HAL_DMA_GetError  stm32f1xx_hal_dma.o
    0x080082f0   0x080082f0   0x00000248   Code   RO         4971    i.HAL_DMA_IRQHandler  stm32f1xx_hal_dma.o
    0x08008538   0x08008538   0x000001b0   Code   RO         4972    i.HAL_DMA_Init      stm32f1xx_hal_dma.o
    0x080086e8   0x080086e8   0x000000cc   Code   RO         4976    i.HAL_DMA_Start_IT  stm32f1xx_hal_dma.o
    0x080087b4   0x080087b4   0x00000024   Code   RO         4592    i.HAL_Delay         stm32f1xx_hal.o
    0x080087d8   0x080087d8   0x00000188   Code   RO         5413    i.HAL_FLASHEx_Erase  stm32f1xx_hal_flash_ex.o
    0x08008960   0x08008960   0x00000014   Code   RO         5308    i.HAL_FLASH_Lock    stm32f1xx_hal_flash.o
    0x08008974   0x08008974   0x00000004   Code   RO         5309    i.HAL_FLASH_OB_Launch  stm32f1xx_hal_flash.o
    0x08008978   0x08008978   0x00000110   Code   RO         5313    i.HAL_FLASH_Program  stm32f1xx_hal_flash.o
    0x08008a88   0x08008a88   0x00000028   Code   RO         5315    i.HAL_FLASH_Unlock  stm32f1xx_hal_flash.o
    0x08008ab0   0x08008ab0   0x00000350   Code   RO         4902    i.HAL_GPIO_Init     stm32f1xx_hal_gpio.o
    0x08008e00   0x08008e00   0x00000058   Code   RO         4904    i.HAL_GPIO_ReadPin  stm32f1xx_hal_gpio.o
    0x08008e58   0x08008e58   0x0000006c   Code   RO         4906    i.HAL_GPIO_WritePin  stm32f1xx_hal_gpio.o
    0x08008ec4   0x08008ec4   0x0000000c   Code   RO         4596    i.HAL_GetTick       stm32f1xx_hal.o
    0x08008ed0   0x08008ed0   0x00000010   Code   RO         4602    i.HAL_IncTick       stm32f1xx_hal.o
    0x08008ee0   0x08008ee0   0x00000024   Code   RO         4603    i.HAL_Init          stm32f1xx_hal.o
    0x08008f04   0x08008f04   0x00000040   Code   RO         4604    i.HAL_InitTick      stm32f1xx_hal.o
    0x08008f44   0x08008f44   0x0000003c   Code   RO          869    i.HAL_MspInit       stm32f1xx_hal_msp.o
    0x08008f80   0x08008f80   0x0000006c   Code   RO         5061    i.HAL_NVIC_DisableIRQ  stm32f1xx_hal_cortex.o
    0x08008fec   0x08008fec   0x00000064   Code   RO         5062    i.HAL_NVIC_EnableIRQ  stm32f1xx_hal_cortex.o
    0x08009050   0x08009050   0x0000009c   Code   RO         5068    i.HAL_NVIC_SetPriority  stm32f1xx_hal_cortex.o
    0x080090ec   0x080090ec   0x00000080   Code   RO         5069    i.HAL_NVIC_SetPriorityGrouping  stm32f1xx_hal_cortex.o
    0x0800916c   0x0800916c   0x00000024   Code   RO         5070    i.HAL_NVIC_SystemReset  stm32f1xx_hal_cortex.o
    0x08009190   0x08009190   0x00000114   Code   RO         4863    i.HAL_RCCEx_GetPeriphCLKFreq  stm32f1xx_hal_rcc_ex.o
    0x080092a4   0x080092a4   0x00000198   Code   RO         4864    i.HAL_RCCEx_PeriphCLKConfig  stm32f1xx_hal_rcc_ex.o
    0x0800943c   0x0800943c   0x00000238   Code   RO         4760    i.HAL_RCC_ClockConfig  stm32f1xx_hal_rcc.o
    0x08009674   0x08009674   0x00000020   Code   RO         4767    i.HAL_RCC_GetPCLK1Freq  stm32f1xx_hal_rcc.o
    0x08009694   0x08009694   0x00000020   Code   RO         4768    i.HAL_RCC_GetPCLK2Freq  stm32f1xx_hal_rcc.o
    0x080096b4   0x080096b4   0x0000004c   Code   RO         4769    i.HAL_RCC_GetSysClockFreq  stm32f1xx_hal_rcc.o
    0x08009700   0x08009700   0x0000047e   Code   RO         4772    i.HAL_RCC_OscConfig  stm32f1xx_hal_rcc.o
    0x08009b7e   0x08009b7e   0x00000028   Code   RO         5073    i.HAL_SYSTICK_Config  stm32f1xx_hal_cortex.o
    0x08009ba6   0x08009ba6   0x00000002   Code   RO         6549    i.HAL_TIMEx_BreakCallback  stm32f1xx_hal_tim_ex.o
    0x08009ba8   0x08009ba8   0x00000002   Code   RO         6550    i.HAL_TIMEx_CommutCallback  stm32f1xx_hal_tim_ex.o
    0x08009baa   0x08009baa   0x00000002   PAD
    0x08009bac   0x08009bac   0x00000148   Code   RO         6552    i.HAL_TIMEx_ConfigBreakDeadTime  stm32f1xx_hal_tim_ex.o
    0x08009cf4   0x08009cf4   0x0000013c   Code   RO         6568    i.HAL_TIMEx_MasterConfigSynchronization  stm32f1xx_hal_tim_ex.o
    0x08009e30   0x08009e30   0x0000011c   Code   RO         6579    i.HAL_TIMEx_PWMN_Start  stm32f1xx_hal_tim_ex.o
    0x08009f4c   0x08009f4c   0x000000dc   Code   RO         6582    i.HAL_TIMEx_PWMN_Stop  stm32f1xx_hal_tim_ex.o
    0x0800a028   0x0800a028   0x0000014c   Code   RO         5844    i.HAL_TIM_Base_Init  stm32f1xx_hal_tim.o
    0x0800a174   0x0800a174   0x000000e8   Code   RO          546    i.HAL_TIM_Base_MspInit  tim.o
    0x0800a25c   0x0800a25c   0x000000ec   Code   RO         5849    i.HAL_TIM_Base_Start_IT  stm32f1xx_hal_tim.o
    0x0800a348   0x0800a348   0x000003a0   Code   RO         5853    i.HAL_TIM_ConfigClockSource  stm32f1xx_hal_tim.o
    0x0800a6e8   0x0800a6e8   0x0000000e   Code   RO          695    i.HAL_TIM_IC_CaptureCallback  stm32f1xx_it.o
    0x0800a6f6   0x0800a6f6   0x00000002   PAD
    0x0800a6f8   0x0800a6f8   0x00000270   Code   RO         5880    i.HAL_TIM_IC_ConfigChannel  stm32f1xx_hal_tim.o
    0x0800a968   0x0800a968   0x0000014c   Code   RO         5883    i.HAL_TIM_IC_Init   stm32f1xx_hal_tim.o
    0x0800aab4   0x0800aab4   0x00000002   Code   RO         5885    i.HAL_TIM_IC_MspInit  stm32f1xx_hal_tim.o
    0x0800aab6   0x0800aab6   0x00000166   Code   RO         5892    i.HAL_TIM_IRQHandler  stm32f1xx_hal_tim.o
    0x0800ac1c   0x0800ac1c   0x000000bc   Code   RO          547    i.HAL_TIM_MspPostInit  tim.o
    0x0800acd8   0x0800acd8   0x00000002   Code   RO         5895    i.HAL_TIM_OC_DelayElapsedCallback  stm32f1xx_hal_tim.o
    0x0800acda   0x0800acda   0x00000002   PAD
    0x0800acdc   0x0800acdc   0x00000220   Code   RO         5916    i.HAL_TIM_PWM_ConfigChannel  stm32f1xx_hal_tim.o
    0x0800aefc   0x0800aefc   0x0000014c   Code   RO         5919    i.HAL_TIM_PWM_Init  stm32f1xx_hal_tim.o
    0x0800b048   0x0800b048   0x00000028   Code   RO          549    i.HAL_TIM_PWM_MspInit  tim.o
    0x0800b070   0x0800b070   0x00000028   Code   RO          696    i.HAL_TIM_PWM_PulseFinishedCallback  stm32f1xx_it.o
    0x0800b098   0x0800b098   0x00000170   Code   RO         5924    i.HAL_TIM_PWM_Start  stm32f1xx_hal_tim.o
    0x0800b208   0x0800b208   0x00000138   Code   RO         5927    i.HAL_TIM_PWM_Stop  stm32f1xx_hal_tim.o
    0x0800b340   0x0800b340   0x00000030   Code   RO          697    i.HAL_TIM_PeriodElapsedCallback  stm32f1xx_it.o
    0x0800b370   0x0800b370   0x0000011c   Code   RO         5932    i.HAL_TIM_ReadCapturedValue  stm32f1xx_hal_tim.o
    0x0800b48c   0x0800b48c   0x00000002   Code   RO         5935    i.HAL_TIM_TriggerCallback  stm32f1xx_hal_tim.o
    0x0800b48e   0x0800b48e   0x00000002   Code   RO         6828    i.HAL_UARTEx_RxEventCallback  stm32f1xx_hal_uart.o
    0x0800b490   0x0800b490   0x00000062   Code   RO         6834    i.HAL_UART_AbortTransmit  stm32f1xx_hal_uart.o
    0x0800b4f2   0x0800b4f2   0x00000020   Code   RO          698    i.HAL_UART_ErrorCallback  stm32f1xx_it.o
    0x0800b512   0x0800b512   0x00000002   PAD
    0x0800b514   0x0800b514   0x0000012c   Code   RO         6846    i.HAL_UART_Init     stm32f1xx_hal_uart.o
    0x0800b640   0x0800b640   0x000001d4   Code   RO          630    i.HAL_UART_MspInit  usart.o
    0x0800b814   0x0800b814   0x0000001c   Code   RO         6850    i.HAL_UART_Receive_DMA  stm32f1xx_hal_uart.o
    0x0800b830   0x0800b830   0x00000002   Code   RO         6852    i.HAL_UART_RxCpltCallback  stm32f1xx_hal_uart.o
    0x0800b832   0x0800b832   0x00000002   Code   RO         6853    i.HAL_UART_RxHalfCpltCallback  stm32f1xx_hal_uart.o
    0x0800b834   0x0800b834   0x0000009a   Code   RO         6854    i.HAL_UART_Transmit  stm32f1xx_hal_uart.o
    0x0800b8ce   0x0800b8ce   0x00000032   Code   RO         6856    i.HAL_UART_Transmit_IT  stm32f1xx_hal_uart.o
    0x0800b900   0x0800b900   0x00000002   Code   RO         1874    i.HCI_KeyProcCallback  app_callback.o
    0x0800b902   0x0800b902   0x00000002   Code   RO          700    i.HardFault_Handler  stm32f1xx_it.o
    0x0800b904   0x0800b904   0x00000004   Code   RO         2841    i.Link_Init         task.o
    0x0800b908   0x0800b908   0x000000b8   Code   RO          409    i.MX_ADC1_Init      adc.o
    0x0800b9c0   0x0800b9c0   0x0000004c   Code   RO          451    i.MX_DAC_Init       dac.o
    0x0800ba0c   0x0800ba0c   0x0000003c   Code   RO          491    i.MX_DMA_Init       dma.o
    0x0800ba48   0x0800ba48   0x00000114   Code   RO          383    i.MX_GPIO_Init      gpio.o
    0x0800bb5c   0x0800bb5c   0x000000cc   Code   RO          550    i.MX_TIM1_Init      tim.o
    0x0800bc28   0x0800bc28   0x000000ac   Code   RO          551    i.MX_TIM2_Init      tim.o
    0x0800bcd4   0x0800bcd4   0x000000b4   Code   RO          552    i.MX_TIM3_Init      tim.o
    0x0800bd88   0x0800bd88   0x00000048   Code   RO          553    i.MX_TIM6_Init      tim.o
    0x0800bdd0   0x0800bdd0   0x000000c4   Code   RO          554    i.MX_TIM8_Init      tim.o
    0x0800be94   0x0800be94   0x00000038   Code   RO          631    i.MX_UART4_Init     usart.o
    0x0800becc   0x0800becc   0x00000038   Code   RO          632    i.MX_UART5_Init     usart.o
    0x0800bf04   0x0800bf04   0x00000038   Code   RO          633    i.MX_USART1_UART_Init  usart.o
    0x0800bf3c   0x0800bf3c   0x00000038   Code   RO          634    i.MX_USART2_UART_Init  usart.o
    0x0800bf74   0x0800bf74   0x000000c0   Code   RO         2800    i.Main_Console      task_console.o
    0x0800c034   0x0800c034   0x00000002   Code   RO          701    i.MemManage_Handler  stm32f1xx_it.o
    0x0800c036   0x0800c036   0x0000004c   Code   RO         1038    i.MiddleAverageValueFilter  filter.o
    0x0800c082   0x0800c082   0x00000002   Code   RO          702    i.NMI_Handler       stm32f1xx_it.o
    0x0800c084   0x0800c084   0x00000002   Code   RO          703    i.PendSV_Handler    stm32f1xx_it.o
    0x0800c086   0x0800c086   0x00000002   PAD
    0x0800c088   0x0800c088   0x000000c0   Code   RO         2801    i.Protect_Console   task_console.o
    0x0800c148   0x0800c148   0x00000006   Code   RO         3227    i.Protect_Error     task_fb_protect.o
    0x0800c14e   0x0800c14e   0x00000002   PAD
    0x0800c150   0x0800c150   0x0000000c   Code   RO         3228    i.Protect_FB_Error  task_fb_protect.o
    0x0800c15c   0x0800c15c   0x0000000c   Code   RO         3229    i.Protect_FB_Updata  task_fb_protect.o
    0x0800c168   0x0800c168   0x0000003c   Code   RO         3230    i.Protect_FB_Version  task_fb_protect.o
    0x0800c1a4   0x0800c1a4   0x00000070   Code   RO         3231    i.Protect_Updata    task_fb_protect.o
    0x0800c214   0x0800c214   0x00000020   Code   RO         3232    i.Protect_Version   task_fb_protect.o
    0x0800c234   0x0800c234   0x0000001a   Code   RO         1819    i.Read_KeyState     app_key.o
    0x0800c24e   0x0800c24e   0x00000008   Code   RO          950    i.RingBufferClear   ringbuffer.o
    0x0800c256   0x0800c256   0x00000010   Code   RO          952    i.RingBufferEmpty   ringbuffer.o
    0x0800c266   0x0800c266   0x00000046   Code   RO          954    i.RingBufferGet     ringbuffer.o
    0x0800c2ac   0x0800c2ac   0x00000050   Code   RO          956    i.RingBufferPut     ringbuffer.o
    0x0800c2fc   0x0800c2fc   0x00000002   Code   RO          704    i.SVC_Handler       stm32f1xx_it.o
    0x0800c2fe   0x0800c2fe   0x0000001c   Code   RO         2668    i.SendACVoltage     task_heartbeatmessage.o
    0x0800c31a   0x0800c31a   0x0000001e   Code   RO         2669    i.SendDC05Info      task_heartbeatmessage.o
    0x0800c338   0x0800c338   0x0000001e   Code   RO         2670    i.SendDC12Info      task_heartbeatmessage.o
    0x0800c356   0x0800c356   0x0000001e   Code   RO         2671    i.SendDCLdInfo      task_heartbeatmessage.o
    0x0800c374   0x0800c374   0x00000002   Code   RO         2672    i.SendErrorInfo     task_heartbeatmessage.o
    0x0800c376   0x0800c376   0x00000028   Code   RO         2673    i.SendHandPieceConn  task_heartbeatmessage.o
    0x0800c39e   0x0800c39e   0x00000022   Code   RO         3186    i.SendLaserCount    task_polityhigh.o
    0x0800c3c0   0x0800c3c0   0x0000001c   Code   RO         2674    i.SendMosTemperature  task_heartbeatmessage.o
    0x0800c3dc   0x0800c3dc   0x00000028   Code   RO         2675    i.SendSafeLockerInfor  task_heartbeatmessage.o
    0x0800c404   0x0800c404   0x00000092   Code   RO         3187    i.SendTime          task_polityhigh.o
    0x0800c496   0x0800c496   0x00000008   Code   RO         2676    i.SendVersion       task_heartbeatmessage.o
    0x0800c49e   0x0800c49e   0x00000004   Code   RO          705    i.SysTick_Handler   stm32f1xx_it.o
    0x0800c4a2   0x0800c4a2   0x00000080   Code   RO           14    i.SystemClock_Config  main.o
    0x0800c522   0x0800c522   0x00000002   PAD
    0x0800c524   0x0800c524   0x00000010   Code   RO         7180    i.SystemInit        system_stm32f1xx.o
    0x0800c534   0x0800c534   0x0000000c   Code   RO          706    i.TIM2_IRQHandler   stm32f1xx_it.o
    0x0800c540   0x0800c540   0x0000000c   Code   RO          707    i.TIM3_IRQHandler   stm32f1xx_it.o
    0x0800c54c   0x0800c54c   0x0000000c   Code   RO          708    i.TIM6_IRQHandler   stm32f1xx_it.o
    0x0800c558   0x0800c558   0x0000008c   Code   RO         5937    i.TIM_Base_SetConfig  stm32f1xx_hal_tim.o
    0x0800c5e4   0x0800c5e4   0x000000b8   Code   RO         5938    i.TIM_CCxChannelCmd  stm32f1xx_hal_tim.o
    0x0800c69c   0x0800c69c   0x0000001a   Code   RO         6588    i.TIM_CCxNChannelCmd  stm32f1xx_hal_tim_ex.o
    0x0800c6b6   0x0800c6b6   0x00000014   Code   RO         5948    i.TIM_ETR_SetConfig  stm32f1xx_hal_tim.o
    0x0800c6ca   0x0800c6ca   0x00000010   Code   RO         5949    i.TIM_ITRx_SetConfig  stm32f1xx_hal_tim.o
    0x0800c6da   0x0800c6da   0x00000002   PAD
    0x0800c6dc   0x0800c6dc   0x000000e4   Code   RO         5950    i.TIM_OC1_SetConfig  stm32f1xx_hal_tim.o
    0x0800c7c0   0x0800c7c0   0x000000ec   Code   RO         5951    i.TIM_OC2_SetConfig  stm32f1xx_hal_tim.o
    0x0800c8ac   0x0800c8ac   0x000000ec   Code   RO         5952    i.TIM_OC3_SetConfig  stm32f1xx_hal_tim.o
    0x0800c998   0x0800c998   0x000000a4   Code   RO         5953    i.TIM_OC4_SetConfig  stm32f1xx_hal_tim.o
    0x0800ca3c   0x0800ca3c   0x00000022   Code   RO         5955    i.TIM_TI1_ConfigInputStage  stm32f1xx_hal_tim.o
    0x0800ca5e   0x0800ca5e   0x00000002   PAD
    0x0800ca60   0x0800ca60   0x0000006c   Code   RO         5956    i.TIM_TI1_SetConfig  stm32f1xx_hal_tim.o
    0x0800cacc   0x0800cacc   0x00000024   Code   RO         5957    i.TIM_TI2_ConfigInputStage  stm32f1xx_hal_tim.o
    0x0800caf0   0x0800caf0   0x00000036   Code   RO         5958    i.TIM_TI2_SetConfig  stm32f1xx_hal_tim.o
    0x0800cb26   0x0800cb26   0x00000002   PAD
    0x0800cb28   0x0800cb28   0x00000024   Code   RO         2802    i.Task_Console      task_console.o
    0x0800cb4c   0x0800cb4c   0x00000068   Code   RO         2908    i.Task_FB_GetLaserInfo  task_feedback.o
    0x0800cbb4   0x0800cbb4   0x0000002c   Code   RO         2909    i.Task_FB_GetVersion  task_feedback.o
    0x0800cbe0   0x0800cbe0   0x0000002c   Code   RO         2910    i.Task_FB_Marks_Handler_Callback  task_feedback.o
    0x0800cc0c   0x0800cc0c   0x00000038   Code   RO         2911    i.Task_FB_Pro_Handler_Callback  task_feedback.o
    0x0800cc44   0x0800cc44   0x00000044   Code   RO         2912    i.Task_FB_ProductDate  task_feedback.o
    0x0800cc88   0x0800cc88   0x00000018   Code   RO         3233    i.Task_FB_Protect_Enable  task_fb_protect.o
    0x0800cca0   0x0800cca0   0x0000004c   Code   RO         3236    i.Task_FB_Protect_Search  task_fb_protect.o
    0x0800ccec   0x0800ccec   0x00000010   Code   RO         2913    i.Task_FB_SetHandpiecePROT  task_feedback.o
    0x0800ccfc   0x0800ccfc   0x00000010   Code   RO         2914    i.Task_FB_SetKeyDelay  task_feedback.o
    0x0800cd0c   0x0800cd0c   0x00000014   Code   RO         2915    i.Task_FB_SetLaserCount  task_feedback.o
    0x0800cd20   0x0800cd20   0x00000028   Code   RO         2916    i.Task_FB_SetLaserFrequency  task_feedback.o
    0x0800cd48   0x0800cd48   0x00000028   Code   RO         2917    i.Task_FB_SetLaserIndicatorPower  task_feedback.o
    0x0800cd70   0x0800cd70   0x00000028   Code   RO         2918    i.Task_FB_SetLaserMode  task_feedback.o
    0x0800cd98   0x0800cd98   0x00000010   Code   RO         2919    i.Task_FB_SetLaserNum  task_feedback.o
    0x0800cda8   0x0800cda8   0x00000028   Code   RO         2920    i.Task_FB_SetLaserPower  task_feedback.o
    0x0800cdd0   0x0800cdd0   0x00000028   Code   RO         2921    i.Task_FB_SetLaserPulse  task_feedback.o
    0x0800cdf8   0x0800cdf8   0x00000028   Code   RO         2922    i.Task_FB_SetLaserPulseWidth  task_feedback.o
    0x0800ce20   0x0800ce20   0x00000010   Code   RO         2923    i.Task_FB_SetLed    task_feedback.o
    0x0800ce30   0x0800ce30   0x0000000c   Code   RO         2924    i.Task_FB_SetOverTempPROT  task_feedback.o
    0x0800ce3c   0x0800ce3c   0x00000010   Code   RO         2925    i.Task_FB_SetSafeLockerPROT  task_feedback.o
    0x0800ce4c   0x0800ce4c   0x0000002c   Code   RO         2926    i.Task_FB_SetSystemReady  task_feedback.o
    0x0800ce78   0x0800ce78   0x0000000c   Code   RO         2927    i.Task_FB_SetTempTH  task_feedback.o
    0x0800ce84   0x0800ce84   0x0000000c   Code   RO         2928    i.Task_FB_SetWaterFlowPROT  task_feedback.o
    0x0800ce90   0x0800ce90   0x00000010   Code   RO         2929    i.Task_FB_SetWorkTime  task_feedback.o
    0x0800cea0   0x0800cea0   0x00000012   Code   RO         2930    i.Task_FB_SystemReboot  task_feedback.o
    0x0800ceb2   0x0800ceb2   0x00000002   Code   RO         2931    i.Task_FB_Updata    task_feedback.o
    0x0800ceb4   0x0800ceb4   0x0000002c   Code   RO         2677    i.Task_Heartbeat_Message  task_heartbeatmessage.o
    0x0800cee0   0x0800cee0   0x0000002c   Code   RO         2842    i.Task_Marks_Handler_Callback  task.o
    0x0800cf0c   0x0800cf0c   0x00000034   Code   RO         3188    i.Task_PolityHigh   task_polityhigh.o
    0x0800cf40   0x0800cf40   0x00000040   Code   RO         2843    i.Task_Pro_Handler_Callback  task.o
    0x0800cf80   0x0800cf80   0x00000030   Code   RO         3301    i.Task_Protect      task_protect.o
    0x0800cfb0   0x0800cfb0   0x00000028   Code   RO         2636    i.Task_SysDete_Marks_Handler_Callback  task_devicedetection.o
    0x0800cfd8   0x0800cfd8   0x00000034   Code   RO         2637    i.Task_SystemDetection  task_devicedetection.o
    0x0800d00c   0x0800d00c   0x00000024   Code   RO         3153    i.Task_SystemRun    task_devicerun.o
    0x0800d030   0x0800d030   0x00000012   Code   RO         2612    i.Task_TimeProc     task_common.o
    0x0800d042   0x0800d042   0x00000002   PAD
    0x0800d044   0x0800d044   0x0000000c   Code   RO          709    i.UART4_IRQHandler  stm32f1xx_it.o
    0x0800d050   0x0800d050   0x0000000c   Code   RO          710    i.UART5_IRQHandler  stm32f1xx_it.o
    0x0800d05c   0x0800d05c   0x0000004a   Code   RO         6860    i.UART_DMAError     stm32f1xx_hal_uart.o
    0x0800d0a6   0x0800d0a6   0x00000086   Code   RO         6861    i.UART_DMAReceiveCplt  stm32f1xx_hal_uart.o
    0x0800d12c   0x0800d12c   0x0000001e   Code   RO         6863    i.UART_DMARxHalfCplt  stm32f1xx_hal_uart.o
    0x0800d14a   0x0800d14a   0x0000004e   Code   RO         6869    i.UART_EndRxTransfer  stm32f1xx_hal_uart.o
    0x0800d198   0x0800d198   0x0000001c   Code   RO         6870    i.UART_EndTxTransfer  stm32f1xx_hal_uart.o
    0x0800d1b4   0x0800d1b4   0x0000014c   Code   RO         6872    i.UART_SetConfig    stm32f1xx_hal_uart.o
    0x0800d300   0x0800d300   0x00000094   Code   RO         6873    i.UART_Start_Receive_DMA  stm32f1xx_hal_uart.o
    0x0800d394   0x0800d394   0x00000076   Code   RO         6875    i.UART_WaitOnFlagUntilTimeout  stm32f1xx_hal_uart.o
    0x0800d40a   0x0800d40a   0x00000002   PAD
    0x0800d40c   0x0800d40c   0x0000000c   Code   RO          711    i.USART1_IRQHandler  stm32f1xx_it.o
    0x0800d418   0x0800d418   0x0000000c   Code   RO          712    i.USART2_IRQHandler  stm32f1xx_it.o
    0x0800d424   0x0800d424   0x00000002   Code   RO          713    i.UsageFault_Handler  stm32f1xx_it.o
    0x0800d426   0x0800d426   0x00000002   PAD
    0x0800d428   0x0800d428   0x0000001c   Code   RO         2355    i.Voltage_Detection  app_voltagedetection.o
    0x0800d444   0x0800d444   0x00000070   Code   RO         1730    i.Voltage_Extract   app_acvoltage.o
    0x0800d4b4   0x0800d4b4   0x0000000c   Code   RO         1731    i.Voltage_Read      app_acvoltage.o
    0x0800d4c0   0x0800d4c0   0x00000020   Code   RO         5075    i.__NVIC_SetPriority  stm32f1xx_hal_cortex.o
    0x0800d4e0   0x0800d4e0   0x0000000e   Code   RO         7291    i._is_digit         c_w.l(__printf_wp.o)
    0x0800d4ee   0x0800d4ee   0x00000002   Code   RO         1073    i._sys_exit         bsp_common.o
    0x0800d4f0   0x0800d4f0   0x00000046   Code   RO         3823    i.align_write       ef_env.o
    0x0800d536   0x0800d536   0x00000002   PAD
    0x0800d538   0x0800d538   0x00000074   Code   RO         3824    i.alloc_env         ef_env.o
    0x0800d5ac   0x0800d5ac   0x0000002c   Code   RO         3825    i.alloc_env_cb      ef_env.o
    0x0800d5d8   0x0800d5d8   0x0000003c   Code   RO           15    i.assert_failed     main.o
    0x0800d614   0x0800d614   0x00000050   Code   RO         1009    i.cf_Config_App_Flag  configflag.o
    0x0800d664   0x0800d664   0x00000032   Code   RO         3826    i.check_and_recovery_env_cb  ef_env.o
    0x0800d696   0x0800d696   0x00000002   PAD
    0x0800d698   0x0800d698   0x00000020   Code   RO         3827    i.check_and_recovery_gc_cb  ef_env.o
    0x0800d6b8   0x0800d6b8   0x00000048   Code   RO         3400    i.check_and_update_part_cache  fal_partition.o
    0x0800d700   0x0800d700   0x0000001a   Code   RO         3828    i.check_sec_hdr_cb  ef_env.o
    0x0800d71a   0x0800d71a   0x00000002   PAD
    0x0800d71c   0x0800d71c   0x00000198   Code   RO         3829    i.create_env_blob   ef_env.o
    0x0800d8b4   0x0800d8b4   0x000000ac   Code   RO         3830    i.del_env           ef_env.o
    0x0800d960   0x0800d960   0x00000064   Code   RO         3831    i.do_gc             ef_env.o
    0x0800d9c4   0x0800d9c4   0x00000034   Code   RO         3798    i.easyflash_init    easyflash.o
    0x0800d9f8   0x0800d9f8   0x00000024   Code   RO         4139    i.ef_calc_crc32     ef_utils.o
    0x0800da1c   0x0800da1c   0x0000004c   Code   RO         3834    i.ef_env_init       ef_env.o
    0x0800da68   0x0800da68   0x0000007c   Code   RO         3835    i.ef_env_set_default  ef_env.o
    0x0800dae4   0x0800dae4   0x00000058   Code   RO         3837    i.ef_get_env_blob   ef_env.o
    0x0800db3c   0x0800db3c   0x00000074   Code   RO         3840    i.ef_load_env       ef_env.o
    0x0800dbb0   0x0800dbb0   0x00000002   Code   RO         4191    i.ef_port_env_lock  ef_port.o
    0x0800dbb2   0x0800dbb2   0x00000002   Code   RO         4192    i.ef_port_env_unlock  ef_port.o
    0x0800dbb4   0x0800dbb4   0x00000020   Code   RO         4193    i.ef_port_erase     ef_port.o
    0x0800dbd4   0x0800dbd4   0x00000028   Code   RO         4194    i.ef_port_init      ef_port.o
    0x0800dbfc   0x0800dbfc   0x0000001c   Code   RO         4195    i.ef_port_read      ef_port.o
    0x0800dc18   0x0800dc18   0x00000020   Code   RO         4196    i.ef_port_write     ef_port.o
    0x0800dc38   0x0800dc38   0x00000030   Code   RO         3846    i.ef_set_env_blob   ef_env.o
    0x0800dc68   0x0800dc68   0x00000062   Code   RO         3847    i.env_iterator      ef_env.o
    0x0800dcca   0x0800dcca   0x0000003c   Code   RO         3480    i.erase             fal_flash_stm32_port.o
    0x0800dd06   0x0800dd06   0x00000002   PAD
    0x0800dd08   0x0800dd08   0x00000028   Code   RO         3376    i.fal_flash_device_find  fal_flash.o
    0x0800dd30   0x0800dd30   0x0000002c   Code   RO         3377    i.fal_flash_init    fal_flash.o
    0x0800dd5c   0x0800dd5c   0x00000028   Code   RO         3345    i.fal_init          fal.o
    0x0800dd84   0x0800dd84   0x00000034   Code   RO         3402    i.fal_partition_erase  fal_partition.o
    0x0800ddb8   0x0800ddb8   0x00000034   Code   RO         3404    i.fal_partition_find  fal_partition.o
    0x0800ddec   0x0800ddec   0x00000028   Code   RO         3405    i.fal_partition_init  fal_partition.o
    0x0800de14   0x0800de14   0x00000038   Code   RO         3406    i.fal_partition_read  fal_partition.o
    0x0800de4c   0x0800de4c   0x00000038   Code   RO         3407    i.fal_partition_write  fal_partition.o
    0x0800de84   0x0800de84   0x00000042   Code   RO         3848    i.find_env          ef_env.o
    0x0800dec6   0x0800dec6   0x00000036   Code   RO         3849    i.find_env_cb       ef_env.o
    0x0800defc   0x0800defc   0x00000020   Code   RO         3850    i.find_env_no_cache  ef_env.o
    0x0800df1c   0x0800df1c   0x00000080   Code   RO         3851    i.find_next_env_addr  ef_env.o
    0x0800df9c   0x0800df9c   0x00000018   Code   RO         3410    i.flash_device_find_by_part  fal_partition.o
    0x0800dfb4   0x0800dfb4   0x0000001a   Code   RO         2932    i.flash_read        task_feedback.o
    0x0800dfce   0x0800dfce   0x00000002   PAD
    0x0800dfd0   0x0800dfd0   0x0000005c   Code   RO         3852    i.format_sector     ef_env.o
    0x0800e02c   0x0800e02c   0x00000018   Code   RO         1074    i.fputc             bsp_common.o
    0x0800e044   0x0800e044   0x0000000e   Code   RO         3853    i.gc_check_cb       ef_env.o
    0x0800e052   0x0800e052   0x00000002   PAD
    0x0800e054   0x0800e054   0x00000048   Code   RO         3854    i.gc_collect        ef_env.o
    0x0800e09c   0x0800e09c   0x00000078   Code   RO         3855    i.get_env_from_cache  ef_env.o
    0x0800e114   0x0800e114   0x0000004e   Code   RO         3856    i.get_next_env_addr  ef_env.o
    0x0800e162   0x0800e162   0x00000002   PAD
    0x0800e164   0x0800e164   0x00000034   Code   RO         3857    i.get_next_sector_addr  ef_env.o
    0x0800e198   0x0800e198   0x0000002c   Code   RO         3858    i.get_sector_from_cache  ef_env.o
    0x0800e1c4   0x0800e1c4   0x0000001e   Code   RO         3859    i.get_status        ef_env.o
    0x0800e1e2   0x0800e1e2   0x00000002   PAD
    0x0800e1e4   0x0800e1e4   0x00000018   Code   RO         3481    i.init              fal_flash_stm32_port.o
    0x0800e1fc   0x0800e1fc   0x000000b4   Code   RO           16    i.main              main.o
    0x0800e2b0   0x0800e2b0   0x00000100   Code   RO         3860    i.move_env          ef_env.o
    0x0800e3b0   0x0800e3b0   0x00000034   Code   RO         3861    i.new_env           ef_env.o
    0x0800e3e4   0x0800e3e4   0x0000001c   Code   RO         3482    i.read              fal_flash_stm32_port.o
    0x0800e400   0x0800e400   0x000000da   Code   RO         3863    i.read_env          ef_env.o
    0x0800e4da   0x0800e4da   0x00000002   PAD
    0x0800e4dc   0x0800e4dc   0x0000014c   Code   RO         3864    i.read_sector_meta_data  ef_env.o
    0x0800e628   0x0800e628   0x00000056   Code   RO         3865    i.sector_iterator   ef_env.o
    0x0800e67e   0x0800e67e   0x00000022   Code   RO         3866    i.sector_statistics_cb  ef_env.o
    0x0800e6a0   0x0800e6a0   0x00000094   Code   RO         3867    i.set_env           ef_env.o
    0x0800e734   0x0800e734   0x0000002a   Code   RO         3868    i.set_status        ef_env.o
    0x0800e75e   0x0800e75e   0x00000002   PAD
    0x0800e760   0x0800e760   0x00000098   Code   RO         3869    i.update_env_cache  ef_env.o
    0x0800e7f8   0x0800e7f8   0x0000005a   Code   RO         3870    i.update_sec_status  ef_env.o
    0x0800e852   0x0800e852   0x00000002   PAD
    0x0800e854   0x0800e854   0x00000060   Code   RO         3871    i.update_sector_cache  ef_env.o
    0x0800e8b4   0x0800e8b4   0x0000004c   Code   RO         3483    i.write             fal_flash_stm32_port.o
    0x0800e900   0x0800e900   0x00000028   Code   RO         3872    i.write_status      ef_env.o
    0x0800e928   0x0800e928   0x0000000c   Data   RO         1138    .constdata          bsp_handpiece.o
    0x0800e934   0x0800e934   0x00000018   Data   RO         1172    .constdata          bsp_key.o
    0x0800e94c   0x0800e94c   0x000000c8   Data   RO         1213    .constdata          bsp_adc.o
    0x0800ea14   0x0800ea14   0x00000020   Data   RO         1304    .constdata          bsp_dac.o
    0x0800ea34   0x0800ea34   0x00000048   Data   RO         1372    .constdata          bsp_uart.o
    0x0800ea7c   0x0800ea7c   0x0000000c   Data   RO         1464    .constdata          bsp_safelocker.o
    0x0800ea88   0x0800ea88   0x00000018   Data   RO         1504    .constdata          bsp_led.o
    0x0800eaa0   0x0800eaa0   0x00000020   Data   RO         1555    .constdata          bsp_fan.o
    0x0800eac0   0x0800eac0   0x0000000c   Data   RO         1622    .constdata          bsp_buzzer.o
    0x0800eacc   0x0800eacc   0x00000008   Data   RO         1821    .constdata          app_key.o
    0x0800ead4   0x0800ead4   0x0000000a   Data   RO         2076    .constdata          app_laser.o
    0x0800eade   0x0800eade   0x00000064   Data   RO         2468    .constdata          app_protect.o
    0x0800eb42   0x0800eb42   0x00000002   PAD
    0x0800eb44   0x0800eb44   0x00000004   Data   RO         3378    .constdata          fal_flash.o
    0x0800eb48   0x0800eb48   0x00000038   Data   RO         3484    .constdata          fal_flash_stm32_port.o
    0x0800eb80   0x0800eb80   0x00000400   Data   RO         4140    .constdata          ef_utils.o
    0x0800ef80   0x0800ef80   0x0000000c   Data   RO         4199    .constdata          ef_port.o
    0x0800ef8c   0x0800ef8c   0x00000012   Data   RO         4773    .constdata          stm32f1xx_hal_rcc.o
    0x0800ef9e   0x0800ef9e   0x00000012   Data   RO         4865    .constdata          stm32f1xx_hal_rcc_ex.o
    0x0800efb0   0x0800efb0   0x00000010   Data   RO         7181    .constdata          system_stm32f1xx.o
    0x0800efc0   0x0800efc0   0x00000008   Data   RO         7182    .constdata          system_stm32f1xx.o
    0x0800efc8   0x0800efc8   0x00000011   Data   RO         7299    .constdata          c_w.l(__printf_flags_ss_wp.o)
    0x0800efd9   0x0800efd9   0x00000003   PAD
    0x0800efdc   0x0800efdc   0x00000006   Data   RO         2560    .conststring        app_buzzer.o
    0x0800efe2   0x0800efe2   0x00000002   PAD
    0x0800efe4   0x0800efe4   0x0000000b   Data   RO         4200    .conststring        ef_port.o
    0x0800efef   0x0800efef   0x00000001   PAD
    0x0800eff0   0x0800eff0   0x00000180   Data   RO         3413    FalPartTable        fal_partition.o
    0x0800f170   0x0800f170   0x00000020   Data   RO         7631    Region$$Table       anon$$obj.o


    Execution Region RW_IRAM1 (Exec base: 0x20000000, Load base: 0x0800f190, Size: 0x00001210, Max: 0x0000c000, ABSOLUTE, COMPRESSED[0x00000210])

    Exec Addr    Load Addr    Size         Type   Attr      Idx    E Section Name        Object

    0x20000000   COMPRESSED   0x00000004   Data   RW         1075    .data               bsp_common.o
    0x20000004   COMPRESSED   0x00000004   Data   RW         1253    .data               bsp_frequency.o
    0x20000008   COMPRESSED   0x00000010   Data   RW         1373    .data               bsp_uart.o
    0x20000018   COMPRESSED   0x00000010   Data   RW         1374    .data               bsp_uart.o
    0x20000028   COMPRESSED   0x00000010   Data   RW         1375    .data               bsp_uart.o
    0x20000038   COMPRESSED   0x00000010   Data   RW         1376    .data               bsp_uart.o
    0x20000048   COMPRESSED   0x00000010   Data   RW         1377    .data               bsp_uart.o
    0x20000058   COMPRESSED   0x00000010   Data   RW         1378    .data               bsp_uart.o
    0x20000068   COMPRESSED   0x00000002   Data   RW         1732    .data               app_acvoltage.o
    0x2000006a   COMPRESSED   0x00000002   Data   RW         1768    .data               app_handpiece.o
    0x2000006c   COMPRESSED   0x00000002   Data   RW         1904    .data               app_safelocker.o
    0x2000006e   COMPRESSED   0x00000002   PAD
    0x20000070   COMPRESSED   0x00000010   Data   RW         1969    .data               app_operate.o
    0x20000080   COMPRESSED   0x00000046   Data   RW         2077    .data               app_laser.o
    0x200000c6   COMPRESSED   0x00000008   Data   RW         2193    .data               app_led.o
    0x200000ce   COMPRESSED   0x00000001   Data   RW         2247    .data               app_factory.o
    0x200000cf   COMPRESSED   0x00000001   PAD
    0x200000d0   COMPRESSED   0x0000001a   Data   RW         2356    .data               app_voltagedetection.o
    0x200000ea   COMPRESSED   0x0000000c   Data   RW         2403    .data               app_mos.o
    0x200000f6   COMPRESSED   0x00000002   PAD
    0x200000f8   COMPRESSED   0x00000008   Data   RW         2469    .data               app_protect.o
    0x20000100   COMPRESSED   0x00000008   Data   RW         2561    .data               app_buzzer.o
    0x20000108   COMPRESSED   0x00000024   Data   RW         2638    .data               task_devicedetection.o
    0x2000012c   COMPRESSED   0x00000028   Data   RW         2682    .data               task_heartbeatmessage.o
    0x20000154   COMPRESSED   0x00000014   Data   RW         2804    .data               task_console.o
    0x20000168   COMPRESSED   0x0000004c   Data   RW         2844    .data               task.o
    0x200001b4   COMPRESSED   0x00000164   Data   RW         2933    .data               task_feedback.o
    0x20000318   COMPRESSED   0x0000000c   Data   RW         3155    .data               task_devicerun.o
    0x20000324   COMPRESSED   0x00000014   Data   RW         3189    .data               task_polityhigh.o
    0x20000338   COMPRESSED   0x00000034   Data   RW         3237    .data               task_fb_protect.o
    0x2000036c   COMPRESSED   0x0000000c   Data   RW         3303    .data               task_protect.o
    0x20000378   COMPRESSED   0x00000001   Data   RW         3347    .data               fal.o
    0x20000379   COMPRESSED   0x00000001   Data   RW         3379    .data               fal_flash.o
    0x2000037a   COMPRESSED   0x00000002   PAD
    0x2000037c   COMPRESSED   0x0000000c   Data   RW         3412    .data               fal_partition.o
    0x20000388   COMPRESSED   0x00000001   Data   RW         3799    .data               easyflash.o
    0x20000389   COMPRESSED   0x00000003   PAD
    0x2000038c   COMPRESSED   0x00000010   Data   RW         3874    .data               ef_env.o
    0x2000039c   COMPRESSED   0x00000004   Data   RW         4201    .data               ef_port.o
    0x200003a0   COMPRESSED   0x0000000c   Data   RW         4610    .data               stm32f1xx_hal.o
    0x200003ac   COMPRESSED   0x00000004   Data   RW         7183    .data               system_stm32f1xx.o
    0x200003b0        -       0x00000074   Zero   RW          410    .bss                adc.o
    0x20000424        -       0x00000014   Zero   RW          452    .bss                dac.o
    0x20000438        -       0x00000168   Zero   RW          555    .bss                tim.o
    0x200005a0        -       0x00000164   Zero   RW          635    .bss                usart.o
    0x20000704        -       0x0000000c   Zero   RW         1210    .bss                bsp_adc.o
    0x20000710        -       0x00000080   Zero   RW         1362    .bss                bsp_uart.o
    0x20000790        -       0x00000080   Zero   RW         1363    .bss                bsp_uart.o
    0x20000810        -       0x00000080   Zero   RW         1364    .bss                bsp_uart.o
    0x20000890        -       0x00000020   Zero   RW         1365    .bss                bsp_uart.o
    0x200008b0        -       0x00000020   Zero   RW         1366    .bss                bsp_uart.o
    0x200008d0        -       0x00000020   Zero   RW         1367    .bss                bsp_uart.o
    0x200008f0        -       0x00000020   Zero   RW         1368    .bss                bsp_uart.o
    0x20000910        -       0x00000020   Zero   RW         1369    .bss                bsp_uart.o
    0x20000930        -       0x00000020   Zero   RW         1370    .bss                bsp_uart.o
    0x20000950        -       0x00000020   Zero   RW         1371    .bss                bsp_uart.o
    0x20000970        -       0x0000000c   Zero   RW         1554    .bss                bsp_fan.o
    0x2000097c        -       0x00000020   Zero   RW         1820    .bss                app_key.o
    0x2000099c        -       0x00000024   Zero   RW         2192    .bss                app_led.o
    0x200009c0        -       0x00000020   Zero   RW         2291    .bss                app_fan.o
    0x200009e0        -       0x00000020   Zero   RW         2803    .bss                task_console.o
    0x20000a00        -       0x00000018   Zero   RW         3411    .bss                fal_partition.o
    0x20000a18        -       0x00000174   Zero   RW         3873    .bss                ef_env.o
    0x20000b8c   COMPRESSED   0x00000004   PAD
    0x20000b90        -       0x00000020   Zero   RW         5316    .bss                stm32f1xx_hal_flash.o
    0x20000bb0        -       0x00000060   Zero   RW         7416    .bss                c_w.l(libspace.o)
    0x20000c10        -       0x00000200   Zero   RW            2    HEAP                startup_stm32f103xe.o
    0x20000e10        -       0x00000400   Zero   RW            1    STACK               startup_stm32f103xe.o


==============================================================================

Image component sizes


      Code (inc. data)   RO Data    RW Data    ZI Data      Debug   Object Name

       360         32          0          0        116       1787   adc.o
       124         10          0          2          0       2253   app_acvoltage.o
       240         22          6          8          0       3042   app_buzzer.o
         2          0          0          0          0        454   app_callback.o
       222          0          0          0          0       2266   app_common.o
        12          4          0          1          0        972   app_factory.o
       108         10          0          0         32       1485   app_fan.o
       140         20          0          2          0       2802   app_handpiece.o
       300         26          8          0         32       3757   app_key.o
       590         92         10         70          0      10119   app_laser.o
       668         60          0          8         36       5075   app_led.o
        88         20          0         12          0       1952   app_mos.o
       484         56          0         16          0       7211   app_operate.o
       280         30        100          8          0       6841   app_protect.o
       136         16          0          2          0       2803   app_safelocker.o
        94         14          0         26          0       2660   app_voltagedetection.o
        64         14        200          0         12       2087   bsp_adc.o
        46          4         12          0          0       1631   bsp_buzzer.o
        82          8          0          4          0       3165   bsp_common.o
       112         10         32          0          0       1687   bsp_dac.o
       610         52         32          0         12       5879   bsp_fan.o
       136         18          0          4          0       2595   bsp_frequency.o
        42          6         12          0          0       1617   bsp_handpiece.o
        54          6         24          0          0       1559   bsp_key.o
       230          8         24          0          0       2267   bsp_led.o
        42          6         12          0          0       1618   bsp_safelocker.o
       464         40         72         96        608       7981   bsp_uart.o
        80          6          0          0          0        853   configflag.o
       164         20          0          0         20       1543   dac.o
        60          4          0          0          0        718   dma.o
        52          6          0          1          0        993   easyflash.o
      3896        150          0         16        372      36846   ef_env.o
       136         30         23          4          0       4645   ef_port.o
        36          4       1024          0          0       1104   ef_utils.o
        40          4          0          1          0       3011   fal.o
        84         12          4          1          0       1773   fal_flash.o
       188          8         56          0          0       4301   fal_flash_stm32_port.o
       352         32        384         12         24       5699   fal_partition.o
        76          0          0          0          0        955   filter.o
       276         16          0          0          0        979   gpio.o
       372         68          0          0          0     533823   main.o
       194          0          0          0          0       3907   ringbuffer.o
        64         26        304          0       1536        788   startup_stm32f103xe.o
       164         28          0         12          0       6325   stm32f1xx_hal.o
      1792        248          0          0          0       8534   stm32f1xx_hal_adc.o
       316         78          0          0          0       1422   stm32f1xx_hal_adc_ex.o
       600        264          0          0          0      30164   stm32f1xx_hal_cortex.o
       768        292          0          0          0       4257   stm32f1xx_hal_dac.o
      1640        160          0          0          0       5641   stm32f1xx_hal_dma.o
       540        124          0          0         32       5088   stm32f1xx_hal_flash.o
       544        172          0          0          0       3001   stm32f1xx_hal_flash_ex.o
      1044        258          0          0          0       3635   stm32f1xx_hal_gpio.o
        60          8          0          0          0        834   stm32f1xx_hal_msp.o
      1858        196         18          0          0       5264   stm32f1xx_hal_rcc.o
       684        150         18          0          0       2513   stm32f1xx_hal_rcc_ex.o
      6112       1200          0          0          0      21742   stm32f1xx_hal_tim.o
      1178        306          0          0          0       5470   stm32f1xx_hal_tim_ex.o
      1578        164          0          0          0      11437   stm32f1xx_hal_uart.o
       754         66          0          0          0      11731   stm32f1xx_it.o
        16          8         24          4          0       1143   system_stm32f1xx.o
       112         10          0         76          0       2546   task.o
        18          0          0          0          0        488   task_common.o
       496         40          0         20         32       2987   task_console.o
        92          8          0         36          0       1653   task_devicedetection.o
        36          4          0         12          0       1005   task_devicerun.o
       334         34          0         52          0       4998   task_fb_protect.o
      1584        118          0        356          0      25132   task_feedback.o
       280          4          0         40          0       5656   task_heartbeatmessage.o
       232          4          0         20          0       2034   task_polityhigh.o
        48          6          0         12          0       1011   task_protect.o
      1284        110          0          0        360       5834   tim.o
       692         72          0          0        356       3668   usart.o

    ----------------------------------------------------------------------
     36742       5102       2436        944       3584     874716   Object Totals
         0          0         32          0          0          0   (incl. Generated)
        86          0          5         10          4          0   (incl. Padding)

    ----------------------------------------------------------------------

      Code (inc. data)   RO Data    RW Data    ZI Data      Debug   Library Member Name

        24          4          0          0          0         84   __2printf.o
        90          0          0          0          0          0   __dczerorl2.o
         8          0          0          0          0         68   __main.o
       392          4         17          0          0         92   __printf_flags_ss_wp.o
        14          0          0          0          0         68   __printf_wp.o
         0          0          0          0          0          0   __rtentry.o
        12          0          0          0          0          0   __rtentry2.o
         6          0          0          0          0          0   __rtentry4.o
        52          8          0          0          0          0   __scatter.o
        28          0          0          0          0          0   __scatter_zi.o
        44          0          0          0          0        108   _printf_char.o
        48          6          0          0          0         96   _printf_char_common.o
        36          4          0          0          0         80   _printf_char_file.o
         6          0          0          0          0          0   _printf_d.o
       120         16          0          0          0         92   _printf_dec.o
       178          0          0          0          0         88   _printf_intcommon.o
         0          0          0          0          0          0   _printf_percent.o
         4          0          0          0          0          0   _printf_percent_end.o
         6          0          0          0          0          0   _printf_s.o
        82          0          0          0          0         80   _printf_str.o
        16          0          0          0          0         68   aeabi_memset.o
        18          0          0          0          0         80   exit.o
         8          0          0          0          0         68   ferror.o
         6          0          0          0          0        152   heapauxi.o
         2          0          0          0          0          0   libinit.o
         2          0          0          0          0          0   libinit2.o
         2          0          0          0          0          0   libshutdown.o
         2          0          0          0          0          0   libshutdown2.o
         8          4          0          0         96         68   libspace.o
        38          0          0          0          0         68   llushr.o
        68          0          0          0          0         68   rt_memclr.o
        78          0          0          0          0         80   rt_memclr_w.o
       138          0          0          0          0         68   rt_memcpy_v6.o
       100          0          0          0          0         80   rt_memcpy_w.o
         2          0          0          0          0          0   rtexit.o
        10          0          0          0          0          0   rtexit2.o
       128          0          0          0          0         68   strcmpv7m.o
        62          0          0          0          0         76   strlen.o
       150          0          0          0          0         80   strncmp.o
        86          0          0          0          0         76   strncpy.o
        74          0          0          0          0         80   sys_stackheap_outer.o
         2          0          0          0          0         68   use_no_semi.o
         2          0          0          0          0         68   use_no_semi_2.o

    ----------------------------------------------------------------------
      2162         46         20          0         96       2172   Library Totals
        10          0          3          0          0          0   (incl. Padding)

    ----------------------------------------------------------------------

      Code (inc. data)   RO Data    RW Data    ZI Data      Debug   Library Name

      2152         46         17          0         96       2172   c_w.l

    ----------------------------------------------------------------------
      2162         46         20          0         96       2172   Library Totals

    ----------------------------------------------------------------------

==============================================================================


      Code (inc. data)   RO Data    RW Data    ZI Data      Debug   

     38904       5148       2456        944       3680     853952   Grand Totals
     38904       5148       2456        528       3680     853952   ELF Image Totals (compressed)
     38904       5148       2456        528          0          0   ROM Totals

==============================================================================

    Total RO  Size (Code + RO Data)                41360 (  40.39kB)
    Total RW  Size (RW Data + ZI Data)              4624 (   4.52kB)
    Total ROM Size (Code + RO Data + RW Data)      41888 (  40.91kB)

==============================================================================

