Component: ARM Compiler 5.06 update 7 (build 960) Tool: armlink [4d3601]

==============================================================================

Section Cross References

    main.o(i.Remap_INT) refers to rt_memcpy.o(.emb_text) for __aeabi_memcpy4
    main.o(i.SystemClock_Config) refers to stm32f0xx_hal_rcc.o(i.HAL_RCC_OscConfig) for HAL_RCC_OscConfig
    main.o(i.SystemClock_Config) refers to stm32f0xx_hal_rcc.o(i.HAL_RCC_ClockConfig) for HAL_RCC_ClockConfig
    main.o(i.main) refers to rt_memcpy.o(.emb_text) for __aeabi_memcpy4
    main.o(i.main) refers to stm32f0xx_hal.o(i.HAL_Init) for HAL_Init
    main.o(i.main) refers to main.o(i.SystemClock_Config) for SystemClock_Config
    main.o(i.main) refers to gpio.o(i.MX_GPIO_Init) for MX_GPIO_Init
    main.o(i.main) refers to dma.o(i.MX_DMA_Init) for MX_DMA_Init
    main.o(i.main) refers to tim.o(i.MX_TIM6_Init) for MX_TIM6_Init
    main.o(i.main) refers to usart.o(i.MX_USART2_UART_Init) for MX_USART2_UART_Init
    main.o(i.main) refers to adc.o(i.MX_ADC_Init) for MX_ADC_Init
    main.o(i.main) refers to tim.o(i.MX_TIM14_Init) for MX_TIM14_Init
    main.o(i.main) refers to stm32f0xx_hal_cortex.o(i.HAL_NVIC_SetPriority) for HAL_NVIC_SetPriority
    main.o(i.main) refers to stm32f0xx_hal_cortex.o(i.HAL_NVIC_EnableIRQ) for HAL_NVIC_EnableIRQ
    main.o(i.main) refers to flash_stm32_port.o(i.FLASH_Read) for FLASH_Read
    main.o(i.main) refers to flash_stm32_port.o(i.FLASH_Init) for FLASH_Init
    main.o(i.main) refers to flash_stm32_port.o(i.FLASH_Erase) for FLASH_Erase
    main.o(i.main) refers to flash_stm32_port.o(i.FLASH_Write) for FLASH_Write
    main.o(i.main) refers to bsp_common.o(i.BSP_Init) for BSP_Init
    main.o(i.main) refers to app_common.o(i.APP_Init) for APP_Init
    main.o(i.main) refers to stm32f0xx_hal_tim.o(i.HAL_TIM_Base_Start_IT) for HAL_TIM_Base_Start_IT
    main.o(i.main) refers to task.o(i.Task_Pro_Handler_Callback) for Task_Pro_Handler_Callback
    main.o(i.main) refers to tim.o(.bss) for htim6
    gpio.o(i.MX_GPIO_Init) refers to stm32f0xx_hal_gpio.o(i.HAL_GPIO_WritePin) for HAL_GPIO_WritePin
    gpio.o(i.MX_GPIO_Init) refers to stm32f0xx_hal_gpio.o(i.HAL_GPIO_Init) for HAL_GPIO_Init
    gpio.o(i.MX_GPIO_Init) refers to stm32f0xx_hal_cortex.o(i.HAL_NVIC_SetPriority) for HAL_NVIC_SetPriority
    gpio.o(i.MX_GPIO_Init) refers to stm32f0xx_hal_cortex.o(i.HAL_NVIC_EnableIRQ) for HAL_NVIC_EnableIRQ
    adc.o(i.HAL_ADC_MspDeInit) refers to stm32f0xx_hal_gpio.o(i.HAL_GPIO_DeInit) for HAL_GPIO_DeInit
    adc.o(i.HAL_ADC_MspDeInit) refers to stm32f0xx_hal_dma.o(i.HAL_DMA_DeInit) for HAL_DMA_DeInit
    adc.o(i.HAL_ADC_MspDeInit) refers to stm32f0xx_hal_cortex.o(i.HAL_NVIC_DisableIRQ) for HAL_NVIC_DisableIRQ
    adc.o(i.HAL_ADC_MspInit) refers to stm32f0xx_hal_gpio.o(i.HAL_GPIO_Init) for HAL_GPIO_Init
    adc.o(i.HAL_ADC_MspInit) refers to stm32f0xx_hal_dma.o(i.HAL_DMA_Init) for HAL_DMA_Init
    adc.o(i.HAL_ADC_MspInit) refers to main.o(i.Error_Handler) for Error_Handler
    adc.o(i.HAL_ADC_MspInit) refers to stm32f0xx_hal_cortex.o(i.HAL_NVIC_SetPriority) for HAL_NVIC_SetPriority
    adc.o(i.HAL_ADC_MspInit) refers to stm32f0xx_hal_cortex.o(i.HAL_NVIC_EnableIRQ) for HAL_NVIC_EnableIRQ
    adc.o(i.HAL_ADC_MspInit) refers to adc.o(.bss) for .bss
    adc.o(i.MX_ADC_Init) refers to stm32f0xx_hal_adc.o(i.HAL_ADC_Init) for HAL_ADC_Init
    adc.o(i.MX_ADC_Init) refers to main.o(i.Error_Handler) for Error_Handler
    adc.o(i.MX_ADC_Init) refers to stm32f0xx_hal_adc.o(i.HAL_ADC_ConfigChannel) for HAL_ADC_ConfigChannel
    adc.o(i.MX_ADC_Init) refers to stm32f0xx_hal_adc.o(i.HAL_ADC_AnalogWDGConfig) for HAL_ADC_AnalogWDGConfig
    adc.o(i.MX_ADC_Init) refers to adc.o(.bss) for .bss
    dma.o(i.MX_DMA_Init) refers to stm32f0xx_hal_cortex.o(i.HAL_NVIC_SetPriority) for HAL_NVIC_SetPriority
    dma.o(i.MX_DMA_Init) refers to stm32f0xx_hal_cortex.o(i.HAL_NVIC_EnableIRQ) for HAL_NVIC_EnableIRQ
    tim.o(i.HAL_TIM_Base_MspDeInit) refers to stm32f0xx_hal_cortex.o(i.HAL_NVIC_DisableIRQ) for HAL_NVIC_DisableIRQ
    tim.o(i.HAL_TIM_Base_MspInit) refers to stm32f0xx_hal_cortex.o(i.HAL_NVIC_SetPriority) for HAL_NVIC_SetPriority
    tim.o(i.HAL_TIM_Base_MspInit) refers to stm32f0xx_hal_cortex.o(i.HAL_NVIC_EnableIRQ) for HAL_NVIC_EnableIRQ
    tim.o(i.MX_TIM14_Init) refers to stm32f0xx_hal_tim.o(i.HAL_TIM_Base_Init) for HAL_TIM_Base_Init
    tim.o(i.MX_TIM14_Init) refers to main.o(i.Error_Handler) for Error_Handler
    tim.o(i.MX_TIM14_Init) refers to stm32f0xx_hal_tim.o(i.HAL_TIM_OnePulse_Init) for HAL_TIM_OnePulse_Init
    tim.o(i.MX_TIM14_Init) refers to tim.o(.bss) for .bss
    tim.o(i.MX_TIM6_Init) refers to stm32f0xx_hal_tim.o(i.HAL_TIM_Base_Init) for HAL_TIM_Base_Init
    tim.o(i.MX_TIM6_Init) refers to main.o(i.Error_Handler) for Error_Handler
    tim.o(i.MX_TIM6_Init) refers to tim.o(.bss) for .bss
    usart.o(i.HAL_UART_MspDeInit) refers to stm32f0xx_hal_gpio.o(i.HAL_GPIO_DeInit) for HAL_GPIO_DeInit
[...]
    .ARM.Collect$$rtentry$$0000000A          0x0800513e   Section        4  __rtentry2.o(.ARM.Collect$$rtentry$$0000000A)
    .ARM.Collect$$rtentry$$0000000C          0x08005142   Section        0  __rtentry2.o(.ARM.Collect$$rtentry$$0000000C)
    .ARM.Collect$$rtentry$$0000000D          0x08005142   Section        8  __rtentry2.o(.ARM.Collect$$rtentry$$0000000D)
    .ARM.Collect$$rtexit$$00000000           0x0800514a   Section        2  rtexit.o(.ARM.Collect$$rtexit$$00000000)
    .ARM.Collect$$rtexit$$00000002           0x0800514c   Section        0  rtexit2.o(.ARM.Collect$$rtexit$$00000002)
    .ARM.Collect$$rtexit$$00000003           0x0800514c   Section        4  rtexit2.o(.ARM.Collect$$rtexit$$00000003)
    .ARM.Collect$$rtexit$$00000004           0x08005150   Section        6  rtexit2.o(.ARM.Collect$$rtexit$$00000004)
    .emb_text                                0x08005158   Section       56  rt_memcpy.o(.emb_text)
    .text                                    0x08005190   Section       56  startup_stm32f030x8.o(.text)
    .text                                    0x080051c8   Section        2  use_no_semi_2.o(.text)
    .text                                    0x080051ca   Section        0  llushr.o(.text)
    .text                                    0x080051ec   Section        0  lludiv.o(.text)
    .text                                    0x080052ee   Section      488  aeabi_sdivfast.o(.text)
    .text                                    0x080054d6   Section        0  heapauxi.o(.text)
    .text                                    0x080054dc   Section        2  use_no_semi.o(.text)
    .text                                    0x080054de   Section       62  sys_stackheap_outer.o(.text)
    .text                                    0x0800551c   Section        0  exit.o(.text)
    .text                                    0x0800552c   Section        8  libspace.o(.text)
    i.ADC1_IRQHandler                        0x08005534   Section        0  stm32f0xx_it.o(i.ADC1_IRQHandler)
    i.ADC_ConversionStop                     0x08005544   Section        0  stm32f0xx_hal_adc.o(i.ADC_ConversionStop)
    ADC_ConversionStop                       0x08005545   Thumb Code   112  stm32f0xx_hal_adc.o(i.ADC_ConversionStop)
    i.ADC_DMAConvCplt                        0x080055f4   Section        0  stm32f0xx_hal_adc.o(i.ADC_DMAConvCplt)
    ADC_DMAConvCplt                          0x080055f5   Thumb Code   108  stm32f0xx_hal_adc.o(i.ADC_DMAConvCplt)
    i.ADC_DMAError                           0x08005660   Section        0  stm32f0xx_hal_adc.o(i.ADC_DMAError)
    ADC_DMAError                             0x08005661   Thumb Code    26  stm32f0xx_hal_adc.o(i.ADC_DMAError)
    i.ADC_DMAHalfConvCplt                    0x0800567a   Section        0  stm32f0xx_hal_adc.o(i.ADC_DMAHalfConvCplt)
    ADC_DMAHalfConvCplt                      0x0800567b   Thumb Code    10  stm32f0xx_hal_adc.o(i.ADC_DMAHalfConvCplt)
    i.ADC_Disable                            0x08005684   Section        0  stm32f0xx_hal_adc.o(i.ADC_Disable)
    ADC_Disable                              0x08005685   Thumb Code   116  stm32f0xx_hal_adc.o(i.ADC_Disable)
    i.ADC_Enable                             0x080056f8   Section        0  stm32f0xx_hal_adc.o(i.ADC_Enable)
    ADC_Enable                               0x080056f9   Thumb Code   140  stm32f0xx_hal_adc.o(i.ADC_Enable)
    i.APP_FB_SetDC24VADC                     0x08005790   Section        0  task_feedback.o(i.APP_FB_SetDC24VADC)
    APP_FB_SetDC24VADC                       0x08005791   Thumb Code     8  task_feedback.o(i.APP_FB_SetDC24VADC)
    i.APP_FB_SetLaserCurADC                  0x0800579c   Section        0  task_feedback.o(i.APP_FB_SetLaserCurADC)
    APP_FB_SetLaserCurADC                    0x0800579d   Thumb Code     8  task_feedback.o(i.APP_FB_SetLaserCurADC)
    i.APP_FB_SetLaserPulseWidth              0x080057a8   Section        0  task_feedback.o(i.APP_FB_SetLaserPulseWidth)
    APP_FB_SetLaserPulseWidth                0x080057a9   Thumb Code     8  task_feedback.o(i.APP_FB_SetLaserPulseWidth)
    i.APP_Init                               0x080057b4   Section        0  app_common.o(i.APP_Init)
    i.APP_IsSystemRun                        0x080057bc   Section        0  app_operate.o(i.APP_IsSystemRun)
    i.APP_Laser_Init                         0x080057c8   Section        0  app_laser.o(i.APP_Laser_Init)
    i.APP_Laser_WriteCurThreshold            0x080057e4   Section        0  app_laser.o(i.APP_Laser_WriteCurThreshold)
    i.APP_Laser_WritePulseWidth              0x080057f8   Section        0  app_laser.o(i.APP_Laser_WritePulseWidth)
    i.APP_SetDC24VADC                        0x08005808   Section        0  task_feedback.o(i.APP_SetDC24VADC)
    APP_SetDC24VADC                          0x08005809   Thumb Code    12  task_feedback.o(i.APP_SetDC24VADC)
    i.APP_SetLaserCurADC                     0x08005814   Section        0  task_feedback.o(i.APP_SetLaserCurADC)
    APP_SetLaserCurADC                       0x08005815   Thumb Code    36  task_feedback.o(i.APP_SetLaserCurADC)
    i.APP_SetLaserPulseWidth                 0x08005838   Section        0  task_feedback.o(i.APP_SetLaserPulseWidth)
    APP_SetLaserPulseWidth                   0x08005839   Thumb Code    26  task_feedback.o(i.APP_SetLaserPulseWidth)
    i.APP_SystemRunSet                       0x08005854   Section        0  app_operate.o(i.APP_SystemRunSet)
    i.App_Matching                           0x08005864   Section        0  task_feedback.o(i.App_Matching)
    i.App_ProductDate                        0x080058ac   Section        0  task_feedback.o(i.App_ProductDate)
    App_ProductDate                          0x080058ad   Thumb Code    12  task_feedback.o(i.App_ProductDate)
    i.App_SystemReset                        0x080058b8   Section        0  task_feedback.o(i.App_SystemReset)
    App_SystemReset                          0x080058b9   Thumb Code    12  task_feedback.o(i.App_SystemReset)
    i.App_Updata                             0x080058c4   Section        0  task_feedback.o(i.App_Updata)
    App_Updata                               0x080058c5   Thumb Code    18  task_feedback.o(i.App_Updata)
    i.App_Version                            0x080058d6   Section        0  task_feedback.o(i.App_Version)
    App_Version                              0x080058d7   Thumb Code    12  task_feedback.o(i.App_Version)
    i.BSP_Adc_Disable                        0x080058e4   Section        0  bsp_adc.o(i.BSP_Adc_Disable)
    i.BSP_Adc_Enable                         0x080058f4   Section        0  bsp_adc.o(i.BSP_Adc_Enable)
    i.BSP_Adc_Init                           0x0800590c   Section        0  bsp_adc.o(i.BSP_Adc_Init)
    i.BSP_Init                               0x08005934   Section        0  bsp_common.o(i.BSP_Init)
    i.BSP_Laser_AdcWDGSet                    0x08005944   Section        0  bsp_laser.o(i.BSP_Laser_AdcWDGSet)
    i.BSP_Laser_Enable                       0x08005998   Section        0  bsp_laser.o(i.BSP_Laser_Enable)
    i.BSP_Laser_Init                         0x080059b6   Section        0  bsp_laser.o(i.BSP_Laser_Init)
    i.BSP_Laser_TimEnable                    0x080059c8   Section        0  bsp_laser.o(i.BSP_Laser_TimEnable)
    i.BSP_Laser_TimSet                       0x08005a04   Section        0  bsp_laser.o(i.BSP_Laser_TimSet)
    i.BSP_UART_GetBuff                       0x08005a34   Section        0  bsp_uart.o(i.BSP_UART_GetBuff)
    i.BSP_UART_GetBuffSize                   0x08005a4c   Section        0  bsp_uart.o(i.BSP_UART_GetBuffSize)
    i.BSP_UART_IRQHandler                    0x08005a64   Section        0  stm32f0xx_it.o(i.BSP_UART_IRQHandler)
    i.BSP_UART_IdSearch                      0x08005c60   Section        0  bsp_uart.o(i.BSP_UART_IdSearch)
    i.BSP_UART_Receive                       0x08005c80   Section        0  bsp_uart.o(i.BSP_UART_Receive)
    i.BSP_UART_RxData                        0x08005ca8   Section        0  bsp_uart.o(i.BSP_UART_RxData)
    i.BSP_UART_TxDataToID                    0x08005cc8   Section        0  bsp_uart.o(i.BSP_UART_TxDataToID)
    i.BSP_UART_TxStart                       0x08005cec   Section        0  bsp_uart.o(i.BSP_UART_TxStart)
    i.BSP_Uart_Init                          0x08005d30   Section        0  bsp_uart.o(i.BSP_Uart_Init)
    i.DMA1_Channel1_IRQHandler               0x08005d6c   Section        0  stm32f0xx_it.o(i.DMA1_Channel1_IRQHandler)
    i.EXTI4_15_IRQHandler                    0x08005d7c   Section        0  stm32f0xx_it.o(i.EXTI4_15_IRQHandler)
    i.Enable_Feedback                        0x08005d88   Section        0  task_feedback.o(i.Enable_Feedback)
    i.Error_Handler                          0x08005da0   Section        0  main.o(i.Error_Handler)
    i.FLASH_Erase                            0x08005da4   Section        0  flash_stm32_port.o(i.FLASH_Erase)
    i.FLASH_Init                             0x08005e00   Section        0  flash_stm32_port.o(i.FLASH_Init)
    i.FLASH_Read                             0x08005e04   Section        0  flash_stm32_port.o(i.FLASH_Read)
    i.FLASH_WaitForLastOperation             0x08005e24   Section        0  stm32f0xx_hal_flash.o(i.FLASH_WaitForLastOperation)
    i.FLASH_Write                            0x08005ea0   Section        0  flash_stm32_port.o(i.FLASH_Write)
    i.GetRingBufferLen                       0x08005ee8   Section        0  ringbuffer.o(i.GetRingBufferLen)
    i.HAL_ADCEx_Calibration_Start            0x08005f04   Section        0  stm32f0xx_hal_adc_ex.o(i.HAL_ADCEx_Calibration_Start)
    i.HAL_ADC_AnalogWDGConfig                0x08006014   Section        0  stm32f0xx_hal_adc.o(i.HAL_ADC_AnalogWDGConfig)
    i.HAL_ADC_ConfigChannel                  0x08006240   Section        0  stm32f0xx_hal_adc.o(i.HAL_ADC_ConfigChannel)
    i.HAL_ADC_ConvCpltCallback               0x08006464   Section        0  stm32f0xx_hal_adc.o(i.HAL_ADC_ConvCpltCallback)
    i.HAL_ADC_ConvHalfCpltCallback           0x08006466   Section        0  stm32f0xx_hal_adc.o(i.HAL_ADC_ConvHalfCpltCallback)
    i.HAL_ADC_ErrorCallback                  0x08006468   Section        0  stm32f0xx_hal_adc.o(i.HAL_ADC_ErrorCallback)
    i.HAL_ADC_IRQHandler                     0x0800646c   Section        0  stm32f0xx_hal_adc.o(i.HAL_ADC_IRQHandler)
    i.HAL_ADC_Init                           0x080065b8   Section        0  stm32f0xx_hal_adc.o(i.HAL_ADC_Init)
    i.HAL_ADC_LevelOutOfWindowCallback       0x080068b8   Section        0  stm32f0xx_it.o(i.HAL_ADC_LevelOutOfWindowCallback)
    i.HAL_ADC_MspInit                        0x080068bc   Section        0  adc.o(i.HAL_ADC_MspInit)
    i.HAL_ADC_Start_DMA                      0x0800695c   Section        0  stm32f0xx_hal_adc.o(i.HAL_ADC_Start_DMA)
    i.HAL_ADC_Stop_DMA                       0x08006a50   Section        0  stm32f0xx_hal_adc.o(i.HAL_ADC_Stop_DMA)
    i.HAL_DMA_Abort                          0x08006b1c   Section        0  stm32f0xx_hal_dma.o(i.HAL_DMA_Abort)
    i.HAL_DMA_Abort_IT                       0x08006b5e   Section        0  stm32f0xx_hal_dma.o(i.HAL_DMA_Abort_IT)
    i.HAL_DMA_IRQHandler                     0x08006ba6   Section        0  stm32f0xx_hal_dma.o(i.HAL_DMA_IRQHandler)
    i.HAL_DMA_Init                           0x08006c4c   Section        0  stm32f0xx_hal_dma.o(i.HAL_DMA_Init)
    i.HAL_DMA_Start_IT                       0x08006dd4   Section        0  stm32f0xx_hal_dma.o(i.HAL_DMA_Start_IT)
    i.HAL_Delay                              0x08006eb4   Section        0  stm32f0xx_hal.o(i.HAL_Delay)
    i.HAL_FLASHEx_Erase                      0x08006ed8   Section        0  stm32f0xx_hal_flash_ex.o(i.HAL_FLASHEx_Erase)
    i.HAL_FLASH_Lock                         0x08007030   Section        0  stm32f0xx_hal_flash.o(i.HAL_FLASH_Lock)
    i.HAL_FLASH_OB_Launch                    0x08007044   Section        0  stm32f0xx_hal_flash.o(i.HAL_FLASH_OB_Launch)
    i.HAL_FLASH_Program                      0x08007064   Section        0  stm32f0xx_hal_flash.o(i.HAL_FLASH_Program)
    i.HAL_FLASH_Unlock                       0x08007154   Section        0  stm32f0xx_hal_flash.o(i.HAL_FLASH_Unlock)
    i.HAL_GPIO_EXTI_Callback                 0x0800717c   Section        0  stm32f0xx_it.o(i.HAL_GPIO_EXTI_Callback)
    i.HAL_GPIO_EXTI_IRQHandler               0x08007198   Section        0  stm32f0xx_hal_gpio.o(i.HAL_GPIO_EXTI_IRQHandler)
    i.HAL_GPIO_Init                          0x080071b0   Section        0  stm32f0xx_hal_gpio.o(i.HAL_GPIO_Init)
    i.HAL_GPIO_ReadPin                       0x08007438   Section        0  stm32f0xx_hal_gpio.o(i.HAL_GPIO_ReadPin)
    i.HAL_GPIO_WritePin                      0x08007490   Section        0  stm32f0xx_hal_gpio.o(i.HAL_GPIO_WritePin)
    i.HAL_GetTick                            0x080074fc   Section        0  stm32f0xx_hal.o(i.HAL_GetTick)
    i.HAL_IncTick                            0x08007508   Section        0  stm32f0xx_hal.o(i.HAL_IncTick)
    i.HAL_Init                               0x08007518   Section        0  stm32f0xx_hal.o(i.HAL_Init)
    i.HAL_InitTick                           0x08007538   Section        0  stm32f0xx_hal.o(i.HAL_InitTick)
    i.HAL_MspInit                            0x0800757c   Section        0  stm32f0xx_hal_msp.o(i.HAL_MspInit)
    i.HAL_NVIC_DisableIRQ                    0x080075a4   Section        0  stm32f0xx_hal_cortex.o(i.HAL_NVIC_DisableIRQ)
    i.HAL_NVIC_EnableIRQ                     0x0800760c   Section        0  stm32f0xx_hal_cortex.o(i.HAL_NVIC_EnableIRQ)
    i.HAL_NVIC_SetPriority                   0x0800766c   Section        0  stm32f0xx_hal_cortex.o(i.HAL_NVIC_SetPriority)
    i.HAL_RCC_ClockConfig                    0x08007700   Section        0  stm32f0xx_hal_rcc.o(i.HAL_RCC_ClockConfig)
    i.HAL_RCC_GetPCLK1Freq                   0x08007904   Section        0  stm32f0xx_hal_rcc.o(i.HAL_RCC_GetPCLK1Freq)
    i.HAL_RCC_GetSysClockFreq                0x08007924   Section        0  stm32f0xx_hal_rcc.o(i.HAL_RCC_GetSysClockFreq)
    i.HAL_RCC_OscConfig                      0x080079a4   Section        0  stm32f0xx_hal_rcc.o(i.HAL_RCC_OscConfig)
    i.HAL_SYSTICK_Config                     0x08007f84   Section        0  stm32f0xx_hal_cortex.o(i.HAL_SYSTICK_Config)
    i.HAL_TIMEx_BreakCallback                0x08007fc0   Section        0  stm32f0xx_hal_tim_ex.o(i.HAL_TIMEx_BreakCallback)
    i.HAL_TIMEx_CommutCallback               0x08007fc2   Section        0  stm32f0xx_hal_tim_ex.o(i.HAL_TIMEx_CommutCallback)
    i.HAL_TIM_Base_Init                      0x08007fc4   Section        0  stm32f0xx_hal_tim.o(i.HAL_TIM_Base_Init)
    i.HAL_TIM_Base_MspInit                   0x080080e8   Section        0  tim.o(i.HAL_TIM_Base_MspInit)
    i.HAL_TIM_Base_Start_IT                  0x08008144   Section        0  stm32f0xx_hal_tim.o(i.HAL_TIM_Base_Start_IT)
    i.HAL_TIM_IC_CaptureCallback             0x08008210   Section        0  stm32f0xx_hal_tim.o(i.HAL_TIM_IC_CaptureCallback)
    i.HAL_TIM_IRQHandler                     0x08008212   Section        0  stm32f0xx_hal_tim.o(i.HAL_TIM_IRQHandler)
    i.HAL_TIM_OC_DelayElapsedCallback        0x08008374   Section        0  stm32f0xx_hal_tim.o(i.HAL_TIM_OC_DelayElapsedCallback)
    i.HAL_TIM_OnePulse_Init                  0x08008378   Section        0  stm32f0xx_hal_tim.o(i.HAL_TIM_OnePulse_Init)
    i.HAL_TIM_OnePulse_MspInit               0x080084c4   Section        0  stm32f0xx_hal_tim.o(i.HAL_TIM_OnePulse_MspInit)
    i.HAL_TIM_PWM_PulseFinishedCallback      0x080084c6   Section        0  stm32f0xx_it.o(i.HAL_TIM_PWM_PulseFinishedCallback)
    i.HAL_TIM_PeriodElapsedCallback          0x080084c8   Section        0  stm32f0xx_it.o(i.HAL_TIM_PeriodElapsedCallback)
    i.HAL_TIM_TriggerCallback                0x080084dc   Section        0  stm32f0xx_hal_tim.o(i.HAL_TIM_TriggerCallback)
    i.HAL_UARTEx_RxEventCallback             0x080084de   Section        0  stm32f0xx_hal_uart.o(i.HAL_UARTEx_RxEventCallback)
    i.HAL_UART_ErrorCallback                 0x080084e0   Section        0  stm32f0xx_hal_uart.o(i.HAL_UART_ErrorCallback)
    i.HAL_UART_Init                          0x080084e4   Section        0  stm32f0xx_hal_uart.o(i.HAL_UART_Init)
    i.HAL_UART_MspInit                       0x080085c4   Section        0  usart.o(i.HAL_UART_MspInit)
    i.HAL_UART_Receive_DMA                   0x08008630   Section        0  stm32f0xx_hal_uart.o(i.HAL_UART_Receive_DMA)
    i.HAL_UART_RxCpltCallback                0x08008694   Section        0  stm32f0xx_hal_uart.o(i.HAL_UART_RxCpltCallback)
    i.HAL_UART_RxHalfCpltCallback            0x08008696   Section        0  stm32f0xx_hal_uart.o(i.HAL_UART_RxHalfCpltCallback)
    i.HAL_UART_Transmit_IT                   0x08008698   Section        0  stm32f0xx_hal_uart.o(i.HAL_UART_Transmit_IT)
    i.HardFault_Handler                      0x08008724   Section        0  stm32f0xx_it.o(i.HardFault_Handler)
    i.MX_ADC_Init                            0x08008728   Section        0  adc.o(i.MX_ADC_Init)
    i.MX_DMA_Init                            0x080087ec   Section        0  dma.o(i.MX_DMA_Init)
    i.MX_GPIO_Init                           0x08008814   Section        0  gpio.o(i.MX_GPIO_Init)
    i.MX_TIM14_Init                          0x08008908   Section        0  tim.o(i.MX_TIM14_Init)
    i.MX_TIM6_Init                           0x08008950   Section        0  tim.o(i.MX_TIM6_Init)
    i.MX_USART2_UART_Init                    0x08008984   Section        0  usart.o(i.MX_USART2_UART_Init)
    i.Main_Console                           0x080089c4   Section        0  task_console.o(i.Main_Console)
    Main_Console                             0x080089c5   Thumb Code   162  task_console.o(i.Main_Console)
    i.NMI_Handler                            0x08008a74   Section        0  stm32f0xx_it.o(i.NMI_Handler)
    i.PendSV_Handler                         0x08008a76   Section        0  stm32f0xx_it.o(i.PendSV_Handler)
    i.RCC_IRQHandler                         0x08008a78   Section        0  stm32f0xx_it.o(i.RCC_IRQHandler)
    i.RingBufferEmpty                        0x08008a7a   Section        0  ringbuffer.o(i.RingBufferEmpty)
    i.RingBufferGet                          0x08008a8e   Section        0  ringbuffer.o(i.RingBufferGet)
    i.RingBufferPut                          0x08008ada   Section        0  ringbuffer.o(i.RingBufferPut)
    i.SVC_Handler                            0x08008b2e   Section        0  stm32f0xx_it.o(i.SVC_Handler)
    i.SendVersion                            0x08008b30   Section        0  task_heartbeatmessage.o(i.SendVersion)
    SendVersion                              0x08008b31   Thumb Code    12  task_heartbeatmessage.o(i.SendVersion)
    i.Send_Data                              0x08008b3c   Section        0  app_common.o(i.Send_Data)
    i.SysTick_Handler                        0x08008bba   Section        0  stm32f0xx_it.o(i.SysTick_Handler)
    i.SystemClock_Config                     0x08008bc2   Section        0  main.o(i.SystemClock_Config)
    i.SystemInit                             0x08008c20   Section        0  system_stm32f0xx.o(i.SystemInit)
    i.TIM14_IRQHandler                       0x08008c24   Section        0  stm32f0xx_it.o(i.TIM14_IRQHandler)
    i.TIM6_IRQHandler                        0x08008c34   Section        0  stm32f0xx_it.o(i.TIM6_IRQHandler)
    i.TIM_Base_SetConfig                     0x08008c44   Section        0  stm32f0xx_hal_tim.o(i.TIM_Base_SetConfig)
    i.Task_Console                           0x08008ccc   Section        0  task_console.o(i.Task_Console)
    i.Task_FB_Pro_Handler_Callback           0x08008cf4   Section        0  task_feedback.o(i.Task_FB_Pro_Handler_Callback)
    i.Task_FB_ProductDate                    0x08008d30   Section        0  task_feedback.o(i.Task_FB_ProductDate)
    Task_FB_ProductDate                      0x08008d31   Thumb Code    74  task_feedback.o(i.Task_FB_ProductDate)
    i.Task_FB_SystemReady                    0x08008d84   Section        0  task_feedback.o(i.Task_FB_SystemReady)
    Task_FB_SystemReady                      0x08008d85   Thumb Code    38  task_feedback.o(i.Task_FB_SystemReady)
    i.Task_FB_SystemReset                    0x08008db0   Section        0  task_feedback.o(i.Task_FB_SystemReset)
    Task_FB_SystemReset                      0x08008db1   Thumb Code    16  task_feedback.o(i.Task_FB_SystemReset)
    i.Task_FB_Updata                         0x08008dc0   Section        0  task_feedback.o(i.Task_FB_Updata)
    Task_FB_Updata                           0x08008dc1   Thumb Code     2  task_feedback.o(i.Task_FB_Updata)
    i.Task_FB_Version                        0x08008dc4   Section        0  task_feedback.o(i.Task_FB_Version)
    Task_FB_Version                          0x08008dc5   Thumb Code    38  task_feedback.o(i.Task_FB_Version)
    i.Task_Heartbeat_Message                 0x08008df4   Section        0  task_heartbeatmessage.o(i.Task_Heartbeat_Message)
    i.Task_Marks_Handler_Callback            0x08008e38   Section        0  task.o(i.Task_Marks_Handler_Callback)
    i.Task_Pro_Handler_Callback              0x08008e6c   Section        0  task.o(i.Task_Pro_Handler_Callback)
    i.Task_SystemReady                       0x08008ea8   Section        0  task_feedback.o(i.Task_SystemReady)
    Task_SystemReady                         0x08008ea9   Thumb Code    24  task_feedback.o(i.Task_SystemReady)
    i.UART_AdvFeatureConfig                  0x08008ec0   Section        0  stm32f0xx_hal_uart.o(i.UART_AdvFeatureConfig)
    i.UART_CheckIdleState                    0x080090c4   Section        0  stm32f0xx_hal_uart.o(i.UART_CheckIdleState)
    i.UART_DMAError                          0x08009128   Section        0  stm32f0xx_hal_uart.o(i.UART_DMAError)
    UART_DMAError                            0x08009129   Thumb Code    98  stm32f0xx_hal_uart.o(i.UART_DMAError)
    i.UART_DMAReceiveCplt                    0x0800918a   Section        0  stm32f0xx_hal_uart.o(i.UART_DMAReceiveCplt)
    UART_DMAReceiveCplt                      0x0800918b   Thumb Code   146  stm32f0xx_hal_uart.o(i.UART_DMAReceiveCplt)
    i.UART_DMARxHalfCplt                     0x0800921c   Section        0  stm32f0xx_hal_uart.o(i.UART_DMARxHalfCplt)
    UART_DMARxHalfCplt                       0x0800921d   Thumb Code    28  stm32f0xx_hal_uart.o(i.UART_DMARxHalfCplt)
    i.UART_EndRxTransfer                     0x08009238   Section        0  stm32f0xx_hal_uart.o(i.UART_EndRxTransfer)
    UART_EndRxTransfer                       0x08009239   Thumb Code    94  stm32f0xx_hal_uart.o(i.UART_EndRxTransfer)
    i.UART_SetConfig                         0x08009298   Section        0  stm32f0xx_hal_uart.o(i.UART_SetConfig)
    i.UART_Start_Receive_DMA                 0x080094fc   Section        0  stm32f0xx_hal_uart.o(i.UART_Start_Receive_DMA)
    i.UART_TxISR_16BIT                       0x080095b0   Section        0  stm32f0xx_hal_uart.o(i.UART_TxISR_16BIT)
    UART_TxISR_16BIT                         0x080095b1   Thumb Code    98  stm32f0xx_hal_uart.o(i.UART_TxISR_16BIT)
    i.UART_TxISR_8BIT                        0x08009612   Section        0  stm32f0xx_hal_uart.o(i.UART_TxISR_8BIT)
    UART_TxISR_8BIT                          0x08009613   Thumb Code    94  stm32f0xx_hal_uart.o(i.UART_TxISR_8BIT)
    i.UART_WaitOnFlagUntilTimeout            0x08009670   Section        0  stm32f0xx_hal_uart.o(i.UART_WaitOnFlagUntilTimeout)
    i.USART2_IRQHandler                      0x08009768   Section        0  stm32f0xx_it.o(i.USART2_IRQHandler)
    i.__ARM_common_ll_muluu                  0x08009778   Section        0  stm32f0xx_hal_rcc.o(i.__ARM_common_ll_muluu)
    i._sys_exit                              0x080097aa   Section        0  bsp_common.o(i._sys_exit)
    i.assert_failed                          0x080097ac   Section        0  main.o(i.assert_failed)
    i.cf_Config_App_Flag                     0x080097b0   Section        0  configflag.o(i.cf_Config_App_Flag)
    i.main                                   0x080097f4   Section        0  main.o(i.main)
    .constdata                               0x080098b0   Section       16  system_stm32f0xx.o(.constdata)
    .constdata                               0x080098c0   Section        8  system_stm32f0xx.o(.constdata)
    .constdata                               0x080098c8   Section       24  bsp_uart.o(.constdata)
    .data                                    0x200000c0   Section       12  stm32f0xx_hal.o(.data)
    .data                                    0x200000cc   Section        4  system_stm32f0xx.o(.data)
    .data                                    0x200000d0   Section       12  bsp_uart.o(.data)
    .data                                    0x200000dc   Section       12  bsp_uart.o(.data)
    .data                                    0x200000e8   Section        6  bsp_adc.o(.data)
    .data                                    0x200000ee   Section        3  app_operate.o(.data)
    .data                                    0x200000f2   Section       16  app_laser.o(.data)
    .data                                    0x20000104   Section       28  task.o(.data)
    index                                    0x20000105   Data           1  task.o(.data)
    .data                                    0x20000120   Section        8  task_console.o(.data)
    TaskLocal_Total                          0x20000120   Data           1  task_console.o(.data)
    step                                     0x20000121   Data           1  task_console.o(.data)
    index                                    0x20000122   Data           1  task_console.o(.data)
    TaskLocal                                0x20000124   Data           4  task_console.o(.data)
    .data                                    0x20000128   Section      132  task_feedback.o(.data)
    s_ucAppQty                               0x20000128   Data           1  task_feedback.o(.data)
    TaskLocal_Total                          0x20000129   Data           1  task_feedback.o(.data)
    AppTable                                 0x2000012c   Data          64  task_feedback.o(.data)
    TaskLocal                                0x2000016c   Data          64  task_feedback.o(.data)
    .data                                    0x200001ac   Section        8  task_heartbeatmessage.o(.data)
    TaskLocal_Total                          0x200001ac   Data           1  task_heartbeatmessage.o(.data)
    index                                    0x200001ad   Data           1  task_heartbeatmessage.o(.data)
    TaskLocal                                0x200001b0   Data           4  task_heartbeatmessage.o(.data)
    .bss                                     0x200001b4   Section      132  adc.o(.bss)
    .bss                                     0x20000238   Section      144  tim.o(.bss)
    .bss                                     0x200002c8   Section      132  usart.o(.bss)
    .bss                                     0x20000350   Section       32  stm32f0xx_hal_flash.o(.bss)
    .bss                                     0x20000370   Section      128  bsp_uart.o(.bss)
    .bss                                     0x200003f0   Section      128  bsp_uart.o(.bss)
    .bss                                     0x20000470   Section      128  bsp_uart.o(.bss)
    .bss                                     0x200004f0   Section       16  task_console.o(.bss)
    Frame_Buf                                0x200004f0   Data          16  task_console.o(.bss)
    .bss                                     0x20000500   Section       96  libspace.o(.bss)
    HEAP                                     0x20000560   Section      512  startup_stm32f030x8.o(HEAP)
    Heap_Mem                                 0x20000560   Data         512  startup_stm32f030x8.o(HEAP)
    STACK                                    0x20000760   Section     2816  startup_stm32f030x8.o(STACK)
    Stack_Mem                                0x20000760   Data        2816  startup_stm32f030x8.o(STACK)
    __initial_sp                             0x20001260   Data           0  startup_stm32f030x8.o(STACK)

    Global Symbols

    Symbol Name                              Value     Ov Type        Size  Object(Section)

    BuildAttributes$$THM_ISAv3M$S$PE$A:L22$X:L11$S22$IEEE1$IW$USESV6$~STKCKD$USESV7$~SHL$OTIME$ROPI$EBA8$UX$STANDARDLIB$REQ8$PRES8$EABIv2 0x00000000   Number         0  anon$$obj.o ABSOLUTE
    __ARM_use_no_argv                        0x00000000   Number         0  main.o ABSOLUTE
    __ARM_exceptions_init                     - Undefined Weak Reference
    __alloca_initialize                       - Undefined Weak Reference
    __arm_fini_                               - Undefined Weak Reference
    __arm_preinit_                            - Undefined Weak Reference
    __cpp_initialize__aeabi_                  - Undefined Weak Reference
    __cxa_finalize                            - Undefined Weak Reference
    __rt_locale                               - Undefined Weak Reference
    __sigvec_lookup                           - Undefined Weak Reference
    _atexit_init                              - Undefined Weak Reference
    _call_atexit_fns                          - Undefined Weak Reference
    _clock_init                               - Undefined Weak Reference
    _fp_trap_init                             - Undefined Weak Reference
    _fp_trap_shutdown                         - Undefined Weak Reference
    _get_lc_collate                           - Undefined Weak Reference
    _get_lc_ctype                             - Undefined Weak Reference
    _get_lc_monetary                          - Undefined Weak Reference
    _get_lc_numeric                           - Undefined Weak Reference
    _get_lc_time                              - Undefined Weak Reference
    _getenv_init                              - Undefined Weak Reference
    _handle_redirection                       - Undefined Weak Reference
    _init_alloc                               - Undefined Weak Reference
    _init_user_alloc                          - Undefined Weak Reference
    _initio                                   - Undefined Weak Reference
    _rand_init                                - Undefined Weak Reference
    _signal_finish                            - Undefined Weak Reference
    _signal_init                              - Undefined Weak Reference
    _terminate_alloc                          - Undefined Weak Reference
    _terminate_user_alloc                     - Undefined Weak Reference
    _terminateio                              - Undefined Weak Reference
    __Vectors_Size                           0x000000b4   Number         0  startup_stm32f030x8.o ABSOLUTE
    __Vectors                                0x08005000   Data           4  startup_stm32f030x8.o(RESET)
    __Vectors_End                            0x080050b4   Data           0  startup_stm32f030x8.o(RESET)
    __main                                   0x080050b5   Thumb Code     8  __main.o(!!!main)
    __scatterload                            0x080050bd   Thumb Code     0  __scatter.o(!!!scatter)
    __scatterload_rt2                        0x080050bd   Thumb Code    52  __scatter.o(!!!scatter)
    __scatterload_rt2_thumb_only             0x080050bd   Thumb Code     0  __scatter.o(!!!scatter)
    __scatterload_null                       0x080050cd   Thumb Code     0  __scatter.o(!!!scatter)
    __scatterload_copy                       0x080050f9   Thumb Code    26  __scatter_copy.o(!!handler_copy)
    __scatterload_zeroinit                   0x08005115   Thumb Code    28  __scatter_zi.o(!!handler_zi)
    __rt_lib_init                            0x08005131   Thumb Code     0  libinit.o(.ARM.Collect$$libinit$$00000000)
    __rt_lib_init_alloca_1                   0x08005133   Thumb Code     0  libinit2.o(.ARM.Collect$$libinit$$0000002E)
    __rt_lib_init_argv_1                     0x08005133   Thumb Code     0  libinit2.o(.ARM.Collect$$libinit$$0000002C)
    __rt_lib_init_atexit_1                   0x08005133   Thumb Code     0  libinit2.o(.ARM.Collect$$libinit$$0000001B)
    __rt_lib_init_clock_1                    0x08005133   Thumb Code     0  libinit2.o(.ARM.Collect$$libinit$$00000021)
    __rt_lib_init_cpp_1                      0x08005133   Thumb Code     0  libinit2.o(.ARM.Collect$$libinit$$00000032)
    __rt_lib_init_exceptions_1               0x08005133   Thumb Code     0  libinit2.o(.ARM.Collect$$libinit$$00000030)
    __rt_lib_init_fp_1                       0x08005133   Thumb Code     0  libinit2.o(.ARM.Collect$$libinit$$00000002)
    __rt_lib_init_fp_trap_1                  0x08005133   Thumb Code     0  libinit2.o(.ARM.Collect$$libinit$$0000001F)
    __rt_lib_init_getenv_1                   0x08005133   Thumb Code     0  libinit2.o(.ARM.Collect$$libinit$$00000023)
    __rt_lib_init_heap_1                     0x08005133   Thumb Code     0  libinit2.o(.ARM.Collect$$libinit$$0000000A)
    __rt_lib_init_lc_collate_1               0x08005133   Thumb Code     0  libinit2.o(.ARM.Collect$$libinit$$00000011)
    __rt_lib_init_lc_ctype_1                 0x08005133   Thumb Code     0  libinit2.o(.ARM.Collect$$libinit$$00000013)
    __rt_lib_init_lc_monetary_1              0x08005133   Thumb Code     0  libinit2.o(.ARM.Collect$$libinit$$00000015)
    __rt_lib_init_lc_numeric_1               0x08005133   Thumb Code     0  libinit2.o(.ARM.Collect$$libinit$$00000017)
    __rt_lib_init_lc_time_1                  0x08005133   Thumb Code     0  libinit2.o(.ARM.Collect$$libinit$$00000019)
    __rt_lib_init_preinit_1                  0x08005133   Thumb Code     0  libinit2.o(.ARM.Collect$$libinit$$00000004)
    __rt_lib_init_rand_1                     0x08005133   Thumb Code     0  libinit2.o(.ARM.Collect$$libinit$$0000000E)
    __rt_lib_init_return                     0x08005133   Thumb Code     0  libinit2.o(.ARM.Collect$$libinit$$00000033)
    __rt_lib_init_signal_1                   0x08005133   Thumb Code     0  libinit2.o(.ARM.Collect$$libinit$$0000001D)
    __rt_lib_init_stdio_1                    0x08005133   Thumb Code     0  libinit2.o(.ARM.Collect$$libinit$$00000025)
    __rt_lib_init_user_alloc_1               0x08005133   Thumb Code     0  libinit2.o(.ARM.Collect$$libinit$$0000000C)
    __rt_lib_shutdown                        0x08005135   Thumb Code     0  libshutdown.o(.ARM.Collect$$libshutdown$$00000000)
    __rt_lib_shutdown_cpp_1                  0x08005137   Thumb Code     0  libshutdown2.o(.ARM.Collect$$libshutdown$$00000004)
    __rt_lib_shutdown_fini_1                 0x08005137   Thumb Code     0  libshutdown2.o(.ARM.Collect$$libshutdown$$00000002)
    __rt_lib_shutdown_fp_trap_1              0x08005137   Thumb Code     0  libshutdown2.o(.ARM.Collect$$libshutdown$$00000009)
    __rt_lib_shutdown_heap_1                 0x08005137   Thumb Code     0  libshutdown2.o(.ARM.Collect$$libshutdown$$00000011)
    __rt_lib_shutdown_return                 0x08005137   Thumb Code     0  libshutdown2.o(.ARM.Collect$$libshutdown$$00000012)
    __rt_lib_shutdown_signal_1               0x08005137   Thumb Code     0  libshutdown2.o(.ARM.Collect$$libshutdown$$0000000C)
    __rt_lib_shutdown_stdio_1                0x08005137   Thumb Code     0  libshutdown2.o(.ARM.Collect$$libshutdown$$00000006)
    __rt_lib_shutdown_user_alloc_1           0x08005137   Thumb Code     0  libshutdown2.o(.ARM.Collect$$libshutdown$$0000000E)
    __rt_entry                               0x08005139   Thumb Code     0  __rtentry.o(.ARM.Collect$$rtentry$$00000000)
    __rt_entry_presh_1                       0x08005139   Thumb Code     0  __rtentry2.o(.ARM.Collect$$rtentry$$00000002)
    __rt_entry_sh                            0x08005139   Thumb Code     0  __rtentry4.o(.ARM.Collect$$rtentry$$00000004)
    __rt_entry_li                            0x0800513f   Thumb Code     0  __rtentry2.o(.ARM.Collect$$rtentry$$0000000A)
    __rt_entry_postsh_1                      0x0800513f   Thumb Code     0  __rtentry2.o(.ARM.Collect$$rtentry$$00000009)
    __rt_entry_main                          0x08005143   Thumb Code     0  __rtentry2.o(.ARM.Collect$$rtentry$$0000000D)
    __rt_entry_postli_1                      0x08005143   Thumb Code     0  __rtentry2.o(.ARM.Collect$$rtentry$$0000000C)
    __rt_exit                                0x0800514b   Thumb Code     0  rtexit.o(.ARM.Collect$$rtexit$$00000000)
    __rt_exit_ls                             0x0800514d   Thumb Code     0  rtexit2.o(.ARM.Collect$$rtexit$$00000003)
    __rt_exit_prels_1                        0x0800514d   Thumb Code     0  rtexit2.o(.ARM.Collect$$rtexit$$00000002)
    __rt_exit_exit                           0x08005151   Thumb Code     0  rtexit2.o(.ARM.Collect$$rtexit$$00000004)
    __aeabi_memcpy4                          0x08005159   Thumb Code    56  rt_memcpy.o(.emb_text)
    __aeabi_memcpy8                          0x08005159   Thumb Code     0  rt_memcpy.o(.emb_text)
    Reset_Handler                            0x08005191   Thumb Code     8  startup_stm32f030x8.o(.text)
    DMA1_Channel2_3_IRQHandler               0x080051a3   Thumb Code     0  startup_stm32f030x8.o(.text)
    DMA1_Channel4_5_IRQHandler               0x080051a3   Thumb Code     0  startup_stm32f030x8.o(.text)
    EXTI0_1_IRQHandler                       0x080051a3   Thumb Code     0  startup_stm32f030x8.o(.text)
    EXTI2_3_IRQHandler                       0x080051a3   Thumb Code     0  startup_stm32f030x8.o(.text)
    FLASH_IRQHandler                         0x080051a3   Thumb Code     0  startup_stm32f030x8.o(.text)
    I2C1_IRQHandler                          0x080051a3   Thumb Code     0  startup_stm32f030x8.o(.text)
    I2C2_IRQHandler                          0x080051a3   Thumb Code     0  startup_stm32f030x8.o(.text)
    RTC_IRQHandler                           0x080051a3   Thumb Code     0  startup_stm32f030x8.o(.text)
    SPI1_IRQHandler                          0x080051a3   Thumb Code     0  startup_stm32f030x8.o(.text)
    SPI2_IRQHandler                          0x080051a3   Thumb Code     0  startup_stm32f030x8.o(.text)
    TIM15_IRQHandler                         0x080051a3   Thumb Code     0  startup_stm32f030x8.o(.text)
    TIM16_IRQHandler                         0x080051a3   Thumb Code     0  startup_stm32f030x8.o(.text)
    TIM17_IRQHandler                         0x080051a3   Thumb Code     0  startup_stm32f030x8.o(.text)
    TIM1_BRK_UP_TRG_COM_IRQHandler           0x080051a3   Thumb Code     0  startup_stm32f030x8.o(.text)
    TIM1_CC_IRQHandler                       0x080051a3   Thumb Code     0  startup_stm32f030x8.o(.text)
    TIM3_IRQHandler                          0x080051a3   Thumb Code     0  startup_stm32f030x8.o(.text)
    USART1_IRQHandler                        0x080051a3   Thumb Code     0  startup_stm32f030x8.o(.text)
    WWDG_IRQHandler                          0x080051a3   Thumb Code     0  startup_stm32f030x8.o(.text)
    __user_initial_stackheap                 0x080051a5   Thumb Code     0  startup_stm32f030x8.o(.text)
    __use_no_semihosting                     0x080051c9   Thumb Code     2  use_no_semi_2.o(.text)
    __aeabi_llsr                             0x080051cb   Thumb Code    34  llushr.o(.text)
    _ll_ushift_r                             0x080051cb   Thumb Code     0  llushr.o(.text)
    __aeabi_uldivmod                         0x080051ed   Thumb Code   258  lludiv.o(.text)
    _ll_udiv                                 0x080051ed   Thumb Code     0  lludiv.o(.text)
    __aeabi_uidiv                            0x080052ef   Thumb Code     0  aeabi_sdivfast.o(.text)
    __aeabi_uidivmod                         0x080052ef   Thumb Code    28  aeabi_sdivfast.o(.text)
    __aeabi_idiv                             0x0800530b   Thumb Code     0  aeabi_sdivfast.o(.text)
    __aeabi_idivmod                          0x0800530b   Thumb Code   460  aeabi_sdivfast.o(.text)
    __use_two_region_memory                  0x080054d7   Thumb Code     2  heapauxi.o(.text)
    __rt_heap_escrow$2region                 0x080054d9   Thumb Code     2  heapauxi.o(.text)
    __rt_heap_expand$2region                 0x080054db   Thumb Code     2  heapauxi.o(.text)
    __I$use$semihosting                      0x080054dd   Thumb Code     0  use_no_semi.o(.text)
    __use_no_semihosting_swi                 0x080054dd   Thumb Code     2  use_no_semi.o(.text)
    __user_setup_stackheap                   0x080054df   Thumb Code    62  sys_stackheap_outer.o(.text)
    exit                                     0x0800551d   Thumb Code    16  exit.o(.text)
    __user_libspace                          0x0800552d   Thumb Code     8  libspace.o(.text)
    __user_perproc_libspace                  0x0800552d   Thumb Code     0  libspace.o(.text)
    __user_perthread_libspace                0x0800552d   Thumb Code     0  libspace.o(.text)
    ADC1_IRQHandler                          0x08005535   Thumb Code    10  stm32f0xx_it.o(i.ADC1_IRQHandler)
    APP_Init                                 0x080057b5   Thumb Code     8  app_common.o(i.APP_Init)
    APP_IsSystemRun                          0x080057bd   Thumb Code     6  app_operate.o(i.APP_IsSystemRun)
    APP_Laser_Init                           0x080057c9   Thumb Code    22  app_laser.o(i.APP_Laser_Init)
    APP_Laser_WriteCurThreshold              0x080057e5   Thumb Code    14  app_laser.o(i.APP_Laser_WriteCurThreshold)
    APP_Laser_WritePulseWidth                0x080057f9   Thumb Code    12  app_laser.o(i.APP_Laser_WritePulseWidth)
    APP_SystemRunSet                         0x08005855   Thumb Code    12  app_operate.o(i.APP_SystemRunSet)
    App_Matching                             0x08005865   Thumb Code    64  task_feedback.o(i.App_Matching)
    BSP_Adc_Disable                          0x080058e5   Thumb Code    10  bsp_adc.o(i.BSP_Adc_Disable)
    BSP_Adc_Enable                           0x080058f5   Thumb Code    14  bsp_adc.o(i.BSP_Adc_Enable)
    BSP_Adc_Init                             0x0800590d   Thumb Code    30  bsp_adc.o(i.BSP_Adc_Init)
    BSP_Init                                 0x08005935   Thumb Code    16  bsp_common.o(i.BSP_Init)
    BSP_Laser_AdcWDGSet                      0x08005945   Thumb Code    74  bsp_laser.o(i.BSP_Laser_AdcWDGSet)
    BSP_Laser_Enable                         0x08005999   Thumb Code    30  bsp_laser.o(i.BSP_Laser_Enable)
    BSP_Laser_Init                           0x080059b7   Thumb Code    16  bsp_laser.o(i.BSP_Laser_Init)
    BSP_Laser_TimEnable                      0x080059c9   Thumb Code    52  bsp_laser.o(i.BSP_Laser_TimEnable)
    BSP_Laser_TimSet                         0x08005a05   Thumb Code    40  bsp_laser.o(i.BSP_Laser_TimSet)
    BSP_UART_GetBuff                         0x08005a35   Thumb Code    20  bsp_uart.o(i.BSP_UART_GetBuff)
    BSP_UART_GetBuffSize                     0x08005a4d   Thumb Code    20  bsp_uart.o(i.BSP_UART_GetBuffSize)
    BSP_UART_IRQHandler                      0x08005a65   Thumb Code   508  stm32f0xx_it.o(i.BSP_UART_IRQHandler)
    BSP_UART_IdSearch                        0x08005c61   Thumb Code    28  bsp_uart.o(i.BSP_UART_IdSearch)
    BSP_UART_Receive                         0x08005c81   Thumb Code    36  bsp_uart.o(i.BSP_UART_Receive)
    BSP_UART_RxData                          0x08005ca9   Thumb Code    28  bsp_uart.o(i.BSP_UART_RxData)
    BSP_UART_TxDataToID                      0x08005cc9   Thumb Code    30  bsp_uart.o(i.BSP_UART_TxDataToID)
    BSP_UART_TxStart                         0x08005ced   Thumb Code    62  bsp_uart.o(i.BSP_UART_TxStart)
    BSP_Uart_Init                            0x08005d31   Thumb Code    56  bsp_uart.o(i.BSP_Uart_Init)
    DMA1_Channel1_IRQHandler                 0x08005d6d   Thumb Code    10  stm32f0xx_it.o(i.DMA1_Channel1_IRQHandler)
    EXTI4_15_IRQHandler                      0x08005d7d   Thumb Code    10  stm32f0xx_it.o(i.EXTI4_15_IRQHandler)
    Enable_Feedback                          0x08005d89   Thumb Code    20  task_feedback.o(i.Enable_Feedback)
    Error_Handler                            0x08005da1   Thumb Code     2  main.o(i.Error_Handler)
    FLASH_Erase                              0x08005da5   Thumb Code    82  flash_stm32_port.o(i.FLASH_Erase)
    FLASH_Init                               0x08005e01   Thumb Code     4  flash_stm32_port.o(i.FLASH_Init)
    FLASH_Read                               0x08005e05   Thumb Code    30  flash_stm32_port.o(i.FLASH_Read)
    FLASH_WaitForLastOperation               0x08005e25   Thumb Code   116  stm32f0xx_hal_flash.o(i.FLASH_WaitForLastOperation)
    FLASH_Write                              0x08005ea1   Thumb Code    68  flash_stm32_port.o(i.FLASH_Write)
    GetRingBufferLen                         0x08005ee9   Thumb Code    26  ringbuffer.o(i.GetRingBufferLen)
    HAL_ADCEx_Calibration_Start              0x08005f05   Thumb Code   206  stm32f0xx_hal_adc_ex.o(i.HAL_ADCEx_Calibration_Start)
    HAL_ADC_AnalogWDGConfig                  0x08006015   Thumb Code   456  stm32f0xx_hal_adc.o(i.HAL_ADC_AnalogWDGConfig)
    HAL_ADC_ConfigChannel                    0x08006241   Thumb Code   458  stm32f0xx_hal_adc.o(i.HAL_ADC_ConfigChannel)
    HAL_ADC_ConvCpltCallback                 0x08006465   Thumb Code     2  stm32f0xx_hal_adc.o(i.HAL_ADC_ConvCpltCallback)
    HAL_ADC_ConvHalfCpltCallback             0x08006467   Thumb Code     2  stm32f0xx_hal_adc.o(i.HAL_ADC_ConvHalfCpltCallback)
    HAL_ADC_ErrorCallback                    0x08006469   Thumb Code     2  stm32f0xx_hal_adc.o(i.HAL_ADC_ErrorCallback)
    HAL_ADC_IRQHandler                       0x0800646d   Thumb Code   262  stm32f0xx_hal_adc.o(i.HAL_ADC_IRQHandler)
    HAL_ADC_Init                             0x080065b9   Thumb Code   700  stm32f0xx_hal_adc.o(i.HAL_ADC_Init)
    HAL_ADC_LevelOutOfWindowCallback         0x080068b9   Thumb Code     2  stm32f0xx_it.o(i.HAL_ADC_LevelOutOfWindowCallback)
    HAL_ADC_MspInit                          0x080068bd   Thumb Code   142  adc.o(i.HAL_ADC_MspInit)
    HAL_ADC_Start_DMA                        0x0800695d   Thumb Code   164  stm32f0xx_hal_adc.o(i.HAL_ADC_Start_DMA)
    HAL_ADC_Stop_DMA                         0x08006a51   Thumb Code   140  stm32f0xx_hal_adc.o(i.HAL_ADC_Stop_DMA)
    HAL_DMA_Abort                            0x08006b1d   Thumb Code    66  stm32f0xx_hal_dma.o(i.HAL_DMA_Abort)
    HAL_DMA_Abort_IT                         0x08006b5f   Thumb Code    72  stm32f0xx_hal_dma.o(i.HAL_DMA_Abort_IT)
    HAL_DMA_IRQHandler                       0x08006ba7   Thumb Code   164  stm32f0xx_hal_dma.o(i.HAL_DMA_IRQHandler)
    HAL_DMA_Init                             0x08006c4d   Thumb Code   302  stm32f0xx_hal_dma.o(i.HAL_DMA_Init)
    HAL_DMA_Start_IT                         0x08006dd5   Thumb Code   164  stm32f0xx_hal_dma.o(i.HAL_DMA_Start_IT)
    HAL_Delay                                0x08006eb5   Thumb Code    32  stm32f0xx_hal.o(i.HAL_Delay)
    HAL_FLASHEx_Erase                        0x08006ed9   Thumb Code   260  stm32f0xx_hal_flash_ex.o(i.HAL_FLASHEx_Erase)
    HAL_FLASH_Lock                           0x08007031   Thumb Code    14  stm32f0xx_hal_flash.o(i.HAL_FLASH_Lock)
    HAL_FLASH_OB_Launch                      0x08007045   Thumb Code    22  stm32f0xx_hal_flash.o(i.HAL_FLASH_OB_Launch)
    HAL_FLASH_Program                        0x08007065   Thumb Code   164  stm32f0xx_hal_flash.o(i.HAL_FLASH_Program)
    HAL_FLASH_Unlock                         0x08007155   Thumb Code    28  stm32f0xx_hal_flash.o(i.HAL_FLASH_Unlock)
    HAL_GPIO_EXTI_Callback                   0x0800717d   Thumb Code    28  stm32f0xx_it.o(i.HAL_GPIO_EXTI_Callback)
    HAL_GPIO_EXTI_IRQHandler                 0x08007199   Thumb Code    20  stm32f0xx_hal_gpio.o(i.HAL_GPIO_EXTI_IRQHandler)
    HAL_GPIO_Init                            0x080071b1   Thumb Code   558  stm32f0xx_hal_gpio.o(i.HAL_GPIO_Init)
    HAL_GPIO_ReadPin                         0x08007439   Thumb Code    28  stm32f0xx_hal_gpio.o(i.HAL_GPIO_ReadPin)
    HAL_GPIO_WritePin                        0x08007491   Thumb Code    46  stm32f0xx_hal_gpio.o(i.HAL_GPIO_WritePin)
    HAL_GetTick                              0x080074fd   Thumb Code     6  stm32f0xx_hal.o(i.HAL_GetTick)
    HAL_IncTick                              0x08007509   Thumb Code    12  stm32f0xx_hal.o(i.HAL_IncTick)
    HAL_Init                                 0x08007519   Thumb Code    26  stm32f0xx_hal.o(i.HAL_Init)
    HAL_InitTick                             0x08007539   Thumb Code    58  stm32f0xx_hal.o(i.HAL_InitTick)
    HAL_MspInit                              0x0800757d   Thumb Code    36  stm32f0xx_hal_msp.o(i.HAL_MspInit)
    HAL_NVIC_DisableIRQ                      0x080075a5   Thumb Code    40  stm32f0xx_hal_cortex.o(i.HAL_NVIC_DisableIRQ)
    HAL_NVIC_EnableIRQ                       0x0800760d   Thumb Code    32  stm32f0xx_hal_cortex.o(i.HAL_NVIC_EnableIRQ)
    HAL_NVIC_SetPriority                     0x0800766d   Thumb Code    78  stm32f0xx_hal_cortex.o(i.HAL_NVIC_SetPriority)
    HAL_RCC_ClockConfig                      0x08007701   Thumb Code   422  stm32f0xx_hal_rcc.o(i.HAL_RCC_ClockConfig)
    HAL_RCC_GetPCLK1Freq                     0x08007905   Thumb Code    20  stm32f0xx_hal_rcc.o(i.HAL_RCC_GetPCLK1Freq)
    HAL_RCC_GetSysClockFreq                  0x08007925   Thumb Code    84  stm32f0xx_hal_rcc.o(i.HAL_RCC_GetSysClockFreq)
    HAL_RCC_OscConfig                        0x080079a5   Thumb Code  1492  stm32f0xx_hal_rcc.o(i.HAL_RCC_OscConfig)
    HAL_SYSTICK_Config                       0x08007f85   Thumb Code    46  stm32f0xx_hal_cortex.o(i.HAL_SYSTICK_Config)
    HAL_TIMEx_BreakCallback                  0x08007fc1   Thumb Code     2  stm32f0xx_hal_tim_ex.o(i.HAL_TIMEx_BreakCallback)
    HAL_TIMEx_CommutCallback                 0x08007fc3   Thumb Code     2  stm32f0xx_hal_tim_ex.o(i.HAL_TIMEx_CommutCallback)
    HAL_TIM_Base_Init                        0x08007fc5   Thumb Code   206  stm32f0xx_hal_tim.o(i.HAL_TIM_Base_Init)
    HAL_TIM_Base_MspInit                     0x080080e9   Thumb Code    78  tim.o(i.HAL_TIM_Base_MspInit)
    HAL_TIM_Base_Start_IT                    0x08008145   Thumb Code   120  stm32f0xx_hal_tim.o(i.HAL_TIM_Base_Start_IT)
    HAL_TIM_IC_CaptureCallback               0x08008211   Thumb Code     2  stm32f0xx_hal_tim.o(i.HAL_TIM_IC_CaptureCallback)
    HAL_TIM_IRQHandler                       0x08008213   Thumb Code   354  stm32f0xx_hal_tim.o(i.HAL_TIM_IRQHandler)
    HAL_TIM_OC_DelayElapsedCallback          0x08008375   Thumb Code     2  stm32f0xx_hal_tim.o(i.HAL_TIM_OC_DelayElapsedCallback)
    HAL_TIM_OnePulse_Init                    0x08008379   Thumb Code   226  stm32f0xx_hal_tim.o(i.HAL_TIM_OnePulse_Init)
    HAL_TIM_OnePulse_MspInit                 0x080084c5   Thumb Code     2  stm32f0xx_hal_tim.o(i.HAL_TIM_OnePulse_MspInit)
    HAL_TIM_PWM_PulseFinishedCallback        0x080084c7   Thumb Code     2  stm32f0xx_it.o(i.HAL_TIM_PWM_PulseFinishedCallback)
    HAL_TIM_PeriodElapsedCallback            0x080084c9   Thumb Code    16  stm32f0xx_it.o(i.HAL_TIM_PeriodElapsedCallback)
    HAL_TIM_TriggerCallback                  0x080084dd   Thumb Code     2  stm32f0xx_hal_tim.o(i.HAL_TIM_TriggerCallback)
    HAL_UARTEx_RxEventCallback               0x080084df   Thumb Code     2  stm32f0xx_hal_uart.o(i.HAL_UARTEx_RxEventCallback)
    HAL_UART_ErrorCallback                   0x080084e1   Thumb Code     2  stm32f0xx_hal_uart.o(i.HAL_UART_ErrorCallback)
    HAL_UART_Init                            0x080084e5   Thumb Code   156  stm32f0xx_hal_uart.o(i.HAL_UART_Init)
    HAL_UART_MspInit                         0x080085c5   Thumb Code   100  usart.o(i.HAL_UART_MspInit)
    HAL_UART_Receive_DMA                     0x08008631   Thumb Code   100  stm32f0xx_hal_uart.o(i.HAL_UART_Receive_DMA)
    HAL_UART_RxCpltCallback                  0x08008695   Thumb Code     2  stm32f0xx_hal_uart.o(i.HAL_UART_RxCpltCallback)
    HAL_UART_RxHalfCpltCallback              0x08008697   Thumb Code     2  stm32f0xx_hal_uart.o(i.HAL_UART_RxHalfCpltCallback)
    HAL_UART_Transmit_IT                     0x08008699   Thumb Code   132  stm32f0xx_hal_uart.o(i.HAL_UART_Transmit_IT)
    HardFault_Handler                        0x08008725   Thumb Code     2  stm32f0xx_it.o(i.HardFault_Handler)
    MX_ADC_Init                              0x08008729   Thumb Code   180  adc.o(i.MX_ADC_Init)
    MX_DMA_Init                              0x080087ed   Thumb Code    36  dma.o(i.MX_DMA_Init)
    MX_GPIO_Init                             0x08008815   Thumb Code   218  gpio.o(i.MX_GPIO_Init)
    MX_TIM14_Init                            0x08008909   Thumb Code    58  tim.o(i.MX_TIM14_Init)
    MX_TIM6_Init                             0x08008951   Thumb Code    38  tim.o(i.MX_TIM6_Init)
    MX_USART2_UART_Init                      0x08008985   Thumb Code    54  usart.o(i.MX_USART2_UART_Init)
    NMI_Handler                              0x08008a75   Thumb Code     2  stm32f0xx_it.o(i.NMI_Handler)
    PendSV_Handler                           0x08008a77   Thumb Code     2  stm32f0xx_it.o(i.PendSV_Handler)
    RCC_IRQHandler                           0x08008a79   Thumb Code     2  stm32f0xx_it.o(i.RCC_IRQHandler)
    RingBufferEmpty                          0x08008a7b   Thumb Code    20  ringbuffer.o(i.RingBufferEmpty)
    RingBufferGet                            0x08008a8f   Thumb Code    76  ringbuffer.o(i.RingBufferGet)
    RingBufferPut                            0x08008adb   Thumb Code    84  ringbuffer.o(i.RingBufferPut)
    SVC_Handler                              0x08008b2f   Thumb Code     2  stm32f0xx_it.o(i.SVC_Handler)
    Send_Data                                0x08008b3d   Thumb Code   126  app_common.o(i.Send_Data)
    SysTick_Handler                          0x08008bbb   Thumb Code     8  stm32f0xx_it.o(i.SysTick_Handler)
    SystemClock_Config                       0x08008bc3   Thumb Code    94  main.o(i.SystemClock_Config)
    SystemInit                               0x08008c21   Thumb Code     2  system_stm32f0xx.o(i.SystemInit)
    TIM14_IRQHandler                         0x08008c25   Thumb Code    10  stm32f0xx_it.o(i.TIM14_IRQHandler)
    TIM6_IRQHandler                          0x08008c35   Thumb Code    10  stm32f0xx_it.o(i.TIM6_IRQHandler)
    TIM_Base_SetConfig                       0x08008c45   Thumb Code   112  stm32f0xx_hal_tim.o(i.TIM_Base_SetConfig)
    Task_Console                             0x08008ccd   Thumb Code    32  task_console.o(i.Task_Console)
    Task_FB_Pro_Handler_Callback             0x08008cf5   Thumb Code    50  task_feedback.o(i.Task_FB_Pro_Handler_Callback)
    Task_Heartbeat_Message                   0x08008df5   Thumb Code    54  task_heartbeatmessage.o(i.Task_Heartbeat_Message)
    Task_Marks_Handler_Callback              0x08008e39   Thumb Code    44  task.o(i.Task_Marks_Handler_Callback)
    Task_Pro_Handler_Callback                0x08008e6d   Thumb Code    52  task.o(i.Task_Pro_Handler_Callback)
    UART_AdvFeatureConfig                    0x08008ec1   Thumb Code   414  stm32f0xx_hal_uart.o(i.UART_AdvFeatureConfig)
    UART_CheckIdleState                      0x080090c5   Thumb Code    94  stm32f0xx_hal_uart.o(i.UART_CheckIdleState)
    UART_SetConfig                           0x08009299   Thumb Code   490  stm32f0xx_hal_uart.o(i.UART_SetConfig)
    UART_Start_Receive_DMA                   0x080094fd   Thumb Code   166  stm32f0xx_hal_uart.o(i.UART_Start_Receive_DMA)
    UART_WaitOnFlagUntilTimeout              0x08009671   Thumb Code   248  stm32f0xx_hal_uart.o(i.UART_WaitOnFlagUntilTimeout)
    USART2_IRQHandler                        0x08009769   Thumb Code    10  stm32f0xx_it.o(i.USART2_IRQHandler)
    __ARM_common_ll_muluu                    0x08009779   Thumb Code    50  stm32f0xx_hal_rcc.o(i.__ARM_common_ll_muluu)
    _sys_exit                                0x080097ab   Thumb Code     2  bsp_common.o(i._sys_exit)
    assert_failed                            0x080097ad   Thumb Code     2  main.o(i.assert_failed)
    cf_Config_App_Flag                       0x080097b1   Thumb Code    62  configflag.o(i.cf_Config_App_Flag)
    main                                     0x080097f5   Thumb Code   168  main.o(i.main)
    AHBPrescTable                            0x080098b0   Data          16  system_stm32f0xx.o(.constdata)
    APBPrescTable                            0x080098c0   Data           8  system_stm32f0xx.o(.constdata)
    g_stUartCfg                              0x080098c8   Data          24  bsp_uart.o(.constdata)
    Region$$Table$$Base                      0x080098e0   Number         0  anon$$obj.o(Region$$Table)
    Region$$Table$$Limit                     0x08009900   Number         0  anon$$obj.o(Region$$Table)
    uwTickFreq                               0x200000c0   Data           1  stm32f0xx_hal.o(.data)
    uwTickPrio                               0x200000c4   Data           4  stm32f0xx_hal.o(.data)
    uwTick                                   0x200000c8   Data           4  stm32f0xx_hal.o(.data)
    SystemCoreClock                          0x200000cc   Data           4  system_stm32f0xx.o(.data)
    s_stRx_RingBuffer0                       0x200000d0   Data          12  bsp_uart.o(.data)
    s_stTx_RingBuffer0                       0x200000dc   Data          12  bsp_uart.o(.data)
    AdcValueTab                              0x200000e8   Data           6  bsp_adc.o(.data)
    s_stSystemParametser                     0x200000ee   Data           3  app_operate.o(.data)
    s_stLaserTcb                             0x200000f2   Data          16  app_laser.o(.data)
    TaskQty                                  0x20000104   Data           1  task.o(.data)
    Task                                     0x20000108   Data          24  task.o(.data)
    hadc                                     0x200001b4   Data          64  adc.o(.bss)
    hdma_adc                                 0x200001f4   Data          68  adc.o(.bss)
    htim6                                    0x20000238   Data          72  tim.o(.bss)
    htim14                                   0x20000280   Data          72  tim.o(.bss)
    huart2                                   0x200002c8   Data         132  usart.o(.bss)
    pFlash                                   0x20000350   Data          32  stm32f0xx_hal_flash.o(.bss)
    RxBuffer0                                0x20000370   Data         128  bsp_uart.o(.bss)
    TxBuffer0                                0x200003f0   Data         128  bsp_uart.o(.bss)
    TxUartBuffer0                            0x20000470   Data         128  bsp_uart.o(.bss)
    __libspace_start                         0x20000500   Data          96  libspace.o(.bss)
    __temporary_stack_top$libspace           0x20000560   Data           0  libspace.o(.bss)



==============================================================================

Memory Map of the image

  Image Entry point : 0x080050b5

  Load Region LR_IROM1 (Base: 0x08005000, Size: 0x000049f4, Max: 0x00010000, ABSOLUTE)

    Execution Region ER_IROM1 (Exec base: 0x08005000, Load base: 0x08005000, Size: 0x00004900, Max: 0x00010000, ABSOLUTE)

    Exec Addr    Load Addr    Size         Type   Attr      Idx    E Section Name        Object

    0x08005000   0x08005000   0x000000b4   Data   RO         3569    RESET               startup_stm32f030x8.o
    0x080050b4   0x080050b4   0x00000008   Code   RO         4577  * !!!main             c_p.l(__main.o)
    0x080050bc   0x080050bc   0x0000003c   Code   RO         4750    !!!scatter          c_p.l(__scatter.o)
    0x080050f8   0x080050f8   0x0000001a   Code   RO         4752    !!handler_copy      c_p.l(__scatter_copy.o)
    0x08005112   0x08005112   0x00000002   PAD
    0x08005114   0x08005114   0x0000001c   Code   RO         4754    !!handler_zi        c_p.l(__scatter_zi.o)
    0x08005130   0x08005130   0x00000002   Code   RO         4621    .ARM.Collect$$libinit$$00000000  c_p.l(libinit.o)
    0x08005132   0x08005132   0x00000000   Code   RO         4635    .ARM.Collect$$libinit$$00000002  c_p.l(libinit2.o)
    0x08005132   0x08005132   0x00000000   Code   RO         4637    .ARM.Collect$$libinit$$00000004  c_p.l(libinit2.o)
    0x08005132   0x08005132   0x00000000   Code   RO         4640    .ARM.Collect$$libinit$$0000000A  c_p.l(libinit2.o)
    0x08005132   0x08005132   0x00000000   Code   RO         4642    .ARM.Collect$$libinit$$0000000C  c_p.l(libinit2.o)
    0x08005132   0x08005132   0x00000000   Code   RO         4644    .ARM.Collect$$libinit$$0000000E  c_p.l(libinit2.o)
    0x08005132   0x08005132   0x00000000   Code   RO         4647    .ARM.Collect$$libinit$$00000011  c_p.l(libinit2.o)
    0x08005132   0x08005132   0x00000000   Code   RO         4649    .ARM.Collect$$libinit$$00000013  c_p.l(libinit2.o)
    0x08005132   0x08005132   0x00000000   Code   RO         4651    .ARM.Collect$$libinit$$00000015  c_p.l(libinit2.o)
    0x08005132   0x08005132   0x00000000   Code   RO         4653    .ARM.Collect$$libinit$$00000017  c_p.l(libinit2.o)
    0x08005132   0x08005132   0x00000000   Code   RO         4655    .ARM.Collect$$libinit$$00000019  c_p.l(libinit2.o)
    0x08005132   0x08005132   0x00000000   Code   RO         4657    .ARM.Collect$$libinit$$0000001B  c_p.l(libinit2.o)
    0x08005132   0x08005132   0x00000000   Code   RO         4659    .ARM.Collect$$libinit$$0000001D  c_p.l(libinit2.o)
    0x08005132   0x08005132   0x00000000   Code   RO         4661    .ARM.Collect$$libinit$$0000001F  c_p.l(libinit2.o)
    0x08005132   0x08005132   0x00000000   Code   RO         4663    .ARM.Collect$$libinit$$00000021  c_p.l(libinit2.o)
    0x08005132   0x08005132   0x00000000   Code   RO         4665    .ARM.Collect$$libinit$$00000023  c_p.l(libinit2.o)
    0x08005132   0x08005132   0x00000000   Code   RO         4667    .ARM.Collect$$libinit$$00000025  c_p.l(libinit2.o)
    0x08005132   0x08005132   0x00000000   Code   RO         4671    .ARM.Collect$$libinit$$0000002C  c_p.l(libinit2.o)
    0x08005132   0x08005132   0x00000000   Code   RO         4673    .ARM.Collect$$libinit$$0000002E  c_p.l(libinit2.o)
    0x08005132   0x08005132   0x00000000   Code   RO         4675    .ARM.Collect$$libinit$$00000030  c_p.l(libinit2.o)
    0x08005132   0x08005132   0x00000000   Code   RO         4677    .ARM.Collect$$libinit$$00000032  c_p.l(libinit2.o)
    0x08005132   0x08005132   0x00000002   Code   RO         4678    .ARM.Collect$$libinit$$00000033  c_p.l(libinit2.o)
    0x08005134   0x08005134   0x00000002   Code   RO         4704    .ARM.Collect$$libshutdown$$00000000  c_p.l(libshutdown.o)
    0x08005136   0x08005136   0x00000000   Code   RO         4731    .ARM.Collect$$libshutdown$$00000002  c_p.l(libshutdown2.o)
    0x08005136   0x08005136   0x00000000   Code   RO         4733    .ARM.Collect$$libshutdown$$00000004  c_p.l(libshutdown2.o)
    0x08005136   0x08005136   0x00000000   Code   RO         4735    .ARM.Collect$$libshutdown$$00000006  c_p.l(libshutdown2.o)
    0x08005136   0x08005136   0x00000000   Code   RO         4738    .ARM.Collect$$libshutdown$$00000009  c_p.l(libshutdown2.o)
    0x08005136   0x08005136   0x00000000   Code   RO         4741    .ARM.Collect$$libshutdown$$0000000C  c_p.l(libshutdown2.o)
    0x08005136   0x08005136   0x00000000   Code   RO         4743    .ARM.Collect$$libshutdown$$0000000E  c_p.l(libshutdown2.o)
    0x08005136   0x08005136   0x00000000   Code   RO         4746    .ARM.Collect$$libshutdown$$00000011  c_p.l(libshutdown2.o)
    0x08005136   0x08005136   0x00000002   Code   RO         4747    .ARM.Collect$$libshutdown$$00000012  c_p.l(libshutdown2.o)
    0x08005138   0x08005138   0x00000000   Code   RO         4581    .ARM.Collect$$rtentry$$00000000  c_p.l(__rtentry.o)
    0x08005138   0x08005138   0x00000000   Code   RO         4591    .ARM.Collect$$rtentry$$00000002  c_p.l(__rtentry2.o)
    0x08005138   0x08005138   0x00000006   Code   RO         4603    .ARM.Collect$$rtentry$$00000004  c_p.l(__rtentry4.o)
    0x0800513e   0x0800513e   0x00000000   Code   RO         4593    .ARM.Collect$$rtentry$$00000009  c_p.l(__rtentry2.o)
    0x0800513e   0x0800513e   0x00000004   Code   RO         4594    .ARM.Collect$$rtentry$$0000000A  c_p.l(__rtentry2.o)
    0x08005142   0x08005142   0x00000000   Code   RO         4596    .ARM.Collect$$rtentry$$0000000C  c_p.l(__rtentry2.o)
    0x08005142   0x08005142   0x00000008   Code   RO         4597    .ARM.Collect$$rtentry$$0000000D  c_p.l(__rtentry2.o)
    0x0800514a   0x0800514a   0x00000002   Code   RO         4626    .ARM.Collect$$rtexit$$00000000  c_p.l(rtexit.o)
    0x0800514c   0x0800514c   0x00000000   Code   RO         4680    .ARM.Collect$$rtexit$$00000002  c_p.l(rtexit2.o)
    0x0800514c   0x0800514c   0x00000004   Code   RO         4681    .ARM.Collect$$rtexit$$00000003  c_p.l(rtexit2.o)
    0x08005150   0x08005150   0x00000006   Code   RO         4682    .ARM.Collect$$rtexit$$00000004  c_p.l(rtexit2.o)
    0x08005156   0x08005156   0x00000002   PAD
    0x08005158   0x08005158   0x00000038   Code   RO         4567    .emb_text           c_p.l(rt_memcpy.o)
    0x08005190   0x08005190   0x00000038   Code   RO         3570    .text               startup_stm32f030x8.o
    0x080051c8   0x080051c8   0x00000002   Code   RO         4561    .text               c_p.l(use_no_semi_2.o)
    0x080051ca   0x080051ca   0x00000022   Code   RO         4563    .text               c_p.l(llushr.o)
    0x080051ec   0x080051ec   0x00000102   Code   RO         4565    .text               c_p.l(lludiv.o)
    0x080052ee   0x080052ee   0x000001e8   Code   RO         4571    .text               c_p.l(aeabi_sdivfast.o)
    0x080054d6   0x080054d6   0x00000006   Code   RO         4575    .text               c_p.l(heapauxi.o)
    0x080054dc   0x080054dc   0x00000002   Code   RO         4579    .text               c_p.l(use_no_semi.o)
    0x080054de   0x080054de   0x0000003e   Code   RO         4607    .text               c_p.l(sys_stackheap_outer.o)
    0x0800551c   0x0800551c   0x00000010   Code   RO         4610    .text               c_p.l(exit.o)
    0x0800552c   0x0800552c   0x00000008   Code   RO         4622    .text               c_p.l(libspace.o)
    0x08005534   0x08005534   0x00000010   Code   RO          541    i.ADC1_IRQHandler   stm32f0xx_it.o
    0x08005544   0x08005544   0x000000b0   Code   RO          686    i.ADC_ConversionStop  stm32f0xx_hal_adc.o
    0x080055f4   0x080055f4   0x0000006c   Code   RO          687    i.ADC_DMAConvCplt   stm32f0xx_hal_adc.o
    0x08005660   0x08005660   0x0000001a   Code   RO          688    i.ADC_DMAError      stm32f0xx_hal_adc.o
    0x0800567a   0x0800567a   0x0000000a   Code   RO          689    i.ADC_DMAHalfConvCplt  stm32f0xx_hal_adc.o
    0x08005684   0x08005684   0x00000074   Code   RO          690    i.ADC_Disable       stm32f0xx_hal_adc.o
    0x080056f8   0x080056f8   0x00000098   Code   RO          691    i.ADC_Enable        stm32f0xx_hal_adc.o
    0x08005790   0x08005790   0x0000000c   Code   RO         4326    i.APP_FB_SetDC24VADC  task_feedback.o
    0x0800579c   0x0800579c   0x0000000c   Code   RO         4327    i.APP_FB_SetLaserCurADC  task_feedback.o
    0x080057a8   0x080057a8   0x0000000c   Code   RO         4328    i.APP_FB_SetLaserPulseWidth  task_feedback.o
    0x080057b4   0x080057b4   0x00000008   Code   RO         4044    i.APP_Init          app_common.o
    0x080057bc   0x080057bc   0x0000000c   Code   RO         4111    i.APP_IsSystemRun   app_operate.o
    0x080057c8   0x080057c8   0x0000001c   Code   RO         4141    i.APP_Laser_Init    app_laser.o
    0x080057e4   0x080057e4   0x00000014   Code   RO         4146    i.APP_Laser_WriteCurThreshold  app_laser.o
    0x080057f8   0x080057f8   0x00000010   Code   RO         4147    i.APP_Laser_WritePulseWidth  app_laser.o
    0x08005808   0x08005808   0x0000000c   Code   RO         4329    i.APP_SetDC24VADC   task_feedback.o
    0x08005814   0x08005814   0x00000024   Code   RO         4330    i.APP_SetLaserCurADC  task_feedback.o
    0x08005838   0x08005838   0x0000001a   Code   RO         4331    i.APP_SetLaserPulseWidth  task_feedback.o
    0x08005852   0x08005852   0x00000002   PAD
    0x08005854   0x08005854   0x00000010   Code   RO         4112    i.APP_SystemRunSet  app_operate.o
    0x08005864   0x08005864   0x00000048   Code   RO         4332    i.App_Matching      task_feedback.o
    0x080058ac   0x080058ac   0x0000000c   Code   RO         4333    i.App_ProductDate   task_feedback.o
    0x080058b8   0x080058b8   0x0000000c   Code   RO         4334    i.App_SystemReset   task_feedback.o
    0x080058c4   0x080058c4   0x00000012   Code   RO         4335    i.App_Updata        task_feedback.o
    0x080058d6   0x080058d6   0x0000000c   Code   RO         4336    i.App_Version       task_feedback.o
    0x080058e2   0x080058e2   0x00000002   PAD
    0x080058e4   0x080058e4   0x00000010   Code   RO         3949    i.BSP_Adc_Disable   bsp_adc.o
    0x080058f4   0x080058f4   0x00000018   Code   RO         3950    i.BSP_Adc_Enable    bsp_adc.o
    0x0800590c   0x0800590c   0x00000028   Code   RO         3951    i.BSP_Adc_Init      bsp_adc.o
    0x08005934   0x08005934   0x00000010   Code   RO         3773    i.BSP_Init          bsp_common.o
    0x08005944   0x08005944   0x00000054   Code   RO         3991    i.BSP_Laser_AdcWDGSet  bsp_laser.o
    0x08005998   0x08005998   0x0000001e   Code   RO         3993    i.BSP_Laser_Enable  bsp_laser.o
    0x080059b6   0x080059b6   0x00000010   Code   RO         3994    i.BSP_Laser_Init    bsp_laser.o
    0x080059c6   0x080059c6   0x00000002   PAD
    0x080059c8   0x080059c8   0x0000003c   Code   RO         3995    i.BSP_Laser_TimEnable  bsp_laser.o
    0x08005a04   0x08005a04   0x00000030   Code   RO         3996    i.BSP_Laser_TimSet  bsp_laser.o
    0x08005a34   0x08005a34   0x00000018   Code   RO         3856    i.BSP_UART_GetBuff  bsp_uart.o
    0x08005a4c   0x08005a4c   0x00000018   Code   RO         3857    i.BSP_UART_GetBuffSize  bsp_uart.o
    0x08005a64   0x08005a64   0x000001fc   Code   RO          542    i.BSP_UART_IRQHandler  stm32f0xx_it.o
    0x08005c60   0x08005c60   0x00000020   Code   RO         3858    i.BSP_UART_IdSearch  bsp_uart.o
    0x08005c80   0x08005c80   0x00000028   Code   RO         3859    i.BSP_UART_Receive  bsp_uart.o
    0x08005ca8   0x08005ca8   0x00000020   Code   RO         3860    i.BSP_UART_RxData   bsp_uart.o
    0x08005cc8   0x08005cc8   0x00000024   Code   RO         3862    i.BSP_UART_TxDataToID  bsp_uart.o
    0x08005cec   0x08005cec   0x00000044   Code   RO         3863    i.BSP_UART_TxStart  bsp_uart.o
    0x08005d30   0x08005d30   0x0000003c   Code   RO         3867    i.BSP_Uart_Init     bsp_uart.o
    0x08005d6c   0x08005d6c   0x00000010   Code   RO          543    i.DMA1_Channel1_IRQHandler  stm32f0xx_it.o
    0x08005d7c   0x08005d7c   0x0000000a   Code   RO          544    i.EXTI4_15_IRQHandler  stm32f0xx_it.o
    0x08005d86   0x08005d86   0x00000002   PAD
    0x08005d88   0x08005d88   0x00000018   Code   RO         4337    i.Enable_Feedback   task_feedback.o
    0x08005da0   0x08005da0   0x00000002   Code   RO            3    i.Error_Handler     main.o
    0x08005da2   0x08005da2   0x00000002   PAD
    0x08005da4   0x08005da4   0x0000005c   Code   RO         4520    i.FLASH_Erase       flash_stm32_port.o
    0x08005e00   0x08005e00   0x00000004   Code   RO         4521    i.FLASH_Init        flash_stm32_port.o
    0x08005e04   0x08005e04   0x0000001e   Code   RO         4522    i.FLASH_Read        flash_stm32_port.o
    0x08005e22   0x08005e22   0x00000002   PAD
    0x08005e24   0x08005e24   0x0000007c   Code   RO         1988    i.FLASH_WaitForLastOperation  stm32f0xx_hal_flash.o
    0x08005ea0   0x08005ea0   0x00000048   Code   RO         4523    i.FLASH_Write       flash_stm32_port.o
    0x08005ee8   0x08005ee8   0x0000001a   Code   RO         3672    i.GetRingBufferLen  ringbuffer.o
    0x08005f02   0x08005f02   0x00000002   PAD
    0x08005f04   0x08005f04   0x00000110   Code   RO          862    i.HAL_ADCEx_Calibration_Start  stm32f0xx_hal_adc_ex.o
    0x08006014   0x08006014   0x0000022c   Code   RO          692    i.HAL_ADC_AnalogWDGConfig  stm32f0xx_hal_adc.o
    0x08006240   0x08006240   0x00000224   Code   RO          693    i.HAL_ADC_ConfigChannel  stm32f0xx_hal_adc.o
    0x08006464   0x08006464   0x00000002   Code   RO          694    i.HAL_ADC_ConvCpltCallback  stm32f0xx_hal_adc.o
    0x08006466   0x08006466   0x00000002   Code   RO          695    i.HAL_ADC_ConvHalfCpltCallback  stm32f0xx_hal_adc.o
    0x08006468   0x08006468   0x00000002   Code   RO          697    i.HAL_ADC_ErrorCallback  stm32f0xx_hal_adc.o
    0x0800646a   0x0800646a   0x00000002   PAD
    0x0800646c   0x0800646c   0x0000014c   Code   RO          701    i.HAL_ADC_IRQHandler  stm32f0xx_hal_adc.o
    0x080065b8   0x080065b8   0x00000300   Code   RO          702    i.HAL_ADC_Init      stm32f0xx_hal_adc.o
    0x080068b8   0x080068b8   0x00000002   Code   RO          545    i.HAL_ADC_LevelOutOfWindowCallback  stm32f0xx_it.o
    0x080068ba   0x080068ba   0x00000002   PAD
    0x080068bc   0x080068bc   0x000000a0   Code   RO          402    i.HAL_ADC_MspInit   adc.o
    0x0800695c   0x0800695c   0x000000f4   Code   RO          709    i.HAL_ADC_Start_DMA  stm32f0xx_hal_adc.o
    0x08006a50   0x08006a50   0x000000cc   Code   RO          712    i.HAL_ADC_Stop_DMA  stm32f0xx_hal_adc.o
    0x08006b1c   0x08006b1c   0x00000042   Code   RO         1713    i.HAL_DMA_Abort     stm32f0xx_hal_dma.o
    0x08006b5e   0x08006b5e   0x00000048   Code   RO         1714    i.HAL_DMA_Abort_IT  stm32f0xx_hal_dma.o
    0x08006ba6   0x08006ba6   0x000000a4   Code   RO         1718    i.HAL_DMA_IRQHandler  stm32f0xx_hal_dma.o
    0x08006c4a   0x08006c4a   0x00000002   PAD
    0x08006c4c   0x08006c4c   0x00000188   Code   RO         1719    i.HAL_DMA_Init      stm32f0xx_hal_dma.o
    0x08006dd4   0x08006dd4   0x000000e0   Code   RO         1723    i.HAL_DMA_Start_IT  stm32f0xx_hal_dma.o
    0x08006eb4   0x08006eb4   0x00000024   Code   RO         1012    i.HAL_Delay         stm32f0xx_hal.o
    0x08006ed8   0x08006ed8   0x00000158   Code   RO         2079    i.HAL_FLASHEx_Erase  stm32f0xx_hal_flash_ex.o
    0x08007030   0x08007030   0x00000014   Code   RO         1992    i.HAL_FLASH_Lock    stm32f0xx_hal_flash.o
    0x08007044   0x08007044   0x00000020   Code   RO         1993    i.HAL_FLASH_OB_Launch  stm32f0xx_hal_flash.o
    0x08007064   0x08007064   0x000000f0   Code   RO         1997    i.HAL_FLASH_Program  stm32f0xx_hal_flash.o
    0x08007154   0x08007154   0x00000028   Code   RO         1999    i.HAL_FLASH_Unlock  stm32f0xx_hal_flash.o
    0x0800717c   0x0800717c   0x0000001c   Code   RO          546    i.HAL_GPIO_EXTI_Callback  stm32f0xx_it.o
    0x08007198   0x08007198   0x00000018   Code   RO         1653    i.HAL_GPIO_EXTI_IRQHandler  stm32f0xx_hal_gpio.o
    0x080071b0   0x080071b0   0x00000288   Code   RO         1654    i.HAL_GPIO_Init     stm32f0xx_hal_gpio.o
    0x08007438   0x08007438   0x00000058   Code   RO         1656    i.HAL_GPIO_ReadPin  stm32f0xx_hal_gpio.o
    0x08007490   0x08007490   0x0000006c   Code   RO         1658    i.HAL_GPIO_WritePin  stm32f0xx_hal_gpio.o
    0x080074fc   0x080074fc   0x0000000c   Code   RO         1016    i.HAL_GetTick       stm32f0xx_hal.o
    0x08007508   0x08007508   0x00000010   Code   RO         1022    i.HAL_IncTick       stm32f0xx_hal.o
    0x08007518   0x08007518   0x00000020   Code   RO         1023    i.HAL_Init          stm32f0xx_hal.o
    0x08007538   0x08007538   0x00000044   Code   RO         1024    i.HAL_InitTick      stm32f0xx_hal.o
    0x0800757c   0x0800757c   0x00000028   Code   RO          666    i.HAL_MspInit       stm32f0xx_hal_msp.o
    0x080075a4   0x080075a4   0x00000068   Code   RO         1800    i.HAL_NVIC_DisableIRQ  stm32f0xx_hal_cortex.o
    0x0800760c   0x0800760c   0x00000060   Code   RO         1801    i.HAL_NVIC_EnableIRQ  stm32f0xx_hal_cortex.o
    0x0800766c   0x0800766c   0x00000094   Code   RO         1805    i.HAL_NVIC_SetPriority  stm32f0xx_hal_cortex.o
    0x08007700   0x08007700   0x00000204   Code   RO          883    i.HAL_RCC_ClockConfig  stm32f0xx_hal_rcc.o
    0x08007904   0x08007904   0x00000020   Code   RO          890    i.HAL_RCC_GetPCLK1Freq  stm32f0xx_hal_rcc.o
    0x08007924   0x08007924   0x00000080   Code   RO          891    i.HAL_RCC_GetSysClockFreq  stm32f0xx_hal_rcc.o
    0x080079a4   0x080079a4   0x000005e0   Code   RO          894    i.HAL_RCC_OscConfig  stm32f0xx_hal_rcc.o
    0x08007f84   0x08007f84   0x0000003c   Code   RO         1809    i.HAL_SYSTICK_Config  stm32f0xx_hal_cortex.o
    0x08007fc0   0x08007fc0   0x00000002   Code   RO         2888    i.HAL_TIMEx_BreakCallback  stm32f0xx_hal_tim_ex.o
    0x08007fc2   0x08007fc2   0x00000002   Code   RO         2889    i.HAL_TIMEx_CommutCallback  stm32f0xx_hal_tim_ex.o
    0x08007fc4   0x08007fc4   0x00000124   Code   RO         2208    i.HAL_TIM_Base_Init  stm32f0xx_hal_tim.o
    0x080080e8   0x080080e8   0x0000005c   Code   RO          460    i.HAL_TIM_Base_MspInit  tim.o
    0x08008144   0x08008144   0x000000cc   Code   RO         2213    i.HAL_TIM_Base_Start_IT  stm32f0xx_hal_tim.o
    0x08008210   0x08008210   0x00000002   Code   RO         2242    i.HAL_TIM_IC_CaptureCallback  stm32f0xx_hal_tim.o
    0x08008212   0x08008212   0x00000162   Code   RO         2256    i.HAL_TIM_IRQHandler  stm32f0xx_hal_tim.o
    0x08008374   0x08008374   0x00000002   Code   RO         2259    i.HAL_TIM_OC_DelayElapsedCallback  stm32f0xx_hal_tim.o
    0x08008376   0x08008376   0x00000002   PAD
    0x08008378   0x08008378   0x0000014c   Code   RO         2273    i.HAL_TIM_OnePulse_Init  stm32f0xx_hal_tim.o
    0x080084c4   0x080084c4   0x00000002   Code   RO         2275    i.HAL_TIM_OnePulse_MspInit  stm32f0xx_hal_tim.o
    0x080084c6   0x080084c6   0x00000002   Code   RO          547    i.HAL_TIM_PWM_PulseFinishedCallback  stm32f0xx_it.o
    0x080084c8   0x080084c8   0x00000014   Code   RO          548    i.HAL_TIM_PeriodElapsedCallback  stm32f0xx_it.o
    0x080084dc   0x080084dc   0x00000002   Code   RO         2299    i.HAL_TIM_TriggerCallback  stm32f0xx_hal_tim.o
    0x080084de   0x080084de   0x00000002   Code   RO         3158    i.HAL_UARTEx_RxEventCallback  stm32f0xx_hal_uart.o
    0x080084e0   0x080084e0   0x00000002   Code   RO         3174    i.HAL_UART_ErrorCallback  stm32f0xx_hal_uart.o
    0x080084e2   0x080084e2   0x00000002   PAD
    0x080084e4   0x080084e4   0x000000e0   Code   RO         3178    i.HAL_UART_Init     stm32f0xx_hal_uart.o
    0x080085c4   0x080085c4   0x0000006c   Code   RO          504    i.HAL_UART_MspInit  usart.o
    0x08008630   0x08008630   0x00000064   Code   RO         3182    i.HAL_UART_Receive_DMA  stm32f0xx_hal_uart.o
    0x08008694   0x08008694   0x00000002   Code   RO         3185    i.HAL_UART_RxCpltCallback  stm32f0xx_hal_uart.o
    0x08008696   0x08008696   0x00000002   Code   RO         3186    i.HAL_UART_RxHalfCpltCallback  stm32f0xx_hal_uart.o
    0x08008698   0x08008698   0x0000008c   Code   RO         3189    i.HAL_UART_Transmit_IT  stm32f0xx_hal_uart.o
    0x08008724   0x08008724   0x00000002   Code   RO          550    i.HardFault_Handler  stm32f0xx_it.o
    0x08008726   0x08008726   0x00000002   PAD
    0x08008728   0x08008728   0x000000c4   Code   RO          403    i.MX_ADC_Init       adc.o
    0x080087ec   0x080087ec   0x00000028   Code   RO          439    i.MX_DMA_Init       dma.o
    0x08008814   0x08008814   0x000000f4   Code   RO          326    i.MX_GPIO_Init      gpio.o
    0x08008908   0x08008908   0x00000048   Code   RO          461    i.MX_TIM14_Init     tim.o
    0x08008950   0x08008950   0x00000034   Code   RO          462    i.MX_TIM6_Init      tim.o
    0x08008984   0x08008984   0x00000040   Code   RO          505    i.MX_USART2_UART_Init  usart.o
    0x080089c4   0x080089c4   0x000000b0   Code   RO         4298    i.Main_Console      task_console.o
    0x08008a74   0x08008a74   0x00000002   Code   RO          551    i.NMI_Handler       stm32f0xx_it.o
    0x08008a76   0x08008a76   0x00000002   Code   RO          552    i.PendSV_Handler    stm32f0xx_it.o
    0x08008a78   0x08008a78   0x00000002   Code   RO          553    i.RCC_IRQHandler    stm32f0xx_it.o
    0x08008a7a   0x08008a7a   0x00000014   Code   RO         3675    i.RingBufferEmpty   ringbuffer.o
    0x08008a8e   0x08008a8e   0x0000004c   Code   RO         3677    i.RingBufferGet     ringbuffer.o
    0x08008ada   0x08008ada   0x00000054   Code   RO         3679    i.RingBufferPut     ringbuffer.o
    0x08008b2e   0x08008b2e   0x00000002   Code   RO          554    i.SVC_Handler       stm32f0xx_it.o
    0x08008b30   0x08008b30   0x0000000c   Code   RO         4446    i.SendVersion       task_heartbeatmessage.o
    0x08008b3c   0x08008b3c   0x0000007e   Code   RO         4046    i.Send_Data         app_common.o
    0x08008bba   0x08008bba   0x00000008   Code   RO          555    i.SysTick_Handler   stm32f0xx_it.o
    0x08008bc2   0x08008bc2   0x0000005e   Code   RO            5    i.SystemClock_Config  main.o
    0x08008c20   0x08008c20   0x00000002   Code   RO         3577    i.SystemInit        system_stm32f0xx.o
    0x08008c22   0x08008c22   0x00000002   PAD
    0x08008c24   0x08008c24   0x00000010   Code   RO          556    i.TIM14_IRQHandler  stm32f0xx_it.o
    0x08008c34   0x08008c34   0x00000010   Code   RO          557    i.TIM6_IRQHandler   stm32f0xx_it.o
    0x08008c44   0x08008c44   0x00000088   Code   RO         2301    i.TIM_Base_SetConfig  stm32f0xx_hal_tim.o
    0x08008ccc   0x08008ccc   0x00000028   Code   RO         4299    i.Task_Console      task_console.o
    0x08008cf4   0x08008cf4   0x0000003c   Code   RO         4339    i.Task_FB_Pro_Handler_Callback  task_feedback.o
    0x08008d30   0x08008d30   0x00000054   Code   RO         4340    i.Task_FB_ProductDate  task_feedback.o
    0x08008d84   0x08008d84   0x0000002c   Code   RO         4341    i.Task_FB_SystemReady  task_feedback.o
    0x08008db0   0x08008db0   0x00000010   Code   RO         4342    i.Task_FB_SystemReset  task_feedback.o
    0x08008dc0   0x08008dc0   0x00000002   Code   RO         4343    i.Task_FB_Updata    task_feedback.o
    0x08008dc2   0x08008dc2   0x00000002   PAD
    0x08008dc4   0x08008dc4   0x00000030   Code   RO         4344    i.Task_FB_Version   task_feedback.o
    0x08008df4   0x08008df4   0x00000044   Code   RO         4447    i.Task_Heartbeat_Message  task_heartbeatmessage.o
    0x08008e38   0x08008e38   0x00000034   Code   RO         4231    i.Task_Marks_Handler_Callback  task.o
    0x08008e6c   0x08008e6c   0x0000003c   Code   RO         4232    i.Task_Pro_Handler_Callback  task.o
    0x08008ea8   0x08008ea8   0x00000018   Code   RO         4345    i.Task_SystemReady  task_feedback.o
    0x08008ec0   0x08008ec0   0x00000204   Code   RO         3192    i.UART_AdvFeatureConfig  stm32f0xx_hal_uart.o
    0x080090c4   0x080090c4   0x00000064   Code   RO         3193    i.UART_CheckIdleState  stm32f0xx_hal_uart.o
    0x08009128   0x08009128   0x00000062   Code   RO         3195    i.UART_DMAError     stm32f0xx_hal_uart.o
    0x0800918a   0x0800918a   0x00000092   Code   RO         3196    i.UART_DMAReceiveCplt  stm32f0xx_hal_uart.o
    0x0800921c   0x0800921c   0x0000001c   Code   RO         3198    i.UART_DMARxHalfCplt  stm32f0xx_hal_uart.o
    0x08009238   0x08009238   0x0000005e   Code   RO         3204    i.UART_EndRxTransfer  stm32f0xx_hal_uart.o
    0x08009296   0x08009296   0x00000002   PAD
    0x08009298   0x08009298   0x00000264   Code   RO         3207    i.UART_SetConfig    stm32f0xx_hal_uart.o
    0x080094fc   0x080094fc   0x000000b4   Code   RO         3208    i.UART_Start_Receive_DMA  stm32f0xx_hal_uart.o
    0x080095b0   0x080095b0   0x00000062   Code   RO         3210    i.UART_TxISR_16BIT  stm32f0xx_hal_uart.o
    0x08009612   0x08009612   0x0000005e   Code   RO         3211    i.UART_TxISR_8BIT   stm32f0xx_hal_uart.o
    0x08009670   0x08009670   0x000000f8   Code   RO         3212    i.UART_WaitOnFlagUntilTimeout  stm32f0xx_hal_uart.o
    0x08009768   0x08009768   0x00000010   Code   RO          558    i.USART2_IRQHandler  stm32f0xx_it.o
    0x08009778   0x08009778   0x00000032   Code   RO          967    i.__ARM_common_ll_muluu  stm32f0xx_hal_rcc.o
    0x080097aa   0x080097aa   0x00000002   Code   RO         3774    i._sys_exit         bsp_common.o
    0x080097ac   0x080097ac   0x00000002   Code   RO            6    i.assert_failed     main.o
    0x080097ae   0x080097ae   0x00000002   PAD
    0x080097b0   0x080097b0   0x00000044   Code   RO         3735    i.cf_Config_App_Flag  configflag.o
    0x080097f4   0x080097f4   0x000000bc   Code   RO            7    i.main              main.o
    0x080098b0   0x080098b0   0x00000010   Data   RO         3578    .constdata          system_stm32f0xx.o
    0x080098c0   0x080098c0   0x00000008   Data   RO         3579    .constdata          system_stm32f0xx.o
    0x080098c8   0x080098c8   0x00000018   Data   RO         3871    .constdata          bsp_uart.o
    0x080098e0   0x080098e0   0x00000020   Data   RO         4748    Region$$Table       anon$$obj.o


    Execution Region RW_IRAM1 (Exec base: 0x200000c0, Load base: 0x08009900, Size: 0x000011a0, Max: 0x00002000, ABSOLUTE)

    Exec Addr    Load Addr    Size         Type   Attr      Idx    E Section Name        Object

    0x200000c0   0x08009900   0x0000000c   Data   RW         1030    .data               stm32f0xx_hal.o
    0x200000cc   0x0800990c   0x00000004   Data   RW         3580    .data               system_stm32f0xx.o
    0x200000d0   0x08009910   0x0000000c   Data   RW         3872    .data               bsp_uart.o
    0x200000dc   0x0800991c   0x0000000c   Data   RW         3873    .data               bsp_uart.o
    0x200000e8   0x08009928   0x00000006   Data   RW         3954    .data               bsp_adc.o
    0x200000ee   0x0800992e   0x00000003   Data   RW         4113    .data               app_operate.o
    0x200000f1   0x08009931   0x00000001   PAD
    0x200000f2   0x08009932   0x00000010   Data   RW         4149    .data               app_laser.o
    0x20000102   0x08009942   0x00000002   PAD
    0x20000104   0x08009944   0x0000001c   Data   RW         4233    .data               task.o
    0x20000120   0x08009960   0x00000008   Data   RW         4301    .data               task_console.o
    0x20000128   0x08009968   0x00000084   Data   RW         4346    .data               task_feedback.o
    0x200001ac   0x080099ec   0x00000008   Data   RW         4448    .data               task_heartbeatmessage.o
    0x200001b4        -       0x00000084   Zero   RW          404    .bss                adc.o
    0x20000238        -       0x00000090   Zero   RW          463    .bss                tim.o
    0x200002c8        -       0x00000084   Zero   RW          506    .bss                usart.o
    0x2000034c   0x080099f4   0x00000004   PAD
    0x20000350        -       0x00000020   Zero   RW         2000    .bss                stm32f0xx_hal_flash.o
    0x20000370        -       0x00000080   Zero   RW         3868    .bss                bsp_uart.o
    0x200003f0        -       0x00000080   Zero   RW         3869    .bss                bsp_uart.o
    0x20000470        -       0x00000080   Zero   RW         3870    .bss                bsp_uart.o
    0x200004f0        -       0x00000010   Zero   RW         4300    .bss                task_console.o
    0x20000500        -       0x00000060   Zero   RW         4623    .bss                c_p.l(libspace.o)
    0x20000560        -       0x00000200   Zero   RW         3568    HEAP                startup_stm32f030x8.o
    0x20000760        -       0x00000b00   Zero   RW         3567    STACK               startup_stm32f030x8.o


==============================================================================

Image component sizes


      Code (inc. data)   RO Data    RW Data    ZI Data      Debug   Object Name

       356         34          0          0        132       1752   adc.o
       134          0          0          0          0       1715   app_common.o
        64         16          0         16          0       2395   app_laser.o
        28         10          0          3          0       1580   app_operate.o
        80         26          0          6          0       1879   bsp_adc.o
        18          0          0          0          0       2315   bsp_common.o
       238         26          0          0          0       3099   bsp_laser.o
       316         36         24         24        384       6144   bsp_uart.o
        68          6          0          0          0        589   configflag.o
        40          4          0          0          0        670   dma.o
       198         14          0          0          0       3018   flash_stm32_port.o
       244         26          0          0          0     277127   gpio.o
       286         20          0          0          0     282189   main.o
       206          0          0          0          0       3693   ringbuffer.o
        56         26        180          0       3328        584   startup_stm32f030x8.o
       164         30          0         12          0       7725   stm32f0xx_hal.o
      3246        548          0          0          0      11683   stm32f0xx_hal_adc.o
       272         66          0          0          0       1398   stm32f0xx_hal_adc_ex.o
       408        212          0          0          0      10731   stm32f0xx_hal_cortex.o
       918        150          0          0          0       4618   stm32f0xx_hal_dma.o
       456        112          0          0         32       4348   stm32f0xx_hal_flash.o
       344         84          0          0          0       2457   stm32f0xx_hal_flash_ex.o
       868        216          0          0          0       3454   stm32f0xx_hal_gpio.o
        40          4          0          0          0        774   stm32f0xx_hal_msp.o
      2230        242          0          0          0       4951   stm32f0xx_hal_rcc.o
      1326        300          0          0          0       7424   stm32f0xx_hal_tim.o
         4          0          0          0          0       1521   stm32f0xx_hal_tim_ex.o
      2686        320          0          0          0      20062   stm32f0xx_hal_uart.o
       668         34          0          0          0       8805   stm32f0xx_it.o
         2          0         24          4          0       1031   system_stm32f0xx.o
       112         16          0         28          0       2057   task.o
       216         22          0          8         16       1699   task_console.o
       538         60          0        132          0      10204   task_feedback.o
        80         14          0          8          0       1617   task_heartbeatmessage.o
       216         42          0          0        144       1909   tim.o
       172         18          0          0        132       1514   usart.o

    ----------------------------------------------------------------------
     17332       2734        260        244       4172     698731   Object Totals
         0          0         32          0          0          0   (incl. Generated)
        34          0          0          3          4          0   (incl. Padding)

    ----------------------------------------------------------------------

      Code (inc. data)   RO Data    RW Data    ZI Data      Debug   Library Member Name

         8          0          0          0          0         68   __main.o
         0          0          0          0          0          0   __rtentry.o
        12          0          0          0          0          0   __rtentry2.o
         6          0          0          0          0          0   __rtentry4.o
        60          8          0          0          0          0   __scatter.o
        26          0          0          0          0          0   __scatter_copy.o
        28          0          0          0          0          0   __scatter_zi.o
       488          0          0          0          0         92   aeabi_sdivfast.o
        16          0          0          0          0         68   exit.o
         6          0          0          0          0        136   heapauxi.o
         2          0          0          0          0          0   libinit.o
         2          0          0          0          0          0   libinit2.o
         2          0          0          0          0          0   libshutdown.o
         2          0          0          0          0          0   libshutdown2.o
         8          4          0          0         96         68   libspace.o
       258          0          0          0          0         88   lludiv.o
        34          0          0          0          0         68   llushr.o
        56          0          0          0          0         68   rt_memcpy.o
         2          0          0          0          0          0   rtexit.o
        10          0          0          0          0          0   rtexit2.o
        62          0          0          0          0         80   sys_stackheap_outer.o
         2          0          0          0          0         68   use_no_semi.o
         2          0          0          0          0         68   use_no_semi_2.o

    ----------------------------------------------------------------------
      1096         12          0          0         96        872   Library Totals
         4          0          0          0          0          0   (incl. Padding)

    ----------------------------------------------------------------------

      Code (inc. data)   RO Data    RW Data    ZI Data      Debug   Library Name

      1092         12          0          0         96        872   c_p.l

    ----------------------------------------------------------------------
      1096         12          0          0         96        872   Library Totals

    ----------------------------------------------------------------------

==============================================================================


      Code (inc. data)   RO Data    RW Data    ZI Data      Debug   

     18428       2746        260        244       4268     692227   Grand Totals
     18428       2746        260        244       4268     692227   ELF Image Totals
     18428       2746        260        244          0          0   ROM Totals

==============================================================================

    Total RO  Size (Code + RO Data)                18688 (  18.25kB)
    Total RW  Size (RW Data + ZI Data)              4512 (   4.41kB)
    Total ROM Size (Code + RO Data + RW Data)      18932 (  18.49kB)

==============================================================================

